W/ResourceType( 5498): No package identifier when getting value for resource number 0x00000000
W/PackageManager( 5498): Failure retrieving resources for com.android.dreams.basic: Resource ID #0x0
W/ResourceType( 5498): No package identifier when getting value for resource number 0x00000000
W/PackageManager( 5498): Failure retrieving resources for com.android.vpndialogs: Resource ID #0x0
W/ResourceType( 5498): No package identifier when getting value for resource number 0x00000000
W/PackageManager( 5498): Failure retrieving resources for com.android.browser.provider: Resource ID #0x0
W/ResourceType( 5498): No package identifier when getting value for resource number 0x00000000
W/PackageManager( 5498): Failure retrieving resources for com.sec.factory: Resource ID #0x0
W/ResourceType( 5498): No package identifier when getting value for resource number 0x00000000
W/PackageManager( 5498): Failure retrieving resources for com.sec.phone: Resource ID #0x0
D/OpenGLRenderer( 5498): Enabling debug mode 0
W/ResourceType( 5498): No package identifier when getting value for resource number 0x00000000
W/PackageManager( 5498): Failure retrieving resources for com.sec.bcservice: Resource ID #0x0
W/ResourceType( 5498): No package identifier when getting value for resource number 0x00000000
W/PackageManager( 5498): Failure retrieving resources for com.android.defcontainer: Resource ID #0x0
W/ResourceType( 5498): No package identifier when getting value for resource number 0x00000000
W/PackageManager( 5498): Failure retrieving resources for com.android.certinstaller: Resource ID #0x0
W/ResourceType( 5498): No package identifier when getting value for resource number 0x00000000
W/PackageManager( 5498): Failure retrieving resources for com.android.phasebeamorange: Resource ID #0x0
W/ResourceType( 5498): No package identifier when getting value for resource number 0x00000000
W/PackageManager( 5498): Failure retrieving resources for com.google.android.gsf: Resource ID #0x0
W/ResourceType( 5498): No package identifier when getting value for resource number 0x00000000
W/PackageManager( 5498): Failure retrieving resources for com.sec.android.app.factorykeystring: Resource ID #0x0
W/ResourceType( 5498): No package identifier when getting value for resource number 0x00000000
W/PackageManager( 5498): Failure retrieving resources for com.android.htmlviewer: Resource ID #0x0
W/ResourceType( 5498): No package identifier when getting value for resource number 0x00000000
W/PackageManager( 5498): Failure retrieving resources for com.android.location.fused: Resource ID #0x0
W/ResourceType( 5498): No package identifier when getting value for resource number 0x00000000
W/PackageManager( 5498): Failure retrieving resources for com.qualcomm.interfacepermissions: Resource ID #0x0
W/ResourceType( 5498): No package identifier when getting value for resource number 0x00000000
W/PackageManager( 5498): Failure retrieving resources for com.sec.automation: Resource ID #0x0
W/ResourceType( 5498): No package identifier when getting value for resource number 0x00000000
W/PackageManager( 5498): Failure retrieving resources for com.android.documentsui: Resource ID #0x0
W/ResourceType( 5498): No package identifier when getting value for resource number 0x00000000
W/PackageManager( 5498): Failure retrieving resources for com.google.android.androidforwork: Resource ID #0x0
W/ResourceType( 5498): No package identifier when getting value for resource number 0x00000000
W/PackageManager( 5498): Failure retrieving resources for com.android.sharedstoragebackup: Resource ID #0x0
W/ResourceType( 5498): No package identifier when getting value for resource number 0x00000000
W/PackageManager( 5498): Failure retrieving resources for com.google.android.setupwizard: Resource ID #0x0
W/ResourceType( 5498): No package identifier when getting value for resource number 0x00000000
W/PackageManager( 5498): Failure retrieving resources for com.android.wallpapercropper: Resource ID #0x0
W/ResourceType( 5498): No package identifier when getting value for resource number 0x00000000
W/PackageManager( 5498): Failure retrieving resources for com.sec.android.app.bluetoothtest: Resource ID #0x0
W/ResourceType( 5498): No package identifier when getting value for resource number 0x00000000
W/PackageManager( 5498): Failure retrieving resources for com.sec.usbsettings: Resource ID #0x0
W/ResourceType( 5498): No package identifier when getting value for resource number 0x00000000
W/PackageManager( 5498): Failure retrieving resources for com.qualcomm.shutdownlistner: Resource ID #0x0
W/ResourceType( 5498): No package identifier when getting value for resource number 0x00000000
W/PackageManager( 5498): Failure retrieving resources for com.cyanogenmod.settings.device: Resource ID #0x0
I/art     ( 5498): Background sticky concurrent mark sweep GC freed 21952(1199KB) AllocSpace objects, 1(12KB) LOS objects, 3% free, 24MB/25MB, paused 5.615ms total 39.062ms
W/ResourceType( 5498): No package identifier when getting value for resource number 0x00000000
W/PackageManager( 5498): Failure retrieving resources for com.sec.android.app.wlantest: Resource ID #0x0
W/ResourceType( 5498): No package identifier when getting value for resource number 0x00000000
W/PackageManager( 5498): Failure retrieving resources for com.android.captiveportallogin: Resource ID #0x0
I/ActivityManager(  824): Displayed com.android.settings/.applications.InstalledAppDetails: +1s424ms
I/ServiceManager(  333): Waiting for service AtCmdFwd...
W/ResourceType( 5498): No package identifier when getting value for resource number 0x00000000
W/PackageManager( 5498): Failure retrieving resources for com.google.android.backuptransport: Resource ID #0x0
W/ResourceType( 5498): No package identifier when getting value for resource number 0x00000000
W/PackageManager( 5498): Failure retrieving resources for com.google.android.configupdater: Resource ID #0x0
W/ResourceType( 5498): No package identifier when getting value for resource number 0x00000000
W/PackageManager( 5498): Failure retrieving resources for com.android.pacprocessor: Resource ID #0x0
W/ResourceType( 5498): No package identifier when getting value for resource number 0x00000000
W/PackageManager( 5498): Failure retrieving resources for com.android.wallpaper.holospiral: Resource ID #0x0
W/ResourceType( 5498): No package identifier when getting value for resource number 0x00000000
W/PackageManager( 5498): Failure retrieving resources for com.android.mms.service: Resource ID #0x0
W/ResourceType( 5498): No package identifier when getting value for resource number 0x00000000
W/PackageManager( 5498): Failure retrieving resources for com.android.providers.media: Resource ID #0x0
W/ResourceType( 5498): No package identifier when getting value for resource number 0x00000000
W/PackageManager( 5498): Failure retrieving resources for com.sec.modem.settings: Resource ID #0x0
W/ResourceType( 5498): No package identifier when getting value for resource number 0x00000000
W/PackageManager( 5498): Failure retrieving resources for com.sec.android.app.hwmoduletest: Resource ID #0x0
W/ResourceType( 5498): No package identifier when getting value for resource number 0x00000000
W/PackageManager( 5498): Failure retrieving resources for com.google.android.partnersetup: Resource ID #0x0
W/ResourceType( 5498): No package identifier when getting value for resource number 0x00000000
W/PackageManager( 5498): Failure retrieving resources for com.google.android.gsf.login: Resource ID #0x0
W/main    ( 5547): type=1400 audit(0.0:78): avc: denied { mounton } for path="/storage/emulated/legacy" dev="fuse" ino=3063963824 scontext=u:r:init:s0 tcontext=u:object_r:fuse:s0 tclass=dir
W/main    ( 5547): type=1300 audit(0.0:78): arch=40000028 syscall=21 per=800000 success=yes exit=0 a0=affbc868 a1=bea5af0d a2=0 a3=5000 items=2 ppid=330 auid=4294967295 uid=0 gid=0 euid=0 suid=0 fsuid=0 egid=0 sgid=0 fsgid=0 tty=(none) ses=4294967295 exe="/system/bin/app_process32_original" subj=u:r:init:s0 key=(null)
W/auditd  ( 5168): type=1307 audit(0.0:78): cwd="/"
W/auditd  ( 5168): type=1302 audit(0.0:78): item=0 name="/storage/emulated/legacy" inode=3063963824 dev=00:12 mode=040775 ouid=0 ogid=1015 rdev=00:00 obj=u:object_r:fuse:s0
W/auditd  ( 5168): type=1302 audit(0.0:78): item=1 name=(null) inode=3063963744 dev=00:12 mode=040775 ouid=0 ogid=1015 rdev=00:00 obj=u:object_r:fuse:s0
W/auditd  ( 5168): type=1320 audit(0.0:78): 
W/main    ( 5547): type=1400 audit(0.0:79): avc: denied { dyntransition } for scontext=u:r:init:s0 tcontext=u:r:platform_app:s0 tclass=process
W/main    ( 5547): type=1300 audit(0.0:79): arch=40000028 syscall=4 per=800000 success=yes exit=20 a0=e a1=aff57b38 a2=14 a3=0 items=0 ppid=330 auid=4294967295 uid=10005 gid=10005 euid=10005 suid=10005 fsuid=10005 egid=10005 sgid=10005 fsgid=10005 tty=(none) ses=4294967295 exe="/system/bin/app_process32_original" subj=u:r:platform_app:s0 key=(null)
W/auditd  ( 5168): type=1320 audit(0.0:79): 
I/ActivityManager(  824): Start proc com.android.defcontainer for service com.android.defcontainer/.DefaultContainerService: pid=5547 uid=10005 gids={50005, 9997, 1028, 1015, 1023, 2001, 1035} abi=armeabi-v7a
D/StatusBar.NetworkController( 1224): onDataActivity: direction=2
D/StatusBar.NetworkController( 1224): hasService: mServiceState=0 0 home 3 3 23420  UMTS HSPAP CSS not supported -1 -1 RoamInd=-1 DefRoamInd=-1 EmergOnly=false retVal=true
D/StatusBar.NetworkController( 1224): refreshViews connected={ data } level=2 combinedSignalIconId=0x7f02021b/com.android.systemui:drawable/stat_sys_signal_2_fully combinedActivityIconId=0x7f0202c4 mobileLabel=3 wifiLabel= emergencyOnly=false combinedLabel=3 mAirplaneMode=false mDataActivity=2 mPhoneSignalIconId=0x7f02021b mQSPhoneSignalIconId=0x7f020099 mDataDirectionIconId=0x7f02012c mDataSignalIconId=0x7f02021b mDataTypeIconId=0x7f02012d mQSDataTypeIconId=0x7f02009f mNoSimIconId=0x0 mWifiIconId=0x7f0202d9 mQSWifiIconId=0x7f0200b4 mBluetoothTetherIconId=0x108069d
D/StatusBar.NetworkController( 1224): changing data overlay icon id to 2130838212
I/ServiceManager(  333): Waiting for service AtCmdFwd...
V/QcrilMsgTunnelSocket( 4922): After reading offset = 0 remaining = 4 countRead = 4
D/QcrilMsgTunnelSocket( 4922): messageLength extracted from first 4 inputStream reads = 29
V/QcrilMsgTunnelSocket( 4922): offset = 0 remaining = 29 countRead = 0
V/QcrilMsgTunnelSocket( 4922): offset = 0 remaining = 29 countRead = 29
D/QcrilMsgTunnelSocket( 4922): readRilMessage: Buffer = [B@1ccc913 HexData = [010000000404000011000000514f454d484f4f4bef0308000100000003]
V/QcrilMsgTunnelSocket( 4922): Read packet: 29 bytes. Data Available = 32 Position = 0
D/QcrilMsgTunnelSocket( 4922): processResponse. message type = 1. Data Available = 28
D/QcrilMsgTunnelSocket( 4922): ByteArray from parcel = 514f454d484f4f4bef0308000100000003
D/QcrilMsgTunnelSocket( 4922): Received RIL_UNSOL_OEM_HOOK_RAW message
D/QcrilMsgTunnelSocket( 4922): Oem ID in RIL_UNSOL_OEM_HOOK_RAW is QOEMHOOK
D/QcrilMsgTunnelSocket( 4922): OEM ID check Passed
D/QcrilMsgTunnelSocket( 4922): Response ID in RIL_UNSOL_OEM_HOOK_RAW is 525295
D/QcrilMsgTunnelSocket( 4922): Response ID 525295is not served in this process.
D/QcrilMsgTunnelSocket( 4922): To broadcast an Intent via the notifier to external apps
V/QcrilMsgTunnelSocket( 4922): Before reading offset = 0 remaining = 4 countRead = 0
D/QcrilMsgTunnelIfaceManager( 4922): handleMessage what=0
D/QcrilMsgTunnelIfaceManager( 4922): Broadcasting intent ACTION_UNSOL_RESPONSE_OEM_HOOK_RAW
D/StatusBar.NetworkController( 1224): onSignalStrengthsChanged signalStrength=SignalStrength: 5 0 -120 -160 -120 -1 -1 99 2147483647 2147483647 2147483647 2147483647 2147483647 gsm|lte 0x0 level=2
D/StatusBar.NetworkController( 1224): hasService: mServiceState=0 0 home 3 3 23420  UMTS HSPAP CSS not supported -1 -1 RoamInd=-1 DefRoamInd=-1 EmergOnly=false retVal=true
D/StatusBar.NetworkController( 1224): updateTelephonySignalStrength: hasService=true ss=SignalStrength: 5 0 -120 -160 -120 -1 -1 99 2147483647 2147483647 2147483647 2147483647 2147483647 gsm|lte 0x0
D/StatusBar.NetworkController( 1224): hasService: mServiceState=0 0 home 3 3 23420  UMTS HSPAP CSS not supported -1 -1 RoamInd=-1 DefRoamInd=-1 EmergOnly=false retVal=true
D/StatusBar.NetworkController( 1224): updateTelephonySignalStrength: iconLevel=2
D/StatusBar.NetworkController( 1224): refreshViews connected={ data } level=2 combinedSignalIconId=0x7f02021b/com.android.systemui:drawable/stat_sys_signal_2_fully combinedActivityIconId=0x7f0202c4 mobileLabel=3 wifiLabel= emergencyOnly=false combinedLabel=3 mAirplaneMode=false mDataActivity=2 mPhoneSignalIconId=0x7f02021b mQSPhoneSignalIconId=0x7f020099 mDataDirectionIconId=0x7f02012c mDataSignalIconId=0x7f02021b mDataTypeIconId=0x7f02012d mQSDataTypeIconId=0x7f02009f mNoSimIconId=0x0 mWifiIconId=0x7f0202d9 mQSWifiIconId=0x7f0200b4 mBluetoothTetherIconId=0x108069d
D/AlarmManagerService(  824): Kernel timezone updated to 0 minutes west of GMT
D/StatusBar.NetworkController( 1224): onServiceStateChanged voiceState=0 dataState=0
D/StatusBar.NetworkController( 1224): hasService: mServiceState=0 0 home 3 3 23420  UMTS UMTS CSS not supported -1 -1 RoamInd=-1 DefRoamInd=-1 EmergOnly=false retVal=true
D/StatusBar.NetworkController( 1224): updateTelephonySignalStrength: hasService=true ss=SignalStrength: 5 0 -120 -160 -120 -1 -1 99 2147483647 2147483647 2147483647 2147483647 2147483647 gsm|lte 0x0
D/StatusBar.NetworkController( 1224): hasService: mServiceState=0 0 home 3 3 23420  UMTS UMTS CSS not supported -1 -1 RoamInd=-1 DefRoamInd=-1 EmergOnly=false retVal=true
D/StatusBar.NetworkController( 1224): updateTelephonySignalStrength: iconLevel=2
D/StatusBar.NetworkController( 1224): hasService: mServiceState=0 0 home 3 3 23420  UMTS UMTS CSS not supported -1 -1 RoamInd=-1 DefRoamInd=-1 EmergOnly=false retVal=true
D/StatusBar.NetworkController( 1224): refreshViews connected={ data } level=2 combinedSignalIconId=0x7f02021b/com.android.systemui:drawable/stat_sys_signal_2_fully combinedActivityIconId=0x7f0202c4 mobileLabel=3 wifiLabel= emergencyOnly=false combinedLabel=3 mAirplaneMode=false mDataActivity=2 mPhoneSignalIconId=0x7f02021b mQSPhoneSignalIconId=0x7f020099 mDataDirectionIconId=0x7f02012c mDataSignalIconId=0x7f02021b mDataTypeIconId=0x7f02012d mQSDataTypeIconId=0x7f02009f mNoSimIconId=0x0 mWifiIconId=0x7f0202d9 mQSWifiIconId=0x7f0200b4 mBluetoothTetherIconId=0x108069d
D/CellBroadcastReceiver( 5030): onReceive Intent { act=android.intent.action.SERVICE_STATE flg=0x10 cmp=com.android.cellbroadcastreceiver/.CellBroadcastReceiver (has extras) }
W/CellBroadcastReceiver( 5030): onReceive() unexpected action android.intent.action.SERVICE_STATE
D/ConnectivityService(  824): notifyType CAP_CHANGED for NetworkAgentInfo [MOBILE (HSPA+) - 100]
D/ConnectivityManager.CallbackHandler( 1224): CM callback handler got msg 524294
D/ConnectivityService(  824): Setting tx/rx TCP buffers to 58254,349525,1048576,58254,349525,1048576
D/InputReader(  824): Input event: value=1 when=68776825000
D/Nat464Xlat(  824): requiresClat: netType=0, connected=true, hasIPv4Address=true
D/ConnectivityService(  824): notifyType IP_CHANGED for NetworkAgentInfo [MOBILE (UMTS) - 100]
W/BatteryStatsImpl(  824): Unknown user activity type 3 was specified.
W/BatteryStatsImpl(  824): java.lang.Throwable
W/BatteryStatsImpl(  824): 	at com.android.internal.os.BatteryStatsImpl$Uid.noteUserActivityLocked(BatteryStatsImpl.java)
W/BatteryStatsImpl(  824): 	at com.android.internal.os.BatteryStatsImpl.noteUserActivityLocked(BatteryStatsImpl.java)
W/BatteryStatsImpl(  824): 	at com.android.server.am.BatteryStatsService.noteUserActivity(BatteryStatsService.java)
W/BatteryStatsImpl(  824): 	at com.android.server.power.Notifier.onUserActivity(Notifier.java)
W/BatteryStatsImpl(  824): 	at com.android.server.power.PowerManagerService.userActivityNoUpdateLocked(PowerManagerService.java)
W/BatteryStatsImpl(  824): 	at com.android.server.power.PowerManagerService.userActivityInternal(PowerManagerService.java)
W/BatteryStatsImpl(  824): 	at com.android.server.power.PowerManagerService.userActivityFromNative(PowerManagerService.java)
D/lights  (  824): button : 1 +
D/lights  (  824): button : 1 -
D/PhoneApp( 1421): getPhone phoneId:0
I/InputDispatcher(  824): Delivering key to: action: 0x0 (0)
D/ConnectivityService(  824): notifyType IP_CHANGED for NetworkAgentInfo [MOBILE (UMTS) - 100]
D/ConnectivityManager.CallbackHandler( 1224): CM callback handler got msg 524295
D/ConnectivityManager.CallbackHandler( 1224): CM callback handler got msg 524295
E/AudioTrack(  824): AudioTrack::set : Exit
D/StatusBar.NetworkController( 1224): onDataConnectionStateChanged: state=2 type=3
D/StatusBar.NetworkController( 1224): hasService: mServiceState=0 0 home 3 3 23420  UMTS UMTS CSS not supported -1 -1 RoamInd=-1 DefRoamInd=-1 EmergOnly=false retVal=true
D/StatusBar.NetworkController( 1224): refreshViews connected={ data } level=2 combinedSignalIconId=0x7f02021b/com.android.systemui:drawable/stat_sys_signal_2_fully combinedActivityIconId=0x7f0202c4 mobileLabel=3 wifiLabel= emergencyOnly=false combinedLabel=3 mAirplaneMode=false mDataActivity=2 mPhoneSignalIconId=0x7f02021b mQSPhoneSignalIconId=0x7f020099 mDataDirectionIconId=0x7f020128 mDataSignalIconId=0x7f02021b mDataTypeIconId=0x7f020128 mQSDataTypeIconId=0x7f020092 mNoSimIconId=0x0 mWifiIconId=0x7f0202d9 mQSWifiIconId=0x7f0200b4 mBluetoothTetherIconId=0x108069d
D/DctController( 1421): [DctController] DataStateReceiver: phoneId= 0
D/DctController( 1421): [DctController] DataStateReceiver: STATE_IN_SERVICE Intent from phoneId=0
D/NotificationMgr( 1421): updateNetworkSelection()...state = 0 new network 
D/PhoneApp( 1421): mReceiver: ACTION_ANY_DATA_CONNECTION_STATE_CHANGED
D/PhoneApp( 1421): - state: CONNECTED
D/PhoneApp( 1421): - reason: null
D/NotificationMgr( 1421): hideDataDisconnectedRoaming()...
D/PhoneApp( 1421): getPhone phoneId:0
D/PhoneApp( 1421): getPhone phoneId:0
D/PhoneApp( 1421): getPhone phoneId:0
D/StatusBar.NetworkController( 1224): onDataActivity: direction=0
D/StatusBar.NetworkController( 1224): hasService: mServiceState=0 0 home 3 3 23420  UMTS UMTS CSS not supported -1 -1 RoamInd=-1 DefRoamInd=-1 EmergOnly=false retVal=true
D/StatusBar.NetworkController( 1224): refreshViews connected={ data } level=2 combinedSignalIconId=0x7f02021b/com.android.systemui:drawable/stat_sys_signal_2_fully combinedActivityIconId=0x0 mobileLabel=3 wifiLabel= emergencyOnly=false combinedLabel=3 mAirplaneMode=false mDataActivity=0 mPhoneSignalIconId=0x7f02021b mQSPhoneSignalIconId=0x7f020099 mDataDirectionIconId=0x7f020128 mDataSignalIconId=0x7f02021b mDataTypeIconId=0x7f020128 mQSDataTypeIconId=0x7f020092 mNoSimIconId=0x0 mWifiIconId=0x7f0202d9 mQSWifiIconId=0x7f0200b4 mBluetoothTetherIconId=0x108069d
D/StatusBar.NetworkController( 1224): changing data overlay icon id to 0
D/PhoneApp( 1421): getPhone phoneId:0
D/InputReader(  824): Input event: value=0 when=68886353000
I/InputDispatcher(  824): Delivering key to: action: 0x1 (0)
V/QcrilMsgTunnelSocket( 4922): After reading offset = 0 remaining = 4 countRead = 4
D/QcrilMsgTunnelSocket( 4922): messageLength extracted from first 4 inputStream reads = 29
V/QcrilMsgTunnelSocket( 4922): offset = 0 remaining = 29 countRead = 0
V/QcrilMsgTunnelSocket( 4922): offset = 0 remaining = 29 countRead = 29
D/QcrilMsgTunnelSocket( 4922): readRilMessage: Buffer = [B@1ccc913 HexData = [010000000404000011000000514f454d484f4f4bef0308000100000003]
V/QcrilMsgTunnelSocket( 4922): Read packet: 29 bytes. Data Available = 32 Position = 0
D/QcrilMsgTunnelSocket( 4922): processResponse. message type = 1. Data Available = 28
D/QcrilMsgTunnelSocket( 4922): ByteArray from parcel = 514f454d484f4f4bef0308000100000003
D/QcrilMsgTunnelSocket( 4922): Received RIL_UNSOL_OEM_HOOK_RAW message
D/QcrilMsgTunnelSocket( 4922): Oem ID in RIL_UNSOL_OEM_HOOK_RAW is QOEMHOOK
D/QcrilMsgTunnelSocket( 4922): OEM ID check Passed
D/QcrilMsgTunnelSocket( 4922): Response ID in RIL_UNSOL_OEM_HOOK_RAW is 525295
D/QcrilMsgTunnelSocket( 4922): Response ID 525295is not served in this process.
D/QcrilMsgTunnelSocket( 4922): To broadcast an Intent via the notifier to external apps
V/QcrilMsgTunnelSocket( 4922): Before reading offset = 0 remaining = 4 countRead = 0
D/QcrilMsgTunnelIfaceManager( 4922): handleMessage what=0
D/QcrilMsgTunnelIfaceManager( 4922): Broadcasting intent ACTION_UNSOL_RESPONSE_OEM_HOOK_RAW
V/QcrilMsgTunnelSocket( 4922): After reading offset = 0 remaining = 4 countRead = 4
D/QcrilMsgTunnelSocket( 4922): messageLength extracted from first 4 inputStream reads = 29
V/QcrilMsgTunnelSocket( 4922): offset = 0 remaining = 29 countRead = 0
V/QcrilMsgTunnelSocket( 4922): offset = 0 remaining = 29 countRead = 29
D/QcrilMsgTunnelSocket( 4922): readRilMessage: Buffer = [B@1ccc913 HexData = [010000000404000011000000514f454d484f4f4bef0308000100000003]
V/QcrilMsgTunnelSocket( 4922): Read packet: 29 bytes. Data Available = 32 Position = 0
D/QcrilMsgTunnelSocket( 4922): processResponse. message type = 1. Data Available = 28
D/QcrilMsgTunnelSocket( 4922): ByteArray from parcel = 514f454d484f4f4bef0308000100000003
D/QcrilMsgTunnelSocket( 4922): Received RIL_UNSOL_OEM_HOOK_RAW message
D/QcrilMsgTunnelSocket( 4922): Oem ID in RIL_UNSOL_OEM_HOOK_RAW is QOEMHOOK
D/QcrilMsgTunnelSocket( 4922): OEM ID check Passed
D/QcrilMsgTunnelSocket( 4922): Response ID in RIL_UNSOL_OEM_HOOK_RAW is 525295
D/QcrilMsgTunnelSocket( 4922): Response ID 525295is not served in this process.
D/QcrilMsgTunnelSocket( 4922): To broadcast an Intent via the notifier to external apps
V/QcrilMsgTunnelSocket( 4922): Before reading offset = 0 remaining = 4 countRead = 0
D/QcrilMsgTunnelIfaceManager( 4922): handleMessage what=0
D/QcrilMsgTunnelIfaceManager( 4922): Broadcasting intent ACTION_UNSOL_RESPONSE_OEM_HOOK_RAW
W/LocationOracleImpl( 1627): Best location was null
I/HotwordRecognitionRnr( 1627): Starting hotword detection.
I/MicrophoneInputStream( 1627): mic_starting com.google.android.speech.audio.w@3d142828
D/PhoneApp( 1421): getPhone phoneId:0
D/StatusBar.NetworkController( 1224): onSignalStrengthsChanged signalStrength=SignalStrength: 5 0 -120 -160 -120 -1 -1 99 2147483647 2147483647 2147483647 2147483647 2147483647 gsm|lte 0x0 level=2
D/StatusBar.NetworkController( 1224): hasService: mServiceState=0 0 home 3 3 23420  UMTS UMTS CSS not supported -1 -1 RoamInd=-1 DefRoamInd=-1 EmergOnly=false retVal=true
D/StatusBar.NetworkController( 1224): updateTelephonySignalStrength: hasService=true ss=SignalStrength: 5 0 -120 -160 -120 -1 -1 99 2147483647 2147483647 2147483647 2147483647 2147483647 gsm|lte 0x0
D/StatusBar.NetworkController( 1224): hasService: mServiceState=0 0 home 3 3 23420  UMTS UMTS CSS not supported -1 -1 RoamInd=-1 DefRoamInd=-1 EmergOnly=false retVal=true
D/StatusBar.NetworkController( 1224): updateTelephonySignalStrength: iconLevel=2
D/StatusBar.NetworkController( 1224): refreshViews connected={ data } level=2 combinedSignalIconId=0x7f02021b/com.android.systemui:drawable/stat_sys_signal_2_fully combinedActivityIconId=0x0 mobileLabel=3 wifiLabel= emergencyOnly=false combinedLabel=3 mAirplaneMode=false mDataActivity=0 mPhoneSignalIconId=0x7f02021b mQSPhoneSignalIconId=0x7f020099 mDataDirectionIconId=0x7f020128 mDataSignalIconId=0x7f02021b mDataTypeIconId=0x7f020128 mQSDataTypeIconId=0x7f020092 mNoSimIconId=0x0 mWifiIconId=0x7f0202d9 mQSWifiIconId=0x7f0200b4 mBluetoothTetherIconId=0x108069d
I/ServiceManager(  333): Waiting for service AtCmdFwd...
D/StatusBar.NetworkController( 1224): onDataActivity: direction=0
D/StatusBar.NetworkController( 1224): hasService: mServiceState=0 0 home 3 3 23420  UMTS UMTS CSS not supported -1 -1 RoamInd=-1 DefRoamInd=-1 EmergOnly=false retVal=true
D/StatusBar.NetworkController( 1224): refreshViews connected={ data } level=2 combinedSignalIconId=0x7f02021b/com.android.systemui:drawable/stat_sys_signal_2_fully combinedActivityIconId=0x0 mobileLabel=3 wifiLabel= emergencyOnly=false combinedLabel=3 mAirplaneMode=false mDataActivity=0 mPhoneSignalIconId=0x7f02021b mQSPhoneSignalIconId=0x7f020099 mDataDirectionIconId=0x7f020128 mDataSignalIconId=0x7f02021b mDataTypeIconId=0x7f020128 mQSDataTypeIconId=0x7f020092 mNoSimIconId=0x0 mWifiIconId=0x7f0202d9 mQSWifiIconId=0x7f0200b4 mBluetoothTetherIconId=0x108069d
D/AlarmManagerService(  824): Kernel timezone updated to 0 minutes west of GMT
I/MicrophoneInputStream( 1627): mic_started com.google.android.speech.audio.w@3d142828
D/PhoneApp( 1421): getPhone phoneId:0
D/PhoneApp( 1421): getPhone phoneId:0
I/HotwordWorker( 1627): onReady
I/art     (  824): Explicit concurrent mark sweep GC freed 43380(2MB) AllocSpace objects, 1(16KB) LOS objects, 31% free, 34MB/50MB, paused 1.464ms total 109.771ms
D/StatusBar.NetworkController( 1224): onServiceStateChanged voiceState=0 dataState=0
D/StatusBar.NetworkController( 1224): hasService: mServiceState=0 0 home 3 3 23420  UMTS HSPA CSS not supported -1 -1 RoamInd=-1 DefRoamInd=-1 EmergOnly=false retVal=true
D/StatusBar.NetworkController( 1224): updateTelephonySignalStrength: hasService=true ss=SignalStrength: 5 0 -120 -160 -120 -1 -1 99 2147483647 2147483647 2147483647 2147483647 2147483647 gsm|lte 0x0
D/StatusBar.NetworkController( 1224): hasService: mServiceState=0 0 home 3 3 23420  UMTS HSPA CSS not supported -1 -1 RoamInd=-1 DefRoamInd=-1 EmergOnly=false retVal=true
D/StatusBar.NetworkController( 1224): updateTelephonySignalStrength: iconLevel=2
D/StatusBar.NetworkController( 1224): hasService: mServiceState=0 0 home 3 3 23420  UMTS HSPA CSS not supported -1 -1 RoamInd=-1 DefRoamInd=-1 EmergOnly=false retVal=true
D/StatusBar.NetworkController( 1224): refreshViews connected={ data } level=2 combinedSignalIconId=0x7f02021b/com.android.systemui:drawable/stat_sys_signal_2_fully combinedActivityIconId=0x0 mobileLabel=3 wifiLabel= emergencyOnly=false combinedLabel=3 mAirplaneMode=false mDataActivity=0 mPhoneSignalIconId=0x7f02021b mQSPhoneSignalIconId=0x7f020099 mDataDirectionIconId=0x7f020128 mDataSignalIconId=0x7f02021b mDataTypeIconId=0x7f020128 mQSDataTypeIconId=0x7f020092 mNoSimIconId=0x0 mWifiIconId=0x7f0202d9 mQSWifiIconId=0x7f0200b4 mBluetoothTetherIconId=0x108069d
D/CellBroadcastReceiver( 5030): onReceive Intent { act=android.intent.action.SERVICE_STATE flg=0x10 cmp=com.android.cellbroadcastreceiver/.CellBroadcastReceiver (has extras) }
W/CellBroadcastReceiver( 5030): onReceive() unexpected action android.intent.action.SERVICE_STATE
D/ConnectivityService(  824): notifyType CAP_CHANGED for NetworkAgentInfo [MOBILE (UMTS) - 100]
D/ConnectivityManager.CallbackHandler( 1224): CM callback handler got msg 524294
D/ConnectivityService(  824): Setting tx/rx TCP buffers to 40778,244668,734003,16777,100663,301990
D/Nat464Xlat(  824): requiresClat: netType=0, connected=true, hasIPv4Address=true
D/ConnectivityService(  824): notifyType IP_CHANGED for NetworkAgentInfo [MOBILE (HSPA) - 100]
D/ConnectivityService(  824): notifyType IP_CHANGED for NetworkAgentInfo [MOBILE (HSPA) - 100]
D/ConnectivityManager.CallbackHandler( 1224): CM callback handler got msg 524295
D/ConnectivityManager.CallbackHandler( 1224): CM callback handler got msg 524295
D/PhoneApp( 1421): getPhone phoneId:0
D/StatusBar.NetworkController( 1224): onDataConnectionStateChanged: state=2 type=10
D/StatusBar.NetworkController( 1224): hasService: mServiceState=0 0 home 3 3 23420  UMTS HSPA CSS not supported -1 -1 RoamInd=-1 DefRoamInd=-1 EmergOnly=false retVal=true
D/StatusBar.NetworkController( 1224): refreshViews connected={ data } level=2 combinedSignalIconId=0x7f02021b/com.android.systemui:drawable/stat_sys_signal_2_fully combinedActivityIconId=0x0 mobileLabel=3 wifiLabel= emergencyOnly=false combinedLabel=3 mAirplaneMode=false mDataActivity=0 mPhoneSignalIconId=0x7f02021b mQSPhoneSignalIconId=0x7f020099 mDataDirectionIconId=0x7f02012c mDataSignalIconId=0x7f02021b mDataTypeIconId=0x7f02012c mQSDataTypeIconId=0x7f02009f mNoSimIconId=0x0 mWifiIconId=0x7f0202d9 mQSWifiIconId=0x7f0200b4 mBluetoothTetherIconId=0x108069d
D/DctController( 1421): [DctController] DataStateReceiver: phoneId= 0
D/DctController( 1421): [DctController] DataStateReceiver: STATE_IN_SERVICE Intent from phoneId=0
D/NotificationMgr( 1421): updateNetworkSelection()...state = 0 new network 
D/PhoneApp( 1421): mReceiver: ACTION_ANY_DATA_CONNECTION_STATE_CHANGED
D/PhoneApp( 1421): - state: CONNECTED
D/PhoneApp( 1421): - reason: null
D/NotificationMgr( 1421): hideDataDisconnectedRoaming()...
D/PhoneApp( 1421): getPhone phoneId:0
D/PhoneApp( 1421): getPhone phoneId:0
D/WifiService(  824): acquireWifiLockLocked: WifiLock{NlpWifiLock type=2 binder=android.os.BinderProxy@1227f5eb}
W/OpenGLRenderer( 1446): Incorrectly called buildLayer on View: lh, destroying layer...
D/PhoneApp( 1421): getPhone phoneId:0
D/PhoneApp( 1421): getPhone phoneId:0
D/PhoneApp( 1421): getPhone phoneId:0
D/PhoneApp( 1421): getPhone phoneId:0
D/LocationManagerService(  824): incoming location: Location[network 53.806869,-1.896292 acc=30 et=+1m9s624ms {Bundle[mParcelledData.dataSize=400]}]
D/LocationManagerService(  824): incoming location: Location[network 53.806869,-1.896292 acc=30 et=+1m9s624ms {Bundle[{networkLocationType=wifi, noGPSLocation=Location[network 53.806869,-1.896292 acc=30 et=+1m9s624ms {Bundle[mParcelledData.dataSize=104]}], nlpVersion=2014}]}]
D/WifiService(  824): releaseWifiLockLocked: WifiLock{NlpWifiLock type=2 binder=android.os.BinderProxy@1227f5eb}
D/WifiService(  824): acquireWifiLockLocked: WifiLock{NlpWifiLock type=2 binder=android.os.BinderProxy@1227f5eb}
V/QcrilMsgTunnelSocket( 4922): After reading offset = 0 remaining = 4 countRead = 4
D/QcrilMsgTunnelSocket( 4922): messageLength extracted from first 4 inputStream reads = 29
V/QcrilMsgTunnelSocket( 4922): offset = 0 remaining = 29 countRead = 0
V/QcrilMsgTunnelSocket( 4922): offset = 0 remaining = 29 countRead = 29
D/QcrilMsgTunnelSocket( 4922): readRilMessage: Buffer = [B@1ccc913 HexData = [010000000404000011000000514f454d484f4f4bef0308000100000003]
V/QcrilMsgTunnelSocket( 4922): Read packet: 29 bytes. Data Available = 32 Position = 0
D/QcrilMsgTunnelSocket( 4922): processResponse. message type = 1. Data Available = 28
D/QcrilMsgTunnelSocket( 4922): ByteArray from parcel = 514f454d484f4f4bef0308000100000003
D/QcrilMsgTunnelSocket( 4922): Received RIL_UNSOL_OEM_HOOK_RAW message
D/QcrilMsgTunnelSocket( 4922): Oem ID in RIL_UNSOL_OEM_HOOK_RAW is QOEMHOOK
D/QcrilMsgTunnelSocket( 4922): OEM ID check Passed
D/QcrilMsgTunnelSocket( 4922): Response ID in RIL_UNSOL_OEM_HOOK_RAW is 525295
D/QcrilMsgTunnelSocket( 4922): Response ID 525295is not served in this process.
D/QcrilMsgTunnelSocket( 4922): To broadcast an Intent via the notifier to external apps
V/QcrilMsgTunnelSocket( 4922): Before reading offset = 0 remaining = 4 countRead = 0
D/StatusBar.NetworkController( 1224): onDataActivity: direction=0
D/StatusBar.NetworkController( 1224): hasService: mServiceState=0 0 home 3 3 23420  UMTS HSPA CSS not supported -1 -1 RoamInd=-1 DefRoamInd=-1 EmergOnly=false retVal=true
D/StatusBar.NetworkController( 1224): refreshViews connected={ data } level=2 combinedSignalIconId=0x7f02021b/com.android.systemui:drawable/stat_sys_signal_2_fully combinedActivityIconId=0x0 mobileLabel=3 wifiLabel= emergencyOnly=false combinedLabel=3 mAirplaneMode=false mDataActivity=0 mPhoneSignalIconId=0x7f02021b mQSPhoneSignalIconId=0x7f020099 mDataDirectionIconId=0x7f02012c mDataSignalIconId=0x7f02021b mDataTypeIconId=0x7f02012c mQSDataTypeIconId=0x7f02009f mNoSimIconId=0x0 mWifiIconId=0x7f0202d9 mQSWifiIconId=0x7f0200b4 mBluetoothTetherIconId=0x108069d
D/QcrilMsgTunnelIfaceManager( 4922): handleMessage what=0
D/QcrilMsgTunnelIfaceManager( 4922): Broadcasting intent ACTION_UNSOL_RESPONSE_OEM_HOOK_RAW
D/StatusBar.NetworkController( 1224): onSignalStrengthsChanged signalStrength=SignalStrength: 5 0 -120 -160 -120 -1 -1 99 2147483647 2147483647 2147483647 2147483647 2147483647 gsm|lte 0x0 level=2
D/StatusBar.NetworkController( 1224): hasService: mServiceState=0 0 home 3 3 23420  UMTS HSPA CSS not supported -1 -1 RoamInd=-1 DefRoamInd=-1 EmergOnly=false retVal=true
D/StatusBar.NetworkController( 1224): updateTelephonySignalStrength: hasService=true ss=SignalStrength: 5 0 -120 -160 -120 -1 -1 99 2147483647 2147483647 2147483647 2147483647 2147483647 gsm|lte 0x0
D/StatusBar.NetworkController( 1224): hasService: mServiceState=0 0 home 3 3 23420  UMTS HSPA CSS not supported -1 -1 RoamInd=-1 DefRoamInd=-1 EmergOnly=false retVal=true
D/StatusBar.NetworkController( 1224): updateTelephonySignalStrength: iconLevel=2
D/StatusBar.NetworkController( 1224): refreshViews connected={ data } level=2 combinedSignalIconId=0x7f02021b/com.android.systemui:drawable/stat_sys_signal_2_fully combinedActivityIconId=0x0 mobileLabel=3 wifiLabel= emergencyOnly=false combinedLabel=3 mAirplaneMode=false mDataActivity=0 mPhoneSignalIconId=0x7f02021b mQSPhoneSignalIconId=0x7f020099 mDataDirectionIconId=0x7f02012c mDataSignalIconId=0x7f02021b mDataTypeIconId=0x7f02012c mQSDataTypeIconId=0x7f02009f mNoSimIconId=0x0 mWifiIconId=0x7f0202d9 mQSWifiIconId=0x7f0200b4 mBluetoothTetherIconId=0x108069d
D/AlarmManagerService(  824): Kernel timezone updated to 0 minutes west of GMT
D/StatusBar.NetworkController( 1224): onServiceStateChanged voiceState=0 dataState=0
D/StatusBar.NetworkController( 1224): hasService: mServiceState=0 0 home 3 3 23420  UMTS HSPAP CSS not supported -1 -1 RoamInd=-1 DefRoamInd=-1 EmergOnly=false retVal=true
D/StatusBar.NetworkController( 1224): updateTelephonySignalStrength: hasService=true ss=SignalStrength: 5 0 -120 -160 -120 -1 -1 99 2147483647 2147483647 2147483647 2147483647 2147483647 gsm|lte 0x0
D/StatusBar.NetworkController( 1224): hasService: mServiceState=0 0 home 3 3 23420  UMTS HSPAP CSS not supported -1 -1 RoamInd=-1 DefRoamInd=-1 EmergOnly=false retVal=true
D/StatusBar.NetworkController( 1224): updateTelephonySignalStrength: iconLevel=2
D/StatusBar.NetworkController( 1224): hasService: mServiceState=0 0 home 3 3 23420  UMTS HSPAP CSS not supported -1 -1 RoamInd=-1 DefRoamInd=-1 EmergOnly=false retVal=true
D/StatusBar.NetworkController( 1224): refreshViews connected={ data } level=2 combinedSignalIconId=0x7f02021b/com.android.systemui:drawable/stat_sys_signal_2_fully combinedActivityIconId=0x0 mobileLabel=3 wifiLabel= emergencyOnly=false combinedLabel=3 mAirplaneMode=false mDataActivity=0 mPhoneSignalIconId=0x7f02021b mQSPhoneSignalIconId=0x7f020099 mDataDirectionIconId=0x7f02012c mDataSignalIconId=0x7f02021b mDataTypeIconId=0x7f02012c mQSDataTypeIconId=0x7f02009f mNoSimIconId=0x0 mWifiIconId=0x7f0202d9 mQSWifiIconId=0x7f0200b4 mBluetoothTetherIconId=0x108069d
D/SSRM:j  (  824): SIOP:: AP = 430
D/CellBroadcastReceiver( 5030): onReceive Intent { act=android.intent.action.SERVICE_STATE flg=0x10 cmp=com.android.cellbroadcastreceiver/.CellBroadcastReceiver (has extras) }
W/CellBroadcastReceiver( 5030): onReceive() unexpected action android.intent.action.SERVICE_STATE
I/wpa_supplicant( 1192): wlan0: CTRL-EVENT-SCAN-STARTED 
D/ConnectivityService(  824): notifyType CAP_CHANGED for NetworkAgentInfo [MOBILE (HSPA) - 100]
D/ConnectivityManager.CallbackHandler( 1224): CM callback handler got msg 524294
D/ConnectivityService(  824): Setting tx/rx TCP buffers to 122334,734003,2202010,32040,192239,576717
D/PhoneApp( 1421): getPhone phoneId:0
D/Nat464Xlat(  824): requiresClat: netType=0, connected=true, hasIPv4Address=true
D/ConnectivityService(  824): notifyType IP_CHANGED for NetworkAgentInfo [MOBILE (HSPA+) - 100]
D/PhoneApp( 1421): getPhone phoneId:0
D/ConnectivityManager.CallbackHandler( 1224): CM callback handler got msg 524295
D/ConnectivityService(  824): notifyType IP_CHANGED for NetworkAgentInfo [MOBILE (HSPA+) - 100]
D/ConnectivityManager.CallbackHandler( 1224): CM callback handler got msg 524295
D/StatusBar.NetworkController( 1224): onDataConnectionStateChanged: state=2 type=15
D/StatusBar.NetworkController( 1224): hasService: mServiceState=0 0 home 3 3 23420  UMTS HSPAP CSS not supported -1 -1 RoamInd=-1 DefRoamInd=-1 EmergOnly=false retVal=true
D/StatusBar.NetworkController( 1224): refreshViews connected={ data } level=2 combinedSignalIconId=0x7f02021b/com.android.systemui:drawable/stat_sys_signal_2_fully combinedActivityIconId=0x0 mobileLabel=3 wifiLabel= emergencyOnly=false combinedLabel=3 mAirplaneMode=false mDataActivity=0 mPhoneSignalIconId=0x7f02021b mQSPhoneSignalIconId=0x7f020099 mDataDirectionIconId=0x7f02012c mDataSignalIconId=0x7f02021b mDataTypeIconId=0x7f02012d mQSDataTypeIconId=0x7f02009f mNoSimIconId=0x0 mWifiIconId=0x7f0202d9 mQSWifiIconId=0x7f0200b4 mBluetoothTetherIconId=0x108069d
V/AlarmManager(  824): waitForAlarm result :8
D/DctController( 1421): [DctController] DataStateReceiver: phoneId= 0
D/DctController( 1421): [DctController] DataStateReceiver: STATE_IN_SERVICE Intent from phoneId=0
D/NotificationMgr( 1421): updateNetworkSelection()...state = 0 new network 
D/PhoneApp( 1421): mReceiver: ACTION_ANY_DATA_CONNECTION_STATE_CHANGED
D/PhoneApp( 1421): - state: CONNECTED
D/PhoneApp( 1421): - reason: null
D/NotificationMgr( 1421): hideDataDisconnectedRoaming()...
D/PhoneApp( 1421): getPhone phoneId:0
D/PhoneApp( 1421): getPhone phoneId:0
D/PhoneApp( 1421): getPhone phoneId:0
D/PhoneApp( 1421): getPhone phoneId:0
D/PhoneApp( 1421): getPhone phoneId:0
D/PhoneApp( 1421): getPhone phoneId:0
D/PhoneApp( 1421): getPhone phoneId:0
D/PhoneApp( 1421): getPhone phoneId:0
D/PhoneApp( 1421): getPhone phoneId:0
D/PhoneApp( 1421): getPhone phoneId:0
D/StatusBar.NetworkController( 1224): onSignalStrengthsChanged signalStrength=SignalStrength: 6 0 -120 -160 -120 -1 -1 99 2147483647 2147483647 2147483647 2147483647 2147483647 gsm|lte 0x0 level=2
D/StatusBar.NetworkController( 1224): hasService: mServiceState=0 0 home 3 3 23420  UMTS HSPAP CSS not supported -1 -1 RoamInd=-1 DefRoamInd=-1 EmergOnly=false retVal=true
D/StatusBar.NetworkController( 1224): updateTelephonySignalStrength: hasService=true ss=SignalStrength: 6 0 -120 -160 -120 -1 -1 99 2147483647 2147483647 2147483647 2147483647 2147483647 gsm|lte 0x0
D/StatusBar.NetworkController( 1224): hasService: mServiceState=0 0 home 3 3 23420  UMTS HSPAP CSS not supported -1 -1 RoamInd=-1 DefRoamInd=-1 EmergOnly=false retVal=true
D/StatusBar.NetworkController( 1224): updateTelephonySignalStrength: iconLevel=2
D/StatusBar.NetworkController( 1224): refreshViews connected={ data } level=2 combinedSignalIconId=0x7f02021b/com.android.systemui:drawable/stat_sys_signal_2_fully combinedActivityIconId=0x0 mobileLabel=3 wifiLabel= emergencyOnly=false combinedLabel=3 mAirplaneMode=false mDataActivity=0 mPhoneSignalIconId=0x7f02021b mQSPhoneSignalIconId=0x7f020099 mDataDirectionIconId=0x7f02012c mDataSignalIconId=0x7f02021b mDataTypeIconId=0x7f02012d mQSDataTypeIconId=0x7f02009f mNoSimIconId=0x0 mWifiIconId=0x7f0202d9 mQSWifiIconId=0x7f0200b4 mBluetoothTetherIconId=0x108069d
D/PhoneApp( 1421): getPhone phoneId:0
D/InputReader(  824): Input event: value=1 when=70110321000
I/InputReader(  824): Touch event's action is 0x0 (deviceType=0) [pCnt=1, s=0.6 ] when=70110413000
I/InputDispatcher(  824): Delivering touch to: action: 0x4
I/InputDispatcher(  824): Delivering touch to: action: 0x0
I/InputDispatcher(  824): Delivering touch to: action: 0x0
D/InputReader(  824): Input event: value=0 when=70169342000
I/InputReader(  824): Touch event's action is 0x1 (deviceType=0) [pCnt=1, s=] when=70169342000
I/InputDispatcher(  824): Delivering touch to: action: 0x1
I/InputDispatcher(  824): Delivering touch to: action: 0x1
I/MicrophoneInputStream( 1627): mic_close com.google.android.speech.audio.w@3d142828
E/AudioTrack(  824): AudioTrack::set : Exit
I/ServiceManager(  333): Waiting for service AtCmdFwd...
V/AlarmManager(  824): waitForAlarm result :8
I/HotwordRecognitionRnr( 1627): Hotword detection finished
I/HotwordRecognitionRnr( 1627): Stopping hotword detection.
D/lights  (  824): button : 0 +
D/lights  (  824): button : 0 -
V/AlarmManager(  824): waitForAlarm result :4
D/Finsky  ( 5391): [1] DailyHygiene.onStartCommand: Beginning daily hygiene
V/QcrilMsgTunnelSocket( 4922): After reading offset = 0 remaining = 4 countRead = 4
D/QcrilMsgTunnelSocket( 4922): messageLength extracted from first 4 inputStream reads = 29
V/QcrilMsgTunnelSocket( 4922): offset = 0 remaining = 29 countRead = 0
V/QcrilMsgTunnelSocket( 4922): offset = 0 remaining = 29 countRead = 29
D/QcrilMsgTunnelSocket( 4922): readRilMessage: Buffer = [B@1ccc913 HexData = [010000000404000011000000514f454d484f4f4bef0308000100000002]
V/QcrilMsgTunnelSocket( 4922): Read packet: 29 bytes. Data Available = 32 Position = 0
D/QcrilMsgTunnelSocket( 4922): processResponse. message type = 1. Data Available = 28
D/QcrilMsgTunnelSocket( 4922): ByteArray from parcel = 514f454d484f4f4bef0308000100000002
D/QcrilMsgTunnelSocket( 4922): Received RIL_UNSOL_OEM_HOOK_RAW message
D/QcrilMsgTunnelSocket( 4922): Oem ID in RIL_UNSOL_OEM_HOOK_RAW is QOEMHOOK
D/QcrilMsgTunnelSocket( 4922): OEM ID check Passed
D/QcrilMsgTunnelSocket( 4922): Response ID in RIL_UNSOL_OEM_HOOK_RAW is 525295
D/QcrilMsgTunnelSocket( 4922): Response ID 525295is not served in this process.
D/QcrilMsgTunnelSocket( 4922): To broadcast an Intent via the notifier to external apps
V/QcrilMsgTunnelSocket( 4922): Before reading offset = 0 remaining = 4 countRead = 0
D/QcrilMsgTunnelIfaceManager( 4922): handleMessage what=0
D/QcrilMsgTunnelIfaceManager( 4922): Broadcasting intent ACTION_UNSOL_RESPONSE_OEM_HOOK_RAW
D/StatusBar.NetworkController( 1224): onDataActivity: direction=2
D/StatusBar.NetworkController( 1224): hasService: mServiceState=0 0 home 3 3 23420  UMTS HSPAP CSS not supported -1 -1 RoamInd=-1 DefRoamInd=-1 EmergOnly=false retVal=true
D/StatusBar.NetworkController( 1224): refreshViews connected={ data } level=2 combinedSignalIconId=0x7f02021b/com.android.systemui:drawable/stat_sys_signal_2_fully combinedActivityIconId=0x7f0202c4 mobileLabel=3 wifiLabel= emergencyOnly=false combinedLabel=3 mAirplaneMode=false mDataActivity=2 mPhoneSignalIconId=0x7f02021b mQSPhoneSignalIconId=0x7f020099 mDataDirectionIconId=0x7f02012c mDataSignalIconId=0x7f02021b mDataTypeIconId=0x7f02012d mQSDataTypeIconId=0x7f02009f mNoSimIconId=0x0 mWifiIconId=0x7f0202d9 mQSWifiIconId=0x7f0200b4 mBluetoothTetherIconId=0x108069d
D/StatusBar.NetworkController( 1224): changing data overlay icon id to 2130838212
I/ServiceManager(  333): Waiting for service AtCmdFwd...
D/InputReader(  824): Input event: value=1 when=71343353000
I/InputReader(  824): Touch event's action is 0x0 (deviceType=0) [pCnt=1, s=0.7 ] when=71343445000
I/InputDispatcher(  824): Delivering touch to: action: 0x4
I/InputDispatcher(  824): Delivering touch to: action: 0x0
I/InputDispatcher(  824): Delivering touch to: action: 0x0
D/InputReader(  824): Input event: value=0 when=71413086000
I/InputReader(  824): Touch event's action is 0x1 (deviceType=0) [pCnt=1, s=] when=71413086000
I/InputDispatcher(  824): Delivering touch to: action: 0x1
I/InputDispatcher(  824): Delivering touch to: action: 0x1
D/InitAlarmsService( 4532): Clearing and rescheduling alarms.
I/ActivityManager(  824): START u0 {act=android.intent.action.MAIN cat=[android.intent.category.LAUNCHER] flg=0x10200000 cmp=com.android.contacts/.activities.PeopleActivity (has extras)} from uid 10020 on display 0
E/AudioTrack(  824): AudioTrack::set : Exit
W/main    ( 5643): type=1400 audit(0.0:80): avc: denied { setcurrent } for scontext=u:r:init:s0 tcontext=u:r:init:s0 tclass=process
W/main    ( 5643): type=1400 audit(0.0:80): avc: denied { dyntransition } for scontext=u:r:init:s0 tcontext=u:r:untrusted_app:s0 tclass=process
W/main    ( 5643): type=1300 audit(0.0:80): arch=40000028 syscall=4 per=800000 success=yes exit=21 a0=e a1=aff57be0 a2=15 a3=1000000 items=0 ppid=330 auid=4294967295 uid=10004 gid=10004 euid=10004 suid=10004 fsuid=10004 egid=10004 sgid=10004 fsgid=10004 tty=(none) ses=4294967295 exe="/system/bin/app_process32_original" subj=u:r:untrusted_app:s0 key=(null)
W/auditd  ( 5168): type=1320 audit(0.0:80): 
I/ActivityManager(  824): Start proc com.android.contacts for activity com.android.contacts/.activities.PeopleActivity: pid=5643 uid=10004 gids={50004, 9997, 3003, 1028, 1015, 1023} abi=armeabi-v7a
W/art     ( 1446): Suspending all threads took: 8.148ms
D/SSRM:a  (  824): DeviceInfo:: 000100000000
D/SSRM:a  (  824): SettingsAirViewInfo:: 000000000
I/ContactsIntentResolver( 5643): Called with action: android.intent.action.MAIN
D/AccountTypeManager( 5643): Registering 1 extension packages
I/AccountTypeManager( 5643): Loaded meta-data for 2 account types, 1 accounts in 25ms(wall) 19ms(cpu)
I/ContactPhotoManager( 5643): Cache adj: 1.0
D/StatusBar.NetworkController( 1224): onDataActivity: direction=3
D/StatusBar.NetworkController( 1224): hasService: mServiceState=0 0 home 3 3 23420  UMTS HSPAP CSS not supported -1 -1 RoamInd=-1 DefRoamInd=-1 EmergOnly=false retVal=true
D/StatusBar.NetworkController( 1224): refreshViews connected={ data } level=2 combinedSignalIconId=0x7f02021b/com.android.systemui:drawable/stat_sys_signal_2_fully combinedActivityIconId=0x7f0202bf mobileLabel=3 wifiLabel= emergencyOnly=false combinedLabel=3 mAirplaneMode=false mDataActivity=3 mPhoneSignalIconId=0x7f02021b mQSPhoneSignalIconId=0x7f020099 mDataDirectionIconId=0x7f02012c mDataSignalIconId=0x7f02021b mDataTypeIconId=0x7f02012d mQSDataTypeIconId=0x7f02009f mNoSimIconId=0x0 mWifiIconId=0x7f0202d9 mQSWifiIconId=0x7f0200b4 mBluetoothTetherIconId=0x108069d
D/StatusBar.NetworkController( 1224): changing data overlay icon id to 2130838207
W/Settings( 5643): Setting airplane_mode_on has moved from android.provider.Settings.System to android.provider.Settings.Global, returning read-only value.
E/DatabaseUtils( 1565): Writing exception to parcel
E/DatabaseUtils( 1565): java.lang.IllegalArgumentException: Invalid column account_type
E/DatabaseUtils( 1565): 	at android.database.sqlite.SQLiteQueryBuilder.computeProjection(SQLiteQueryBuilder.java)
E/DatabaseUtils( 1565): 	at android.database.sqlite.SQLiteQueryBuilder.buildQuery(SQLiteQueryBuilder.java)
E/DatabaseUtils( 1565): 	at com.android.providers.contacts.ContactsProvider2.queryLocal(ContactsProvider2.java:5462)
E/DatabaseUtils( 1565): 	at com.android.providers.contacts.ContactsProvider2.query(ContactsProvider2.java:5038)
E/DatabaseUtils( 1565): 	at android.content.ContentProvider$Transport.query(ContentProvider.java)
E/DatabaseUtils( 1565): 	at android.content.ContentProviderNative.onTransact(ContentProviderNative.java)
E/DatabaseUtils( 1565): 	at android.os.Binder.execTransact(Binder.java)
E/DatabaseUtils( 1565): Writing exception to parcel
E/DatabaseUtils( 1565): java.lang.IllegalArgumentException: Invalid column account_type
E/DatabaseUtils( 1565): 	at android.database.sqlite.SQLiteQueryBuilder.computeProjection(SQLiteQueryBuilder.java)
E/DatabaseUtils( 1565): 	at android.database.sqlite.SQLiteQueryBuilder.buildQuery(SQLiteQueryBuilder.java)
E/DatabaseUtils( 1565): 	at android.database.sqlite.SQLiteQueryBuilder.query(SQLiteQueryBuilder.java)
E/DatabaseUtils( 1565): 	at com.android.providers.contacts.ContactsProvider2.query(ContactsProvider2.java:6493)
E/DatabaseUtils( 1565): 	at com.android.providers.contacts.ContactsProvider2.queryLocal(ContactsProvider2.java:6443)
E/DatabaseUtils( 1565): 	at com.android.providers.contacts.ProfileProvider.query(ProfileProvider.java:85)
E/DatabaseUtils( 1565): 	at com.android.providers.contacts.ContactsProvider2.query(ContactsProvider2.java:5024)
E/DatabaseUtils( 1565): 	at android.content.ContentProvider$Transport.query(ContentProvider.java)
E/DatabaseUtils( 1565): 	at android.content.ContentProviderNative.onTransact(ContentProviderNative.java)
E/DatabaseUtils( 1565): 	at android.os.Binder.execTransact(Binder.java)
--------- beginning of crash
E/AndroidRuntime( 5643): FATAL EXCEPTION: AsyncTask #2
E/AndroidRuntime( 5643): Process: com.android.contacts, PID: 5643
E/AndroidRuntime( 5643): java.lang.RuntimeException: An error occured while executing doInBackground()
E/AndroidRuntime( 5643): 	at android.os.AsyncTask$3.done(AsyncTask.java)
E/AndroidRuntime( 5643): 	at java.util.concurrent.FutureTask.finishCompletion(FutureTask.java:355)
E/AndroidRuntime( 5643): 	at java.util.concurrent.FutureTask.setException(FutureTask.java:222)
E/AndroidRuntime( 5643): 	at java.util.concurrent.FutureTask.run(FutureTask.java:242)
E/AndroidRuntime( 5643): 	at java.util.concurrent.ThreadPoolExecutor.runWorker(ThreadPoolExecutor.java:1112)
E/AndroidRuntime( 5643): 	at java.util.concurrent.ThreadPoolExecutor$Worker.run(ThreadPoolExecutor.java:587)
E/AndroidRuntime( 5643): 	at java.lang.Thread.run(Thread.java:818)
E/AndroidRuntime( 5643): Caused by: java.lang.IllegalArgumentException: Invalid column account_type
E/AndroidRuntime( 5643): 	at android.database.DatabaseUtils.readExceptionFromParcel(DatabaseUtils.java)
E/AndroidRuntime( 5643): 	at android.database.DatabaseUtils.readExceptionFromParcel(DatabaseUtils.java)
E/AndroidRuntime( 5643): 	at android.content.ContentProviderProxy.query(ContentProviderNative.java)
E/AndroidRuntime( 5643): 	at android.content.ContentResolver.query(ContentResolver.java)
E/AndroidRuntime( 5643): 	at android.content.CursorLoader.loadInBackground(CursorLoader.java)
E/AndroidRuntime( 5643): 	at android.content.CursorLoader.loadInBackground(CursorLoader.java)
E/AndroidRuntime( 5643): 	at android.content.AsyncTaskLoader.onLoadInBackground(AsyncTaskLoader.java)
E/AndroidRuntime( 5643): 	at android.content.AsyncTaskLoader$LoadTask.doInBackground(AsyncTaskLoader.java)
E/AndroidRuntime( 5643): 	at android.content.AsyncTaskLoader$LoadTask.doInBackground(AsyncTaskLoader.java)
E/AndroidRuntime( 5643): 	at android.os.AsyncTask$2.call(AsyncTask.java)
E/AndroidRuntime( 5643): 	at java.util.concurrent.FutureTask.run(FutureTask.java:237)
E/AndroidRuntime( 5643): 	... 3 more
I/Process ( 5643): Sending signal. PID: 5643 SIG: 9
