W/View    ( 5320): requestLayout() improperly called by android.widget.CheckBox{9a1d793 IFED.... ......ID 990,28-1056,94 #7f0a00a2 app:id/checkbox} during layout: running second layout pass
W/View    ( 5320): requestLayout() improperly called by android.widget.CheckBox{3849c3d0 IFED.... ......ID 990,28-1056,94 #7f0a00a2 app:id/checkbox} during layout: running second layout pass
W/View    ( 5320): requestLayout() improperly called by android.widget.CheckBox{33f1efc9 IFED.... ......ID 990,28-1056,94 #7f0a00a2 app:id/checkbox} during layout: running second layout pass
W/View    ( 5320): requestLayout() improperly called by android.widget.CheckBox{138886ce IFED.... ......ID 990,28-1056,94 #7f0a00a2 app:id/checkbox} during layout: running second layout pass
W/View    ( 5320): requestLayout() improperly called by android.widget.CheckBox{3b8859ef IFED.... ......ID 990,28-1056,94 #7f0a00a2 app:id/checkbox} during layout: running second layout pass
W/View    ( 5320): requestLayout() improperly called by android.widget.CheckBox{224f4cfc IFED.... ......ID 990,28-1056,94 #7f0a00a2 app:id/checkbox} during layout: running second layout pass
W/View    ( 5320): requestLayout() improperly called by android.widget.CheckBox{c20bf85 IFED.... ......ID 990,28-1056,94 #7f0a00a2 app:id/checkbox} during layout: running second layout pass
W/View    ( 5320): requestLayout() improperly called by android.widget.CheckBox{a2a41da IFED.... ......ID 990,28-1056,94 #7f0a00a2 app:id/checkbox} during layout: running second layout pass
W/View    ( 5320): requestLayout() improperly called by android.widget.CheckBox{3caaa60b IFED.... ......ID 990,28-1056,94 #7f0a00a2 app:id/checkbox} during layout: running second layout pass
D/StatusBar.NetworkController( 1224): onDataActivity: direction=2
D/StatusBar.NetworkController( 1224): hasService: mServiceState=0 0 home 3 3 23420  UMTS HSPA CSS not supported -1 -1 RoamInd=-1 DefRoamInd=-1 EmergOnly=false retVal=true
D/StatusBar.NetworkController( 1224): refreshViews connected={ data } level=1 combinedSignalIconId=0x7f0201df/com.android.systemui:drawable/stat_sys_signal_1_fully combinedActivityIconId=0x7f0202c4 mobileLabel=3 wifiLabel= emergencyOnly=false combinedLabel=3 mAirplaneMode=false mDataActivity=2 mPhoneSignalIconId=0x7f0201df mQSPhoneSignalIconId=0x7f020098 mDataDirectionIconId=0x7f02012c mDataSignalIconId=0x7f0201df mDataTypeIconId=0x7f02012c mQSDataTypeIconId=0x7f02009f mNoSimIconId=0x0 mWifiIconId=0x7f0202d9 mQSWifiIconId=0x7f0200b4 mBluetoothTetherIconId=0x108069d
D/StatusBar.NetworkController( 1224): changing data overlay icon id to 2130838212
D/StatusBar.NetworkController( 1224): onSignalStrengthsChanged signalStrength=SignalStrength: 2 0 -120 -160 -120 -1 -1 99 2147483647 2147483647 2147483647 2147483647 2147483647 gsm|lte 0x0 level=0
D/StatusBar.NetworkController( 1224): hasService: mServiceState=0 0 home 3 3 23420  UMTS HSPA CSS not supported -1 -1 RoamInd=-1 DefRoamInd=-1 EmergOnly=false retVal=true
D/StatusBar.NetworkController( 1224): updateTelephonySignalStrength: hasService=true ss=SignalStrength: 2 0 -120 -160 -120 -1 -1 99 2147483647 2147483647 2147483647 2147483647 2147483647 gsm|lte 0x0
D/StatusBar.NetworkController( 1224): hasService: mServiceState=0 0 home 3 3 23420  UMTS HSPA CSS not supported -1 -1 RoamInd=-1 DefRoamInd=-1 EmergOnly=false retVal=true
D/StatusBar.NetworkController( 1224): updateTelephonySignalStrength: iconLevel=0
D/StatusBar.NetworkController( 1224): refreshViews connected={ data } level=0 combinedSignalIconId=0x7f0201a7/com.android.systemui:drawable/stat_sys_signal_0_fully combinedActivityIconId=0x7f0202c4 mobileLabel=3 wifiLabel= emergencyOnly=false combinedLabel=3 mAirplaneMode=false mDataActivity=2 mPhoneSignalIconId=0x7f0201a7 mQSPhoneSignalIconId=0x7f020097 mDataDirectionIconId=0x7f02012c mDataSignalIconId=0x7f0201a7 mDataTypeIconId=0x7f02012c mQSDataTypeIconId=0x7f02009f mNoSimIconId=0x0 mWifiIconId=0x7f0202d9 mQSWifiIconId=0x7f0200b4 mBluetoothTetherIconId=0x108069d
D/InputReader(  824): Input event: value=1 when=103707977000
I/InputReader(  824): Touch event's action is 0x0 (deviceType=0) [pCnt=1, s=0.20 ] when=103708099000
I/InputDispatcher(  824): Delivering touch to: action: 0x4
I/InputDispatcher(  824): Delivering touch to: action: 0x0
D/InputReader(  824): Input event: value=0 when=104034760000
I/InputReader(  824): Touch event's action is 0x1 (deviceType=0) [pCnt=1, s=] when=104034760000
I/InputDispatcher(  824): Delivering touch to: action: 0x1
D/InputReader(  824): Input event: value=1 when=104361389000
I/InputReader(  824): Touch event's action is 0x0 (deviceType=0) [pCnt=1, s=0.21 ] when=104361572000
I/InputDispatcher(  824): Delivering touch to: action: 0x4
I/InputDispatcher(  824): Delivering touch to: action: 0x0
D/InputReader(  824): Input event: value=0 when=104402252000
I/InputReader(  824): Touch event's action is 0x1 (deviceType=0) [pCnt=1, s=] when=104402252000
I/InputDispatcher(  824): Delivering touch to: action: 0x1
E/AudioTrack(  824): AudioTrack::set : Exit
D/InputReader(  824): Input event: value=1 when=104867523000
I/InputReader(  824): Touch event's action is 0x0 (deviceType=0) [pCnt=1, s=0.22 ] when=104867706000
I/InputDispatcher(  824): Delivering touch to: action: 0x4
I/InputDispatcher(  824): Delivering touch to: action: 0x0
D/InputReader(  824): Input event: value=0 when=104983063000
I/InputReader(  824): Touch event's action is 0x1 (deviceType=0) [pCnt=1, s=] when=104983063000
I/InputDispatcher(  824): Delivering touch to: action: 0x1
D/StatusBar.NetworkController( 1224): onDataActivity: direction=0
D/StatusBar.NetworkController( 1224): hasService: mServiceState=0 0 home 3 3 23420  UMTS HSPA CSS not supported -1 -1 RoamInd=-1 DefRoamInd=-1 EmergOnly=false retVal=true
D/StatusBar.NetworkController( 1224): refreshViews connected={ data } level=0 combinedSignalIconId=0x7f0201a7/com.android.systemui:drawable/stat_sys_signal_0_fully combinedActivityIconId=0x0 mobileLabel=3 wifiLabel= emergencyOnly=false combinedLabel=3 mAirplaneMode=false mDataActivity=0 mPhoneSignalIconId=0x7f0201a7 mQSPhoneSignalIconId=0x7f020097 mDataDirectionIconId=0x7f02012c mDataSignalIconId=0x7f0201a7 mDataTypeIconId=0x7f02012c mQSDataTypeIconId=0x7f02009f mNoSimIconId=0x0 mWifiIconId=0x7f0202d9 mQSWifiIconId=0x7f0200b4 mBluetoothTetherIconId=0x108069d
D/StatusBar.NetworkController( 1224): changing data overlay icon id to 0
D/StatusBar.NetworkController( 1224): onDataActivity: direction=2
D/StatusBar.NetworkController( 1224): hasService: mServiceState=0 0 home 3 3 23420  UMTS HSPA CSS not supported -1 -1 RoamInd=-1 DefRoamInd=-1 EmergOnly=false retVal=true
D/StatusBar.NetworkController( 1224): refreshViews connected={ data } level=0 combinedSignalIconId=0x7f0201a7/com.android.systemui:drawable/stat_sys_signal_0_fully combinedActivityIconId=0x7f0202c4 mobileLabel=3 wifiLabel= emergencyOnly=false combinedLabel=3 mAirplaneMode=false mDataActivity=2 mPhoneSignalIconId=0x7f0201a7 mQSPhoneSignalIconId=0x7f020097 mDataDirectionIconId=0x7f02012c mDataSignalIconId=0x7f0201a7 mDataTypeIconId=0x7f02012c mQSDataTypeIconId=0x7f02009f mNoSimIconId=0x0 mWifiIconId=0x7f0202d9 mQSWifiIconId=0x7f0200b4 mBluetoothTetherIconId=0x108069d
D/StatusBar.NetworkController( 1224): changing data overlay icon id to 2130838212
D/InputReader(  824): Input event: value=1 when=106645325000
I/InputReader(  824): Touch event's action is 0x0 (deviceType=0) [pCnt=1, s=0.23 ] when=106645416000
I/InputDispatcher(  824): Delivering touch to: action: 0x4
I/InputDispatcher(  824): Delivering touch to: action: 0x0
D/InputReader(  824): Input event: value=0 when=106747253000
I/InputReader(  824): Touch event's action is 0x1 (deviceType=0) [pCnt=1, s=] when=106747253000
I/InputDispatcher(  824): Delivering touch to: action: 0x1
D/InputReader(  824): Input event: value=1 when=107966797000
I/InputReader(  824): Touch event's action is 0x0 (deviceType=0) [pCnt=1, s=0.24 ] when=107966980000
I/InputDispatcher(  824): Delivering touch to: action: 0x4
I/InputDispatcher(  824): Delivering touch to: action: 0x0
D/StatusBar.NetworkController( 1224): onSignalStrengthsChanged signalStrength=SignalStrength: 2 0 -120 -160 -120 -1 -1 99 2147483647 2147483647 2147483647 2147483647 2147483647 gsm|lte 0x0 level=0
D/StatusBar.NetworkController( 1224): hasService: mServiceState=0 0 home 3 3 23420  UMTS HSPA CSS not supported -1 -1 RoamInd=-1 DefRoamInd=-1 EmergOnly=false retVal=true
D/StatusBar.NetworkController( 1224): updateTelephonySignalStrength: hasService=true ss=SignalStrength: 2 0 -120 -160 -120 -1 -1 99 2147483647 2147483647 2147483647 2147483647 2147483647 gsm|lte 0x0
D/StatusBar.NetworkController( 1224): hasService: mServiceState=0 0 home 3 3 23420  UMTS HSPA CSS not supported -1 -1 RoamInd=-1 DefRoamInd=-1 EmergOnly=false retVal=true
D/StatusBar.NetworkController( 1224): updateTelephonySignalStrength: iconLevel=0
D/StatusBar.NetworkController( 1224): refreshViews connected={ data } level=0 combinedSignalIconId=0x7f0201a7/com.android.systemui:drawable/stat_sys_signal_0_fully combinedActivityIconId=0x7f0202c4 mobileLabel=3 wifiLabel= emergencyOnly=false combinedLabel=3 mAirplaneMode=false mDataActivity=2 mPhoneSignalIconId=0x7f0201a7 mQSPhoneSignalIconId=0x7f020097 mDataDirectionIconId=0x7f02012c mDataSignalIconId=0x7f0201a7 mDataTypeIconId=0x7f02012c mQSDataTypeIconId=0x7f02009f mNoSimIconId=0x0 mWifiIconId=0x7f0202d9 mQSWifiIconId=0x7f0200b4 mBluetoothTetherIconId=0x108069d
D/InputReader(  824): Input event: value=0 when=108272125000
I/InputReader(  824): Touch event's action is 0x1 (deviceType=0) [pCnt=1, s=] when=108272125000
I/InputDispatcher(  824): Delivering touch to: action: 0x1
I/TemperatureHumiditySensor(  824): Accuracy has been changed to 3
V/AlarmManager(  824): waitForAlarm result :8
D/SSRM:j  (  824): SIOP:: AP = 410
I/wpa_supplicant( 1192): wlan0: CTRL-EVENT-SCAN-STARTED 
D/InputReader(  824): Input event: value=1 when=110133942000
I/InputReader(  824): Touch event's action is 0x0 (deviceType=0) [pCnt=1, s=0.25 ] when=110134125000
I/InputDispatcher(  824): Delivering touch to: action: 0x4
I/InputDispatcher(  824): Delivering touch to: action: 0x0
D/InputReader(  824): Input event: value=0 when=110171844000
I/InputReader(  824): Touch event's action is 0x1 (deviceType=0) [pCnt=1, s=] when=110171844000
I/InputDispatcher(  824): Delivering touch to: action: 0x1
E/AudioTrack(  824): AudioTrack::set : Exit
I/ActivityManager(  824): START u0 {dat=/system/priv-app/Dialer.apk cmp=com.estrongs.android.pop/.app.ShowDialogActivity (has extras)} from uid 10081 on display 0
W/PackageParser( 5320): No actions in intent filter at /system/priv-app/Dialer.apk Binary XML file line #185
D/StatusBar.NetworkController( 1224): onSignalStrengthsChanged signalStrength=SignalStrength: 1 0 -120 -160 -120 -1 -1 99 2147483647 2147483647 2147483647 2147483647 2147483647 gsm|lte 0x0 level=0
D/StatusBar.NetworkController( 1224): hasService: mServiceState=0 0 home 3 3 23420  UMTS HSPA CSS not supported -1 -1 RoamInd=-1 DefRoamInd=-1 EmergOnly=false retVal=true
D/StatusBar.NetworkController( 1224): updateTelephonySignalStrength: hasService=true ss=SignalStrength: 1 0 -120 -160 -120 -1 -1 99 2147483647 2147483647 2147483647 2147483647 2147483647 gsm|lte 0x0
D/StatusBar.NetworkController( 1224): hasService: mServiceState=0 0 home 3 3 23420  UMTS HSPA CSS not supported -1 -1 RoamInd=-1 DefRoamInd=-1 EmergOnly=false retVal=true
D/StatusBar.NetworkController( 1224): updateTelephonySignalStrength: iconLevel=0
D/StatusBar.NetworkController( 1224): refreshViews connected={ data } level=0 combinedSignalIconId=0x7f0201a7/com.android.systemui:drawable/stat_sys_signal_0_fully combinedActivityIconId=0x7f0202c4 mobileLabel=3 wifiLabel= emergencyOnly=false combinedLabel=3 mAirplaneMode=false mDataActivity=2 mPhoneSignalIconId=0x7f0201a7 mQSPhoneSignalIconId=0x7f020097 mDataDirectionIconId=0x7f02012c mDataSignalIconId=0x7f0201a7 mDataTypeIconId=0x7f02012c mQSDataTypeIconId=0x7f02009f mNoSimIconId=0x0 mWifiIconId=0x7f0202d9 mQSWifiIconId=0x7f0200b4 mBluetoothTetherIconId=0x108069d
W/ResourceType( 5320): No package identifier when getting value for resource number 0x00000000
I/ActivityManager(  824): Displayed com.estrongs.android.pop/.app.ShowDialogActivity: +296ms
D/StatusBar.NetworkController( 1224): onDataActivity: direction=0
D/StatusBar.NetworkController( 1224): hasService: mServiceState=0 0 home 3 3 23420  UMTS HSPA CSS not supported -1 -1 RoamInd=-1 DefRoamInd=-1 EmergOnly=false retVal=true
D/StatusBar.NetworkController( 1224): refreshViews connected={ data } level=0 combinedSignalIconId=0x7f0201a7/com.android.systemui:drawable/stat_sys_signal_0_fully combinedActivityIconId=0x0 mobileLabel=3 wifiLabel= emergencyOnly=false combinedLabel=3 mAirplaneMode=false mDataActivity=0 mPhoneSignalIconId=0x7f0201a7 mQSPhoneSignalIconId=0x7f020097 mDataDirectionIconId=0x7f02012c mDataSignalIconId=0x7f0201a7 mDataTypeIconId=0x7f02012c mQSDataTypeIconId=0x7f02009f mNoSimIconId=0x0 mWifiIconId=0x7f0202d9 mQSWifiIconId=0x7f0200b4 mBluetoothTetherIconId=0x108069d
D/StatusBar.NetworkController( 1224): changing data overlay icon id to 0
D/StatusBar.NetworkController( 1224): onSignalStrengthsChanged signalStrength=SignalStrength: 2 0 -120 -160 -120 -1 -1 99 2147483647 2147483647 2147483647 2147483647 2147483647 gsm|lte 0x0 level=0
D/StatusBar.NetworkController( 1224): hasService: mServiceState=0 0 home 3 3 23420  UMTS HSPA CSS not supported -1 -1 RoamInd=-1 DefRoamInd=-1 EmergOnly=false retVal=true
D/StatusBar.NetworkController( 1224): updateTelephonySignalStrength: hasService=true ss=SignalStrength: 2 0 -120 -160 -120 -1 -1 99 2147483647 2147483647 2147483647 2147483647 2147483647 gsm|lte 0x0
D/StatusBar.NetworkController( 1224): hasService: mServiceState=0 0 home 3 3 23420  UMTS HSPA CSS not supported -1 -1 RoamInd=-1 DefRoamInd=-1 EmergOnly=false retVal=true
D/StatusBar.NetworkController( 1224): updateTelephonySignalStrength: iconLevel=0
D/StatusBar.NetworkController( 1224): refreshViews connected={ data } level=0 combinedSignalIconId=0x7f0201a7/com.android.systemui:drawable/stat_sys_signal_0_fully combinedActivityIconId=0x0 mobileLabel=3 wifiLabel= emergencyOnly=false combinedLabel=3 mAirplaneMode=false mDataActivity=0 mPhoneSignalIconId=0x7f0201a7 mQSPhoneSignalIconId=0x7f020097 mDataDirectionIconId=0x7f02012c mDataSignalIconId=0x7f0201a7 mDataTypeIconId=0x7f02012c mQSDataTypeIconId=0x7f02009f mNoSimIconId=0x0 mWifiIconId=0x7f0202d9 mQSWifiIconId=0x7f0200b4 mBluetoothTetherIconId=0x108069d
D/Volley  ( 5391): [1] Request.finish: 10201 ms: [ ] https://android.clients.google.com/vending/api/ApiRequest 0xe8d195d1 NORMAL 12 ContentSyncRequestProto
D/StatusBar.NetworkController( 1224): onSignalStrengthsChanged signalStrength=SignalStrength: 2 0 -120 -160 -120 -1 -1 99 2147483647 2147483647 2147483647 2147483647 2147483647 gsm|lte 0x0 level=0
D/StatusBar.NetworkController( 1224): hasService: mServiceState=0 0 home 3 3 23420  UMTS HSPA CSS not supported -1 -1 RoamInd=-1 DefRoamInd=-1 EmergOnly=false retVal=true
D/StatusBar.NetworkController( 1224): updateTelephonySignalStrength: hasService=true ss=SignalStrength: 2 0 -120 -160 -120 -1 -1 99 2147483647 2147483647 2147483647 2147483647 2147483647 gsm|lte 0x0
D/StatusBar.NetworkController( 1224): hasService: mServiceState=0 0 home 3 3 23420  UMTS HSPA CSS not supported -1 -1 RoamInd=-1 DefRoamInd=-1 EmergOnly=false retVal=true
D/StatusBar.NetworkController( 1224): updateTelephonySignalStrength: iconLevel=0
D/StatusBar.NetworkController( 1224): refreshViews connected={ data } level=0 combinedSignalIconId=0x7f0201a7/com.android.systemui:drawable/stat_sys_signal_0_fully combinedActivityIconId=0x0 mobileLabel=3 wifiLabel= emergencyOnly=false combinedLabel=3 mAirplaneMode=false mDataActivity=0 mPhoneSignalIconId=0x7f0201a7 mQSPhoneSignalIconId=0x7f020097 mDataDirectionIconId=0x7f02012c mDataSignalIconId=0x7f0201a7 mDataTypeIconId=0x7f02012c mQSDataTypeIconId=0x7f02009f mNoSimIconId=0x0 mWifiIconId=0x7f0202d9 mQSWifiIconId=0x7f0200b4 mBluetoothTetherIconId=0x108069d
D/InputReader(  824): Input event: value=1 when=113215790000
I/InputReader(  824): Touch event's action is 0x0 (deviceType=0) [pCnt=1, s=0.26 ] when=113215973000
I/InputDispatcher(  824): Delivering touch to: action: 0x4
I/InputDispatcher(  824): Delivering touch to: action: 0x0
D/InputReader(  824): Input event: value=0 when=113413788000
I/InputReader(  824): Touch event's action is 0x1 (deviceType=0) [pCnt=1, s=] when=113413788000
I/InputDispatcher(  824): Delivering touch to: action: 0x1
I/ActivityManager(  824): START u0 {cmp=com.estrongs.android.pop/.app.OpenRecomm (has extras)} from uid 10081 on display 0
E/AudioTrack(  824): AudioTrack::set : Exit
W/ResourceType( 5320): No package identifier when getting value for resource number 0x00000000
W/PackageManager( 5320): Failure retrieving resources for com.android.packageinstaller: Resource ID #0x0
W/ResourceType( 5320): No package identifier when getting value for resource number 0x00000000
W/PackageManager( 5320): Failure retrieving resources for com.android.packageinstaller: Resource ID #0x0
I/ActivityManager(  824): START u0 {act=android.intent.action.VIEW dat=file:///system/priv-app/Dialer.apk typ=application/vnd.android.package-archive cmp=com.android.packageinstaller/.PackageInstallerActivity} from uid 10081 on display 0
W/main    (  330): type=1400 audit(0.0:84): avc: denied { getpgid } for scontext=u:r:init:s0 tcontext=u:r:system_server:s0 tclass=process
W/main    (  330): type=1300 audit(0.0:84): arch=40000028 syscall=132 per=800000 success=yes exit=330 a0=338 a1=bea5a3dc a2=338 a3=1 items=0 ppid=1 auid=4294967295 uid=0 gid=0 euid=0 suid=0 fsuid=0 egid=0 sgid=0 fsgid=0 tty=(none) ses=4294967295 exe="/system/bin/app_process32_original" subj=u:r:init:s0 key=(null)
W/auditd  ( 5168): type=1320 audit(0.0:84): 
W/main    ( 6133): type=1400 audit(0.0:85): avc: denied { setcurrent } for scontext=u:r:init:s0 tcontext=u:r:init:s0 tclass=process
W/main    ( 6133): type=1400 audit(0.0:85): avc: denied { dyntransition } for scontext=u:r:init:s0 tcontext=u:r:platform_app:s0 tclass=process
W/main    ( 6133): type=1300 audit(0.0:85): arch=40000028 syscall=4 per=800000 success=yes exit=20 a0=f a1=aff57c10 a2=14 a3=0 items=0 ppid=330 auid=4294967295 uid=10051 gid=10051 euid=10051 suid=10051 fsuid=10051 egid=10051 sgid=10051 fsgid=10051 tty=(none) ses=4294967295 exe="/system/bin/app_process32_original" subj=u:r:platform_app:s0 key=(null)
W/auditd  ( 5168): type=1320 audit(0.0:85): 
I/ActivityManager(  824): Start proc com.android.packageinstaller for activity com.android.packageinstaller/.PackageInstallerActivity: pid=6133 uid=10051 gids={50051, 9997, 1028, 1023} abi=armeabi-v7a
W/PackageParser( 6133): No actions in intent filter at /system/priv-app/Dialer.apk Binary XML file line #185
D/OpenGLRenderer( 6133): Render dirty regions requested: true
D/Atlas   ( 6133): Validating map...
V/QcrilMsgTunnelSocket( 4922): After reading offset = 0 remaining = 4 countRead = 4
D/QcrilMsgTunnelSocket( 4922): messageLength extracted from first 4 inputStream reads = 29
V/QcrilMsgTunnelSocket( 4922): offset = 0 remaining = 29 countRead = 0
V/QcrilMsgTunnelSocket( 4922): offset = 0 remaining = 29 countRead = 29
D/QcrilMsgTunnelSocket( 4922): readRilMessage: Buffer = [B@1ccc913 HexData = [010000000404000011000000514f454d484f4f4bef0308000100000002]
V/QcrilMsgTunnelSocket( 4922): Read packet: 29 bytes. Data Available = 32 Position = 0
D/QcrilMsgTunnelSocket( 4922): processResponse. message type = 1. Data Available = 28
D/QcrilMsgTunnelSocket( 4922): ByteArray from parcel = 514f454d484f4f4bef0308000100000002
D/QcrilMsgTunnelSocket( 4922): Received RIL_UNSOL_OEM_HOOK_RAW message
D/QcrilMsgTunnelSocket( 4922): Oem ID in RIL_UNSOL_OEM_HOOK_RAW is QOEMHOOK
D/QcrilMsgTunnelSocket( 4922): OEM ID check Passed
D/QcrilMsgTunnelSocket( 4922): Response ID in RIL_UNSOL_OEM_HOOK_RAW is 525295
D/QcrilMsgTunnelSocket( 4922): Response ID 525295is not served in this process.
D/QcrilMsgTunnelSocket( 4922): To broadcast an Intent via the notifier to external apps
V/QcrilMsgTunnelSocket( 4922): Before reading offset = 0 remaining = 4 countRead = 0
D/QcrilMsgTunnelIfaceManager( 4922): handleMessage what=0
D/QcrilMsgTunnelIfaceManager( 4922): Broadcasting intent ACTION_UNSOL_RESPONSE_OEM_HOOK_RAW
I/Adreno-EGL( 6133): <qeglDrvAPI_eglInitialize:410>: EGL 1.4 QUALCOMM build: AU_LINUX_ANDROID_LA.AF.1.1.04.04.03.164.081_msm8960_LA.AF.1.1__release_AU ()
I/Adreno-EGL( 6133): OpenGL ES Shader Compiler Version: E031.25.01.03
I/Adreno-EGL( 6133): Build Date: 11/02/14 Sun
I/Adreno-EGL( 6133): Local Branch: mybranch5454281
I/Adreno-EGL( 6133): Remote Branch: quic/l_LNX.LA.3.6
I/Adreno-EGL( 6133): Local Patches: NONE
I/Adreno-EGL( 6133): Reconstruct Branch: AU_LINUX_ANDROID_LA.AF.1.1.04.04.03.164.081 + db92d1e + cb8de02 +  NOTHING
I/OpenGLRenderer( 6133): Initialized EGL, version 1.4
D/StatusBar.NetworkController( 1224): onSignalStrengthsChanged signalStrength=SignalStrength: 2 0 -120 -160 -120 -1 -1 99 2147483647 2147483647 2147483647 2147483647 2147483647 gsm|lte 0x0 level=0
D/StatusBar.NetworkController( 1224): hasService: mServiceState=0 0 home 3 3 23420  UMTS HSPA CSS not supported -1 -1 RoamInd=-1 DefRoamInd=-1 EmergOnly=false retVal=true
D/StatusBar.NetworkController( 1224): updateTelephonySignalStrength: hasService=true ss=SignalStrength: 2 0 -120 -160 -120 -1 -1 99 2147483647 2147483647 2147483647 2147483647 2147483647 gsm|lte 0x0
D/StatusBar.NetworkController( 1224): hasService: mServiceState=0 0 home 3 3 23420  UMTS HSPA CSS not supported -1 -1 RoamInd=-1 DefRoamInd=-1 EmergOnly=false retVal=true
D/StatusBar.NetworkController( 1224): updateTelephonySignalStrength: iconLevel=0
D/StatusBar.NetworkController( 1224): refreshViews connected={ data } level=0 combinedSignalIconId=0x7f0201a7/com.android.systemui:drawable/stat_sys_signal_0_fully combinedActivityIconId=0x0 mobileLabel=3 wifiLabel= emergencyOnly=false combinedLabel=3 mAirplaneMode=false mDataActivity=0 mPhoneSignalIconId=0x7f0201a7 mQSPhoneSignalIconId=0x7f020097 mDataDirectionIconId=0x7f02012c mDataSignalIconId=0x7f0201a7 mDataTypeIconId=0x7f02012c mQSDataTypeIconId=0x7f02009f mNoSimIconId=0x0 mWifiIconId=0x7f0202d9 mQSWifiIconId=0x7f0200b4 mBluetoothTetherIconId=0x108069d
D/StatusBar.NetworkController( 1224): onDataActivity: direction=0
D/StatusBar.NetworkController( 1224): hasService: mServiceState=0 0 home 3 3 23420  UMTS HSPA CSS not supported -1 -1 RoamInd=-1 DefRoamInd=-1 EmergOnly=false retVal=true
D/StatusBar.NetworkController( 1224): refreshViews connected={ data } level=0 combinedSignalIconId=0x7f0201a7/com.android.systemui:drawable/stat_sys_signal_0_fully combinedActivityIconId=0x0 mobileLabel=3 wifiLabel= emergencyOnly=false combinedLabel=3 mAirplaneMode=false mDataActivity=0 mPhoneSignalIconId=0x7f0201a7 mQSPhoneSignalIconId=0x7f020097 mDataDirectionIconId=0x7f02012c mDataSignalIconId=0x7f0201a7 mDataTypeIconId=0x7f02012c mQSDataTypeIconId=0x7f02009f mNoSimIconId=0x0 mWifiIconId=0x7f0202d9 mQSWifiIconId=0x7f0200b4 mBluetoothTetherIconId=0x108069d
D/AlarmManagerService(  824): Kernel timezone updated to 0 minutes west of GMT
D/StatusBar.NetworkController( 1224): onServiceStateChanged voiceState=0 dataState=0
D/StatusBar.NetworkController( 1224): hasService: mServiceState=0 0 home 3 3 23420  UMTS HSPAP CSS not supported -1 -1 RoamInd=-1 DefRoamInd=-1 EmergOnly=false retVal=true
D/StatusBar.NetworkController( 1224): updateTelephonySignalStrength: hasService=true ss=SignalStrength: 2 0 -120 -160 -120 -1 -1 99 2147483647 2147483647 2147483647 2147483647 2147483647 gsm|lte 0x0
D/StatusBar.NetworkController( 1224): hasService: mServiceState=0 0 home 3 3 23420  UMTS HSPAP CSS not supported -1 -1 RoamInd=-1 DefRoamInd=-1 EmergOnly=false retVal=true
D/StatusBar.NetworkController( 1224): updateTelephonySignalStrength: iconLevel=0
D/StatusBar.NetworkController( 1224): hasService: mServiceState=0 0 home 3 3 23420  UMTS HSPAP CSS not supported -1 -1 RoamInd=-1 DefRoamInd=-1 EmergOnly=false retVal=true
D/OpenGLRenderer( 6133): Enabling debug mode 0
D/StatusBar.NetworkController( 1224): refreshViews connected={ data } level=0 combinedSignalIconId=0x7f0201a7/com.android.systemui:drawable/stat_sys_signal_0_fully combinedActivityIconId=0x0 mobileLabel=3 wifiLabel= emergencyOnly=false combinedLabel=3 mAirplaneMode=false mDataActivity=0 mPhoneSignalIconId=0x7f0201a7 mQSPhoneSignalIconId=0x7f020097 mDataDirectionIconId=0x7f02012c mDataSignalIconId=0x7f0201a7 mDataTypeIconId=0x7f02012c mQSDataTypeIconId=0x7f02009f mNoSimIconId=0x0 mWifiIconId=0x7f0202d9 mQSWifiIconId=0x7f0200b4 mBluetoothTetherIconId=0x108069d
D/CellBroadcastReceiver( 5030): onReceive Intent { act=android.intent.action.SERVICE_STATE flg=0x10 cmp=com.android.cellbroadcastreceiver/.CellBroadcastReceiver (has extras) }
W/CellBroadcastReceiver( 5030): onReceive() unexpected action android.intent.action.SERVICE_STATE
D/ConnectivityService(  824): notifyType CAP_CHANGED for NetworkAgentInfo [MOBILE (HSPA) - 100]
D/ConnectivityService(  824): Setting tx/rx TCP buffers to 122334,734003,2202010,32040,192239,576717
D/ConnectivityManager.CallbackHandler( 1224): CM callback handler got msg 524294
D/Nat464Xlat(  824): requiresClat: netType=0, connected=true, hasIPv4Address=true
D/ConnectivityService(  824): notifyType IP_CHANGED for NetworkAgentInfo [MOBILE (HSPA+) - 100]
D/ConnectivityService(  824): notifyType IP_CHANGED for NetworkAgentInfo [MOBILE (HSPA+) - 100]
D/ConnectivityManager.CallbackHandler( 1224): CM callback handler got msg 524295
D/ConnectivityManager.CallbackHandler( 1224): CM callback handler got msg 524295
D/PhoneApp( 1421): getPhone phoneId:0
D/StatusBar.NetworkController( 1224): onDataConnectionStateChanged: state=2 type=15
D/StatusBar.NetworkController( 1224): hasService: mServiceState=0 0 home 3 3 23420  UMTS HSPAP CSS not supported -1 -1 RoamInd=-1 DefRoamInd=-1 EmergOnly=false retVal=true
D/StatusBar.NetworkController( 1224): refreshViews connected={ data } level=0 combinedSignalIconId=0x7f0201a7/com.android.systemui:drawable/stat_sys_signal_0_fully combinedActivityIconId=0x0 mobileLabel=3 wifiLabel= emergencyOnly=false combinedLabel=3 mAirplaneMode=false mDataActivity=0 mPhoneSignalIconId=0x7f0201a7 mQSPhoneSignalIconId=0x7f020097 mDataDirectionIconId=0x7f02012c mDataSignalIconId=0x7f0201a7 mDataTypeIconId=0x7f02012d mQSDataTypeIconId=0x7f02009f mNoSimIconId=0x0 mWifiIconId=0x7f0202d9 mQSWifiIconId=0x7f0200b4 mBluetoothTetherIconId=0x108069d
D/DctController( 1421): [DctController] DataStateReceiver: phoneId= 0
D/DctController( 1421): [DctController] DataStateReceiver: STATE_IN_SERVICE Intent from phoneId=0
D/NotificationMgr( 1421): updateNetworkSelection()...state = 0 new network 
D/PhoneApp( 1421): mReceiver: ACTION_ANY_DATA_CONNECTION_STATE_CHANGED
D/PhoneApp( 1421): - state: CONNECTED
D/PhoneApp( 1421): - reason: null
D/NotificationMgr( 1421): hideDataDisconnectedRoaming()...
D/PhoneApp( 1421): getPhone phoneId:0
D/PhoneApp( 1421): getPhone phoneId:0
D/PhoneApp( 1421): getPhone phoneId:0
D/PhoneApp( 1421): getPhone phoneId:0
V/RenderScript( 6133): 0xa2c55600 Launching thread(s), CPUs 4
I/ActivityManager(  824): Displayed com.android.packageinstaller/.PackageInstallerActivity: +979ms (total +1s157ms)
D/StatusBar.NetworkController( 1224): onSignalStrengthsChanged signalStrength=SignalStrength: 2 0 -120 -160 -120 -1 -1 99 2147483647 2147483647 2147483647 2147483647 2147483647 gsm|lte 0x0 level=0
D/StatusBar.NetworkController( 1224): hasService: mServiceState=0 0 home 3 3 23420  UMTS HSPAP CSS not supported -1 -1 RoamInd=-1 DefRoamInd=-1 EmergOnly=false retVal=true
D/StatusBar.NetworkController( 1224): updateTelephonySignalStrength: hasService=true ss=SignalStrength: 2 0 -120 -160 -120 -1 -1 99 2147483647 2147483647 2147483647 2147483647 2147483647 gsm|lte 0x0
D/StatusBar.NetworkController( 1224): hasService: mServiceState=0 0 home 3 3 23420  UMTS HSPAP CSS not supported -1 -1 RoamInd=-1 DefRoamInd=-1 EmergOnly=false retVal=true
D/StatusBar.NetworkController( 1224): updateTelephonySignalStrength: iconLevel=0
D/StatusBar.NetworkController( 1224): refreshViews connected={ data } level=0 combinedSignalIconId=0x7f0201a7/com.android.systemui:drawable/stat_sys_signal_0_fully combinedActivityIconId=0x0 mobileLabel=3 wifiLabel= emergencyOnly=false combinedLabel=3 mAirplaneMode=false mDataActivity=0 mPhoneSignalIconId=0x7f0201a7 mQSPhoneSignalIconId=0x7f020097 mDataDirectionIconId=0x7f02012c mDataSignalIconId=0x7f0201a7 mDataTypeIconId=0x7f02012d mQSDataTypeIconId=0x7f02009f mNoSimIconId=0x0 mWifiIconId=0x7f0202d9 mQSWifiIconId=0x7f0200b4 mBluetoothTetherIconId=0x108069d
D/StatusBar.NetworkController( 1224): onDataActivity: direction=2
D/StatusBar.NetworkController( 1224): hasService: mServiceState=0 0 home 3 3 23420  UMTS HSPAP CSS not supported -1 -1 RoamInd=-1 DefRoamInd=-1 EmergOnly=false retVal=true
D/StatusBar.NetworkController( 1224): refreshViews connected={ data } level=0 combinedSignalIconId=0x7f0201a7/com.android.systemui:drawable/stat_sys_signal_0_fully combinedActivityIconId=0x7f0202c4 mobileLabel=3 wifiLabel= emergencyOnly=false combinedLabel=3 mAirplaneMode=false mDataActivity=2 mPhoneSignalIconId=0x7f0201a7 mQSPhoneSignalIconId=0x7f020097 mDataDirectionIconId=0x7f02012c mDataSignalIconId=0x7f0201a7 mDataTypeIconId=0x7f02012d mQSDataTypeIconId=0x7f02009f mNoSimIconId=0x0 mWifiIconId=0x7f0202d9 mQSWifiIconId=0x7f0200b4 mBluetoothTetherIconId=0x108069d
D/StatusBar.NetworkController( 1224): changing data overlay icon id to 2130838212
D/InputReader(  824): Input event: value=1 when=115367096000
I/InputReader(  824): Touch event's action is 0x0 (deviceType=0) [pCnt=1, s=0.27 ] when=115367310000
I/InputDispatcher(  824): Delivering touch to: action: 0x4
I/InputDispatcher(  824): Delivering touch to: action: 0x0
D/InputReader(  824): Input event: value=0 when=115479736000
I/InputReader(  824): Touch event's action is 0x1 (deviceType=0) [pCnt=1, s=] when=115479736000
I/InputDispatcher(  824): Delivering touch to: action: 0x1
E/AudioTrack(  824): AudioTrack::set : Exit
I/PackageInstaller( 6133): Launching settings
I/ActivityManager(  824): START u0 {act=android.settings.SECURITY_SETTINGS flg=0x10000000 cmp=com.android.settings/.Settings$SecuritySettingsActivity} from uid 10051 on display 0
D/OpenGLRenderer( 6133): endAllStagingAnimators on 0xb454d580 (RippleDrawable) with handle 0xa24fe760
D/PhoneApp( 1421): getPhone phoneId:0
W/Settings( 5498): Setting install_non_market_apps has moved from android.provider.Settings.Global to android.provider.Settings.Secure, returning read-only value.
I/IndexDatabaseHelper( 5498): Bootstrapped database
I/IndexDatabaseHelper( 5498): Using schema version: 115
I/IndexDatabaseHelper( 5498): Index is fine
D/Index   ( 5498): Deleting data for locale 'en_GB' took 1 millis
D/PhoneApp( 1421): getPhone phoneId:0
D/Index   ( 5498): Indexing locale 'en_GB' took 69 millis
D/StatusBar.NetworkController( 1224): onDataActivity: direction=0
D/StatusBar.NetworkController( 1224): hasService: mServiceState=0 0 home 3 3 23420  UMTS HSPAP CSS not supported -1 -1 RoamInd=-1 DefRoamInd=-1 EmergOnly=false retVal=true
D/StatusBar.NetworkController( 1224): refreshViews connected={ data } level=0 combinedSignalIconId=0x7f0201a7/com.android.systemui:drawable/stat_sys_signal_0_fully combinedActivityIconId=0x0 mobileLabel=3 wifiLabel= emergencyOnly=false combinedLabel=3 mAirplaneMode=false mDataActivity=0 mPhoneSignalIconId=0x7f0201a7 mQSPhoneSignalIconId=0x7f020097 mDataDirectionIconId=0x7f02012c mDataSignalIconId=0x7f0201a7 mDataTypeIconId=0x7f02012d mQSDataTypeIconId=0x7f02009f mNoSimIconId=0x0 mWifiIconId=0x7f0202d9 mQSWifiIconId=0x7f0200b4 mBluetoothTetherIconId=0x108069d
D/StatusBar.NetworkController( 1224): changing data overlay icon id to 0
I/ActivityManager(  824): Displayed com.android.settings/.Settings$SecuritySettingsActivity: +723ms
D/InputReader(  824): Input event: value=1 when=116982025000
I/InputReader(  824): Touch event's action is 0x0 (deviceType=0) [pCnt=1, s=0.28 ] when=116982208000
I/InputDispatcher(  824): Delivering touch to: action: 0x4
I/InputDispatcher(  824): Delivering touch to: action: 0x0
D/StatusBar.NetworkController( 1224): onSignalStrengthsChanged signalStrength=SignalStrength: 3 0 -120 -160 -120 -1 -1 99 2147483647 2147483647 2147483647 2147483647 2147483647 gsm|lte 0x0 level=1
D/StatusBar.NetworkController( 1224): hasService: mServiceState=0 0 home 3 3 23420  UMTS HSPAP CSS not supported -1 -1 RoamInd=-1 DefRoamInd=-1 EmergOnly=false retVal=true
D/StatusBar.NetworkController( 1224): updateTelephonySignalStrength: hasService=true ss=SignalStrength: 3 0 -120 -160 -120 -1 -1 99 2147483647 2147483647 2147483647 2147483647 2147483647 gsm|lte 0x0
D/StatusBar.NetworkController( 1224): hasService: mServiceState=0 0 home 3 3 23420  UMTS HSPAP CSS not supported -1 -1 RoamInd=-1 DefRoamInd=-1 EmergOnly=false retVal=true
D/StatusBar.NetworkController( 1224): updateTelephonySignalStrength: iconLevel=1
D/StatusBar.NetworkController( 1224): refreshViews connected={ data } level=1 combinedSignalIconId=0x7f0201df/com.android.systemui:drawable/stat_sys_signal_1_fully combinedActivityIconId=0x0 mobileLabel=3 wifiLabel= emergencyOnly=false combinedLabel=3 mAirplaneMode=false mDataActivity=0 mPhoneSignalIconId=0x7f0201df mQSPhoneSignalIconId=0x7f020098 mDataDirectionIconId=0x7f02012c mDataSignalIconId=0x7f0201df mDataTypeIconId=0x7f02012d mQSDataTypeIconId=0x7f02009f mNoSimIconId=0x0 mWifiIconId=0x7f0202d9 mQSWifiIconId=0x7f0200b4 mBluetoothTetherIconId=0x108069d
D/InputReader(  824): Input event: value=0 when=117276611000
I/InputReader(  824): Touch event's action is 0x1 (deviceType=0) [pCnt=1, s=] when=117276611000
I/InputDispatcher(  824): Delivering touch to: action: 0x1
D/InputReader(  824): Input event: value=1 when=117911896000
I/InputReader(  824): Touch event's action is 0x0 (deviceType=0) [pCnt=1, s=0.29 ] when=117912079000
I/InputDispatcher(  824): Delivering touch to: action: 0x4
I/InputDispatcher(  824): Delivering touch to: action: 0x0
D/InputReader(  824): Input event: value=0 when=118004028000
I/InputReader(  824): Touch event's action is 0x1 (deviceType=0) [pCnt=1, s=] when=118004028000
I/InputDispatcher(  824): Delivering touch to: action: 0x1
I/wpa_supplicant( 1192): wlan0: CTRL-EVENT-SCAN-STARTED 
D/StatusBar.NetworkController( 1224): onSignalStrengthsChanged signalStrength=SignalStrength: 3 0 -120 -160 -120 -1 -1 99 2147483647 2147483647 2147483647 2147483647 2147483647 gsm|lte 0x0 level=1
D/StatusBar.NetworkController( 1224): hasService: mServiceState=0 0 home 3 3 23420  UMTS HSPAP CSS not supported -1 -1 RoamInd=-1 DefRoamInd=-1 EmergOnly=false retVal=true
D/StatusBar.NetworkController( 1224): updateTelephonySignalStrength: hasService=true ss=SignalStrength: 3 0 -120 -160 -120 -1 -1 99 2147483647 2147483647 2147483647 2147483647 2147483647 gsm|lte 0x0
D/StatusBar.NetworkController( 1224): hasService: mServiceState=0 0 home 3 3 23420  UMTS HSPAP CSS not supported -1 -1 RoamInd=-1 DefRoamInd=-1 EmergOnly=false retVal=true
D/StatusBar.NetworkController( 1224): updateTelephonySignalStrength: iconLevel=1
D/StatusBar.NetworkController( 1224): refreshViews connected={ data } level=1 combinedSignalIconId=0x7f0201df/com.android.systemui:drawable/stat_sys_signal_1_fully combinedActivityIconId=0x0 mobileLabel=3 wifiLabel= emergencyOnly=false combinedLabel=3 mAirplaneMode=false mDataActivity=0 mPhoneSignalIconId=0x7f0201df mQSPhoneSignalIconId=0x7f020098 mDataDirectionIconId=0x7f02012c mDataSignalIconId=0x7f0201df mDataTypeIconId=0x7f02012d mQSDataTypeIconId=0x7f02009f mNoSimIconId=0x0 mWifiIconId=0x7f0202d9 mQSWifiIconId=0x7f0200b4 mBluetoothTetherIconId=0x108069d
E/AudioTrack(  824): AudioTrack::set : Exit
D/StatusBar.NetworkController( 1224): onDataActivity: direction=2
D/StatusBar.NetworkController( 1224): hasService: mServiceState=0 0 home 3 3 23420  UMTS HSPAP CSS not supported -1 -1 RoamInd=-1 DefRoamInd=-1 EmergOnly=false retVal=true
D/StatusBar.NetworkController( 1224): refreshViews connected={ data } level=1 combinedSignalIconId=0x7f0201df/com.android.systemui:drawable/stat_sys_signal_1_fully combinedActivityIconId=0x7f0202c4 mobileLabel=3 wifiLabel= emergencyOnly=false combinedLabel=3 mAirplaneMode=false mDataActivity=2 mPhoneSignalIconId=0x7f0201df mQSPhoneSignalIconId=0x7f020098 mDataDirectionIconId=0x7f02012c mDataSignalIconId=0x7f0201df mDataTypeIconId=0x7f02012d mQSDataTypeIconId=0x7f02009f mNoSimIconId=0x0 mWifiIconId=0x7f0202d9 mQSWifiIconId=0x7f0200b4 mBluetoothTetherIconId=0x108069d
D/StatusBar.NetworkController( 1224): changing data overlay icon id to 2130838212
D/InputReader(  824): Input event: value=1 when=118740082000
I/InputReader(  824): Touch event's action is 0x0 (deviceType=0) [pCnt=1, s=0.30 ] when=118740173000
I/InputDispatcher(  824): Delivering touch to: action: 0x4
I/InputDispatcher(  824): Delivering touch to: action: 0x0
D/InputReader(  824): Input event: value=0 when=118831238000
I/InputReader(  824): Touch event's action is 0x1 (deviceType=0) [pCnt=1, s=] when=118831238000
I/InputDispatcher(  824): Delivering touch to: action: 0x1
W/Settings( 5498): Setting install_non_market_apps has moved from android.provider.Settings.Global to android.provider.Settings.Secure, value is unchanged.
E/AudioTrack(  824): AudioTrack::set : Exit
W/InputMethodManagerService(  824): Window already focused, ignoring focus gain of: com.android.internal.view.IInputMethodClient$Stub$Proxy@3a861b04 attribute=null, token = android.os.BinderProxy@3832abe
D/StatusBar.NetworkController( 1224): onDataActivity: direction=0
D/StatusBar.NetworkController( 1224): hasService: mServiceState=0 0 home 3 3 23420  UMTS HSPAP CSS not supported -1 -1 RoamInd=-1 DefRoamInd=-1 EmergOnly=false retVal=true
D/StatusBar.NetworkController( 1224): refreshViews connected={ data } level=1 combinedSignalIconId=0x7f0201df/com.android.systemui:drawable/stat_sys_signal_1_fully combinedActivityIconId=0x0 mobileLabel=3 wifiLabel= emergencyOnly=false combinedLabel=3 mAirplaneMode=false mDataActivity=0 mPhoneSignalIconId=0x7f0201df mQSPhoneSignalIconId=0x7f020098 mDataDirectionIconId=0x7f02012c mDataSignalIconId=0x7f0201df mDataTypeIconId=0x7f02012d mQSDataTypeIconId=0x7f02009f mNoSimIconId=0x0 mWifiIconId=0x7f0202d9 mQSWifiIconId=0x7f0200b4 mBluetoothTetherIconId=0x108069d
D/StatusBar.NetworkController( 1224): changing data overlay icon id to 0
V/AlarmManager(  824): waitForAlarm result :8
D/InputReader(  824): Input event: value=1 when=119887848000
W/BatteryStatsImpl(  824): Unknown user activity type 3 was specified.
W/BatteryStatsImpl(  824): java.lang.Throwable
W/BatteryStatsImpl(  824): 	at com.android.internal.os.BatteryStatsImpl$Uid.noteUserActivityLocked(BatteryStatsImpl.java)
W/BatteryStatsImpl(  824): 	at com.android.internal.os.BatteryStatsImpl.noteUserActivityLocked(BatteryStatsImpl.java)
W/BatteryStatsImpl(  824): 	at com.android.server.am.BatteryStatsService.noteUserActivity(BatteryStatsService.java)
W/BatteryStatsImpl(  824): 	at com.android.server.power.Notifier.onUserActivity(Notifier.java)
W/BatteryStatsImpl(  824): 	at com.android.server.power.PowerManagerService.userActivityNoUpdateLocked(PowerManagerService.java)
W/BatteryStatsImpl(  824): 	at com.android.server.power.PowerManagerService.userActivityInternal(PowerManagerService.java)
W/BatteryStatsImpl(  824): 	at com.android.server.power.PowerManagerService.userActivityFromNative(PowerManagerService.java)
D/lights  (  824): button : 1 +
D/lights  (  824): button : 1 -
I/InputDispatcher(  824): Delivering key to: action: 0x0 (0)
E/AudioTrack(  824): AudioTrack::set : Exit
D/SSRM:j  (  824): SIOP:: AP = 410
D/InputReader(  824): Input event: value=0 when=119932220000
I/InputDispatcher(  824): Delivering key to: action: 0x1 (0)
D/StatusBar.NetworkController( 1224): onSignalStrengthsChanged signalStrength=SignalStrength: 4 0 -120 -160 -120 -1 -1 99 2147483647 2147483647 2147483647 2147483647 2147483647 gsm|lte 0x0 level=1
D/StatusBar.NetworkController( 1224): hasService: mServiceState=0 0 home 3 3 23420  UMTS HSPAP CSS not supported -1 -1 RoamInd=-1 DefRoamInd=-1 EmergOnly=false retVal=true
D/StatusBar.NetworkController( 1224): updateTelephonySignalStrength: hasService=true ss=SignalStrength: 4 0 -120 -160 -120 -1 -1 99 2147483647 2147483647 2147483647 2147483647 2147483647 gsm|lte 0x0
D/StatusBar.NetworkController( 1224): hasService: mServiceState=0 0 home 3 3 23420  UMTS HSPAP CSS not supported -1 -1 RoamInd=-1 DefRoamInd=-1 EmergOnly=false retVal=true
D/StatusBar.NetworkController( 1224): updateTelephonySignalStrength: iconLevel=1
D/StatusBar.NetworkController( 1224): refreshViews connected={ data } level=1 combinedSignalIconId=0x7f0201df/com.android.systemui:drawable/stat_sys_signal_1_fully combinedActivityIconId=0x0 mobileLabel=3 wifiLabel= emergencyOnly=false combinedLabel=3 mAirplaneMode=false mDataActivity=0 mPhoneSignalIconId=0x7f0201df mQSPhoneSignalIconId=0x7f020098 mDataDirectionIconId=0x7f02012c mDataSignalIconId=0x7f0201df mDataTypeIconId=0x7f02012d mQSDataTypeIconId=0x7f02009f mNoSimIconId=0x0 mWifiIconId=0x7f0202d9 mQSWifiIconId=0x7f0200b4 mBluetoothTetherIconId=0x108069d
D/lights  (  824): button : 0 +
D/lights  (  824): button : 0 -
D/StatusBar.NetworkController( 1224): onSignalStrengthsChanged signalStrength=SignalStrength: 5 0 -120 -160 -120 -1 -1 99 2147483647 2147483647 2147483647 2147483647 2147483647 gsm|lte 0x0 level=2
D/StatusBar.NetworkController( 1224): hasService: mServiceState=0 0 home 3 3 23420  UMTS HSPAP CSS not supported -1 -1 RoamInd=-1 DefRoamInd=-1 EmergOnly=false retVal=true
D/StatusBar.NetworkController( 1224): updateTelephonySignalStrength: hasService=true ss=SignalStrength: 5 0 -120 -160 -120 -1 -1 99 2147483647 2147483647 2147483647 2147483647 2147483647 gsm|lte 0x0
D/StatusBar.NetworkController( 1224): hasService: mServiceState=0 0 home 3 3 23420  UMTS HSPAP CSS not supported -1 -1 RoamInd=-1 DefRoamInd=-1 EmergOnly=false retVal=true
D/StatusBar.NetworkController( 1224): updateTelephonySignalStrength: iconLevel=2
D/StatusBar.NetworkController( 1224): refreshViews connected={ data } level=2 combinedSignalIconId=0x7f02021b/com.android.systemui:drawable/stat_sys_signal_2_fully combinedActivityIconId=0x0 mobileLabel=3 wifiLabel= emergencyOnly=false combinedLabel=3 mAirplaneMode=false mDataActivity=0 mPhoneSignalIconId=0x7f02021b mQSPhoneSignalIconId=0x7f020099 mDataDirectionIconId=0x7f02012c mDataSignalIconId=0x7f02021b mDataTypeIconId=0x7f02012d mQSDataTypeIconId=0x7f02009f mNoSimIconId=0x0 mWifiIconId=0x7f0202d9 mQSWifiIconId=0x7f0200b4 mBluetoothTetherIconId=0x108069d
I/Atfwd_Sendcmd(  333): AtCmdFwd service not ready - Exhausted retry attempts - :6
I/Atfwd_Daemon(  333): result : -1 	 ,Init step :2 	 ,qmiErrorCode: 0
D/StatusBar.NetworkController( 1224): onSignalStrengthsChanged signalStrength=SignalStrength: 5 0 -120 -160 -120 -1 -1 99 2147483647 2147483647 2147483647 2147483647 2147483647 gsm|lte 0x0 level=2
D/StatusBar.NetworkController( 1224): hasService: mServiceState=0 0 home 3 3 23420  UMTS HSPAP CSS not supported -1 -1 RoamInd=-1 DefRoamInd=-1 EmergOnly=false retVal=true
D/StatusBar.NetworkController( 1224): updateTelephonySignalStrength: hasService=true ss=SignalStrength: 5 0 -120 -160 -120 -1 -1 99 2147483647 2147483647 2147483647 2147483647 2147483647 gsm|lte 0x0
D/StatusBar.NetworkController( 1224): hasService: mServiceState=0 0 home 3 3 23420  UMTS HSPAP CSS not supported -1 -1 RoamInd=-1 DefRoamInd=-1 EmergOnly=false retVal=true
D/StatusBar.NetworkController( 1224): updateTelephonySignalStrength: iconLevel=2
D/StatusBar.NetworkController( 1224): refreshViews connected={ data } level=2 combinedSignalIconId=0x7f02021b/com.android.systemui:drawable/stat_sys_signal_2_fully combinedActivityIconId=0x0 mobileLabel=3 wifiLabel= emergencyOnly=false combinedLabel=3 mAirplaneMode=false mDataActivity=0 mPhoneSignalIconId=0x7f02021b mQSPhoneSignalIconId=0x7f020099 mDataDirectionIconId=0x7f02012c mDataSignalIconId=0x7f02021b mDataTypeIconId=0x7f02012d mQSDataTypeIconId=0x7f02009f mNoSimIconId=0x0 mWifiIconId=0x7f0202d9 mQSWifiIconId=0x7f0200b4 mBluetoothTetherIconId=0x108069d
V/QcrilMsgTunnelSocket( 4922): After reading offset = 0 remaining = 4 countRead = 4
D/QcrilMsgTunnelSocket( 4922): messageLength extracted from first 4 inputStream reads = 29
V/QcrilMsgTunnelSocket( 4922): offset = 0 remaining = 29 countRead = 0
V/QcrilMsgTunnelSocket( 4922): offset = 0 remaining = 29 countRead = 29
D/QcrilMsgTunnelSocket( 4922): readRilMessage: Buffer = [B@1ccc913 HexData = [010000000404000011000000514f454d484f4f4bef0308000100000002]
V/QcrilMsgTunnelSocket( 4922): Read packet: 29 bytes. Data Available = 32 Position = 0
D/QcrilMsgTunnelSocket( 4922): processResponse. message type = 1. Data Available = 28
D/QcrilMsgTunnelSocket( 4922): ByteArray from parcel = 514f454d484f4f4bef0308000100000002
D/QcrilMsgTunnelSocket( 4922): Received RIL_UNSOL_OEM_HOOK_RAW message
D/QcrilMsgTunnelSocket( 4922): Oem ID in RIL_UNSOL_OEM_HOOK_RAW is QOEMHOOK
D/QcrilMsgTunnelSocket( 4922): OEM ID check Passed
D/QcrilMsgTunnelSocket( 4922): Response ID in RIL_UNSOL_OEM_HOOK_RAW is 525295
D/QcrilMsgTunnelSocket( 4922): Response ID 525295is not served in this process.
D/QcrilMsgTunnelSocket( 4922): To broadcast an Intent via the notifier to external apps
V/QcrilMsgTunnelSocket( 4922): Before reading offset = 0 remaining = 4 countRead = 0
D/QcrilMsgTunnelIfaceManager( 4922): handleMessage what=0
D/QcrilMsgTunnelIfaceManager( 4922): Broadcasting intent ACTION_UNSOL_RESPONSE_OEM_HOOK_RAW
D/AlarmManagerService(  824): Kernel timezone updated to 0 minutes west of GMT
D/StatusBar.NetworkController( 1224): onServiceStateChanged voiceState=0 dataState=0
D/StatusBar.NetworkController( 1224): hasService: mServiceState=0 0 home 3 3 23420  UMTS HSPA CSS not supported -1 -1 RoamInd=-1 DefRoamInd=-1 EmergOnly=false retVal=true
D/StatusBar.NetworkController( 1224): updateTelephonySignalStrength: hasService=true ss=SignalStrength: 5 0 -120 -160 -120 -1 -1 99 2147483647 2147483647 2147483647 2147483647 2147483647 gsm|lte 0x0
D/StatusBar.NetworkController( 1224): hasService: mServiceState=0 0 home 3 3 23420  UMTS HSPA CSS not supported -1 -1 RoamInd=-1 DefRoamInd=-1 EmergOnly=false retVal=true
D/StatusBar.NetworkController( 1224): updateTelephonySignalStrength: iconLevel=2
D/StatusBar.NetworkController( 1224): hasService: mServiceState=0 0 home 3 3 23420  UMTS HSPA CSS not supported -1 -1 RoamInd=-1 DefRoamInd=-1 EmergOnly=false retVal=true
D/StatusBar.NetworkController( 1224): refreshViews connected={ data } level=2 combinedSignalIconId=0x7f02021b/com.android.systemui:drawable/stat_sys_signal_2_fully combinedActivityIconId=0x0 mobileLabel=3 wifiLabel= emergencyOnly=false combinedLabel=3 mAirplaneMode=false mDataActivity=0 mPhoneSignalIconId=0x7f02021b mQSPhoneSignalIconId=0x7f020099 mDataDirectionIconId=0x7f02012c mDataSignalIconId=0x7f02021b mDataTypeIconId=0x7f02012d mQSDataTypeIconId=0x7f02009f mNoSimIconId=0x0 mWifiIconId=0x7f0202d9 mQSWifiIconId=0x7f0200b4 mBluetoothTetherIconId=0x108069d
D/CellBroadcastReceiver( 5030): onReceive Intent { act=android.intent.action.SERVICE_STATE flg=0x10 cmp=com.android.cellbroadcastreceiver/.CellBroadcastReceiver (has extras) }
W/CellBroadcastReceiver( 5030): onReceive() unexpected action android.intent.action.SERVICE_STATE
D/ConnectivityService(  824): notifyType CAP_CHANGED for NetworkAgentInfo [MOBILE (HSPA+) - 100]
D/ConnectivityService(  824): Setting tx/rx TCP buffers to 40778,244668,734003,16777,100663,301990
D/ConnectivityManager.CallbackHandler( 1224): CM callback handler got msg 524294
D/PhoneApp( 1421): getPhone phoneId:0
D/StatusBar.NetworkController( 1224): onDataConnectionStateChanged: state=2 type=10
D/StatusBar.NetworkController( 1224): hasService: mServiceState=0 0 home 3 3 23420  UMTS HSPA CSS not supported -1 -1 RoamInd=-1 DefRoamInd=-1 EmergOnly=false retVal=true
D/StatusBar.NetworkController( 1224): refreshViews connected={ data } level=2 combinedSignalIconId=0x7f02021b/com.android.systemui:drawable/stat_sys_signal_2_fully combinedActivityIconId=0x0 mobileLabel=3 wifiLabel= emergencyOnly=false combinedLabel=3 mAirplaneMode=false mDataActivity=0 mPhoneSignalIconId=0x7f02021b mQSPhoneSignalIconId=0x7f020099 mDataDirectionIconId=0x7f02012c mDataSignalIconId=0x7f02021b mDataTypeIconId=0x7f02012c mQSDataTypeIconId=0x7f02009f mNoSimIconId=0x0 mWifiIconId=0x7f0202d9 mQSWifiIconId=0x7f0200b4 mBluetoothTetherIconId=0x108069d
D/DctController( 1421): [DctController] DataStateReceiver: phoneId= 0
D/DctController( 1421): [DctController] DataStateReceiver: STATE_IN_SERVICE Intent from phoneId=0
D/NotificationMgr( 1421): updateNetworkSelection()...state = 0 new network 
D/Nat464Xlat(  824): requiresClat: netType=0, connected=true, hasIPv4Address=true
D/ConnectivityService(  824): notifyType IP_CHANGED for NetworkAgentInfo [MOBILE (HSPA) - 100]
D/PhoneApp( 1421): mReceiver: ACTION_ANY_DATA_CONNECTION_STATE_CHANGED
D/PhoneApp( 1421): - state: CONNECTED
D/PhoneApp( 1421): - reason: null
D/NotificationMgr( 1421): hideDataDisconnectedRoaming()...
D/ConnectivityService(  824): notifyType IP_CHANGED for NetworkAgentInfo [MOBILE (HSPA) - 100]
D/ConnectivityManager.CallbackHandler( 1224): CM callback handler got msg 524295
D/ConnectivityManager.CallbackHandler( 1224): CM callback handler got msg 524295
D/PhoneApp( 1421): getPhone phoneId:0
D/PhoneApp( 1421): getPhone phoneId:0
D/PhoneApp( 1421): getPhone phoneId:0
D/PhoneApp( 1421): getPhone phoneId:0
D/StatusBar.NetworkController( 1224): onDataActivity: direction=0
D/StatusBar.NetworkController( 1224): hasService: mServiceState=0 0 home 3 3 23420  UMTS HSPA CSS not supported -1 -1 RoamInd=-1 DefRoamInd=-1 EmergOnly=false retVal=true
