D/Finsky  ( 5391): [1] MultiWayUpdateController.captureVariesByAccount: Change varies-by-account for com.google.android.inputmethod.latin to true
D/Finsky  ( 5391): [1] MultiWayUpdateController.captureAutoAcquireTags: Change auto-acquire tags for com.google.android.inputmethod.latin from  to d_AAAAAAADF8w=
D/Finsky  ( 5391): [1] MultiWayUpdateController.captureVariesByAccount: Change varies-by-account for com.google.android.apps.messaging to true
D/Finsky  ( 5391): [1] MultiWayUpdateController.captureAutoAcquireTags: Change auto-acquire tags for com.google.android.apps.messaging from  to d_AAAAAAADF8w=
D/Finsky  ( 5391): [1] MultiWayUpdateController.captureVariesByAccount: Change varies-by-account for com.google.android.googlequicksearchbox to true
D/Finsky  ( 5391): [1] MultiWayUpdateController.captureAutoAcquireTags: Change auto-acquire tags for com.google.android.googlequicksearchbox from  to d_AAAAAAADF8w=
D/Finsky  ( 5391): [1] InstallerImpl.requestInstall: Request install of com.google.android.gms v=6776438 for single_install
D/Finsky  ( 5391): [1] PackageInstallerImpl.innerCreateSession: Created session 1376836342 for com.google.android.gms
D/Finsky  ( 5391): [1] InstallerImpl.kick: Installer kick - starting com.google.android.gms
D/Finsky  ( 5391): [1] InstallPolicies.captureEverExternallyHosted: Capturing ever-externally-hosted false for com.google.android.GoogleCamera
D/Finsky  ( 5391): [1] InstallPolicies.captureEverExternallyHosted: Capturing ever-externally-hosted false for h.bigga.bigga.lwp.grass
D/Finsky  ( 5391): [1] InstallPolicies.captureEverExternallyHosted: Capturing ever-externally-hosted false for com.estrongs.android.pop
D/Finsky  ( 5391): [1] InstallPolicies.captureEverExternallyHosted: Capturing ever-externally-hosted false for com.android.chrome
D/Finsky  ( 5391): [1] InstallPolicies.captureEverExternallyHosted: Capturing ever-externally-hosted false for com.google.android.ears
W/GAV4    ( 5819): Thread[main,5,main]: int configuration name not recognized:  ga_dispatchPeriod
D/Finsky  ( 5391): [1] InstallPolicies.captureEverExternallyHosted: Capturing ever-externally-hosted false for com.google.android.tts
D/Finsky  ( 5391): [1] InstallPolicies.captureEverExternallyHosted: Capturing ever-externally-hosted false for com.google.android.gm
D/Finsky  ( 5391): [1] InstallPolicies.captureEverExternallyHosted: Capturing ever-externally-hosted false for com.google.android.marvin.talkback
D/Finsky  ( 5391): [1] InstallPolicies.captureEverExternallyHosted: Capturing ever-externally-hosted false for com.google.android.inputmethod.latin
D/Finsky  ( 5391): [1] InstallPolicies.captureEverExternallyHosted: Capturing ever-externally-hosted false for eu.chainfire.supersu
D/Finsky  ( 5391): [1] InstallPolicies.captureEverExternallyHosted: Capturing ever-externally-hosted false for com.ota.updates
D/Finsky  ( 5391): [1] InstallPolicies.captureEverExternallyHosted: Capturing ever-externally-hosted false for com.google.android.launcher
D/Finsky  ( 5391): [1] InstallPolicies.captureEverExternallyHosted: Capturing ever-externally-hosted false for com.google.android.apps.messaging
D/Finsky  ( 5391): [1] InstallPolicies.captureEverExternallyHosted: Capturing ever-externally-hosted false for com.google.android.googlequicksearchbox
D/Finsky  ( 5391): [1] ReschedulerUsingJobScheduler.schedule: Scheduling auto-update check using JobScheduler.
D/Finsky  ( 5391): [1] UpdateChecker.showUpdateNotifications: Notifying user that 2 applications have outstanding updates.
D/LocationManagerService(  824): request c261ffc passive Request[POWER_NONE passive fastest=+12h0m0s0ms] from com.google.android.dialer(10025)
D/LocationManagerService(  824): provider request: passive ProviderRequest[ON interval=0]
D/PhoneApp( 1421): getPhone phoneId:0
I/ContactPhotoManager( 5819): Cache adj: 1.0
D/Finsky  ( 5391): [1] DailyHygiene.logDeviceFeaturesAndContinue: Logging device features
D/Finsky  ( 5391): [1] DailyHygiene.flushEventLogsAndContinue: Flushing event logs for [2zbYz6M_qMeeUzBPjOQO8nO0ksQ]
D/DeviceConnectionService( 1845): client connected with version: 6587000
D/PhoneApp( 1421): getPhone phoneId:0
I/ActivityManager(  824): Killing 5064:com.qualcomm.timeservice/1000 (adj 15): empty #17
W/libprocessgroup(  824): failed to open /acct/uid_1000/pid_5064/cgroup.procs: No such file or directory
D/PhoneApp( 1421): getPhone phoneId:0
E/AudioTrack( 5819): AudioTrack::set : Exit
I/DialpadFragment( 5819): Displaying normal Dialer UI.
I/DialpadFragment( 5819): Displaying normal Dialer UI.
D/OpenGLRenderer( 5819): Render dirty regions requested: true
D/Atlas   ( 5819): Validating map...
E/SQLiteLog( 1565): (284) automatic index on sqlite_sq_AFAF1470(STAT_DATA_ID)
E/SQLiteLog( 1565): (284) automatic index on sqlite_sq_AFF90BF0(STAT_DATA_ID)
D/PhoneApp( 1421): getPhone phoneId:0
I/Adreno-EGL( 5819): <qeglDrvAPI_eglInitialize:410>: EGL 1.4 QUALCOMM build: AU_LINUX_ANDROID_LA.AF.1.1.04.04.03.164.081_msm8960_LA.AF.1.1__release_AU ()
I/Adreno-EGL( 5819): OpenGL ES Shader Compiler Version: E031.25.01.03
I/Adreno-EGL( 5819): Build Date: 11/02/14 Sun
I/Adreno-EGL( 5819): Local Branch: mybranch5454281
I/Adreno-EGL( 5819): Remote Branch: quic/l_LNX.LA.3.6
I/Adreno-EGL( 5819): Local Patches: NONE
I/Adreno-EGL( 5819): Reconstruct Branch: AU_LINUX_ANDROID_LA.AF.1.1.04.04.03.164.081 + db92d1e + cb8de02 +  NOTHING
I/OpenGLRenderer( 5819): Initialized EGL, version 1.4
D/OpenGLRenderer( 5819): Enabling debug mode 0
I/ActivityManager(  824): Displayed com.google.android.dialer/.extensions.GoogleDialtactsActivity: +1s60ms
I/art     ( 5391): WaitForGcToComplete blocked for 16.326ms for cause HeapTrim
V/AlarmManager(  824): waitForAlarm result :8
D/SSRM:j  (  824): SIOP:: AP = 410
D/InputReader(  824): Input event: value=1 when=90714691000
I/InputReader(  824): Touch event's action is 0x0 (deviceType=0) [pCnt=1, s=0.11 ] when=90714874000
I/InputDispatcher(  824): Delivering touch to: action: 0x4
I/InputDispatcher(  824): Delivering touch to: action: 0x0
D/InputReader(  824): Input event: value=0 when=90787201000
I/InputReader(  824): Touch event's action is 0x1 (deviceType=0) [pCnt=1, s=] when=90787201000
I/InputDispatcher(  824): Delivering touch to: action: 0x1
E/AudioTrack(  824): AudioTrack::set : Exit
D/StatusBar.NetworkController( 1224): onDataActivity: direction=0
D/StatusBar.NetworkController( 1224): hasService: mServiceState=0 0 home 3 3 23420  UMTS HSPAP CSS not supported -1 -1 RoamInd=-1 DefRoamInd=-1 EmergOnly=false retVal=true
D/StatusBar.NetworkController( 1224): refreshViews connected={ data } level=2 combinedSignalIconId=0x7f02021b/com.android.systemui:drawable/stat_sys_signal_2_fully combinedActivityIconId=0x0 mobileLabel=3 wifiLabel= emergencyOnly=false combinedLabel=3 mAirplaneMode=false mDataActivity=0 mPhoneSignalIconId=0x7f02021b mQSPhoneSignalIconId=0x7f020099 mDataDirectionIconId=0x7f02012c mDataSignalIconId=0x7f02021b mDataTypeIconId=0x7f02012d mQSDataTypeIconId=0x7f02009f mNoSimIconId=0x0 mWifiIconId=0x7f0202d9 mQSWifiIconId=0x7f0200b4 mBluetoothTetherIconId=0x108069d
D/StatusBar.NetworkController( 1224): changing data overlay icon id to 0
D/InputReader(  824): Input event: value=1 when=91551483000
I/InputReader(  824): Touch event's action is 0x0 (deviceType=0) [pCnt=1, s=0.12 ] when=91551544000
I/InputDispatcher(  824): Delivering touch to: action: 0x4
I/InputDispatcher(  824): Delivering touch to: action: 0x0
D/InputReader(  824): Input event: value=0 when=91632294000
I/InputReader(  824): Touch event's action is 0x1 (deviceType=0) [pCnt=1, s=] when=91632294000
I/InputDispatcher(  824): Delivering touch to: action: 0x1
V/ContactPhotoManager( 5819): Preloaded 25 photos.  Cached bytes: 135395
E/AudioTrack(  824): AudioTrack::set : Exit
I/ActivityManager(  824): START u0 {cmp=com.google.android.dialer/.settings.GoogleDialerSettingsActivity} from uid 10025 on display 0
W/GAV4    ( 5819): Thread[main,5,main]: int configuration name not recognized:  ga_dispatchPeriod
D/StatusBar.NetworkController( 1224): onDataActivity: direction=2
D/StatusBar.NetworkController( 1224): hasService: mServiceState=0 0 home 3 3 23420  UMTS HSPAP CSS not supported -1 -1 RoamInd=-1 DefRoamInd=-1 EmergOnly=false retVal=true
D/StatusBar.NetworkController( 1224): refreshViews connected={ data } level=2 combinedSignalIconId=0x7f02021b/com.android.systemui:drawable/stat_sys_signal_2_fully combinedActivityIconId=0x7f0202c4 mobileLabel=3 wifiLabel= emergencyOnly=false combinedLabel=3 mAirplaneMode=false mDataActivity=2 mPhoneSignalIconId=0x7f02021b mQSPhoneSignalIconId=0x7f020099 mDataDirectionIconId=0x7f02012c mDataSignalIconId=0x7f02021b mDataTypeIconId=0x7f02012d mQSDataTypeIconId=0x7f02009f mNoSimIconId=0x0 mWifiIconId=0x7f0202d9 mQSWifiIconId=0x7f0200b4 mBluetoothTetherIconId=0x108069d
D/StatusBar.NetworkController( 1224): changing data overlay icon id to 2130838212
I/ActivityManager(  824): Displayed com.google.android.dialer/.settings.GoogleDialerSettingsActivity: +337ms
I/ServiceManager(  333): Waiting for service AtCmdFwd...
W/SurfaceFlinger(  287): couldn't log to binary event log: overflow.
D/StatusBar.NetworkController( 1224): onSignalStrengthsChanged signalStrength=SignalStrength: 6 0 -120 -160 -120 -1 -1 99 2147483647 2147483647 2147483647 2147483647 2147483647 gsm|lte 0x0 level=2
D/StatusBar.NetworkController( 1224): hasService: mServiceState=0 0 home 3 3 23420  UMTS HSPAP CSS not supported -1 -1 RoamInd=-1 DefRoamInd=-1 EmergOnly=false retVal=true
D/StatusBar.NetworkController( 1224): updateTelephonySignalStrength: hasService=true ss=SignalStrength: 6 0 -120 -160 -120 -1 -1 99 2147483647 2147483647 2147483647 2147483647 2147483647 gsm|lte 0x0
D/StatusBar.NetworkController( 1224): hasService: mServiceState=0 0 home 3 3 23420  UMTS HSPAP CSS not supported -1 -1 RoamInd=-1 DefRoamInd=-1 EmergOnly=false retVal=true
D/StatusBar.NetworkController( 1224): updateTelephonySignalStrength: iconLevel=2
D/StatusBar.NetworkController( 1224): refreshViews connected={ data } level=2 combinedSignalIconId=0x7f02021b/com.android.systemui:drawable/stat_sys_signal_2_fully combinedActivityIconId=0x7f0202c4 mobileLabel=3 wifiLabel= emergencyOnly=false combinedLabel=3 mAirplaneMode=false mDataActivity=2 mPhoneSignalIconId=0x7f02021b mQSPhoneSignalIconId=0x7f020099 mDataDirectionIconId=0x7f02012c mDataSignalIconId=0x7f02021b mDataTypeIconId=0x7f02012d mQSDataTypeIconId=0x7f02009f mNoSimIconId=0x0 mWifiIconId=0x7f0202d9 mQSWifiIconId=0x7f0200b4 mBluetoothTetherIconId=0x108069d
V/ContactPhotoManager( 5819): Preloaded 12 photos.  Cached bytes: 214787
I/ServiceManager(  333): Waiting for service AtCmdFwd...
D/StatusBar.NetworkController( 1224): onSignalStrengthsChanged signalStrength=SignalStrength: 6 0 -120 -160 -120 -1 -1 99 2147483647 2147483647 2147483647 2147483647 2147483647 gsm|lte 0x0 level=2
D/StatusBar.NetworkController( 1224): hasService: mServiceState=0 0 home 3 3 23420  UMTS HSPAP CSS not supported -1 -1 RoamInd=-1 DefRoamInd=-1 EmergOnly=false retVal=true
D/StatusBar.NetworkController( 1224): updateTelephonySignalStrength: hasService=true ss=SignalStrength: 6 0 -120 -160 -120 -1 -1 99 2147483647 2147483647 2147483647 2147483647 2147483647 gsm|lte 0x0
D/StatusBar.NetworkController( 1224): hasService: mServiceState=0 0 home 3 3 23420  UMTS HSPAP CSS not supported -1 -1 RoamInd=-1 DefRoamInd=-1 EmergOnly=false retVal=true
D/StatusBar.NetworkController( 1224): updateTelephonySignalStrength: iconLevel=2
D/StatusBar.NetworkController( 1224): refreshViews connected={ data } level=2 combinedSignalIconId=0x7f02021b/com.android.systemui:drawable/stat_sys_signal_2_fully combinedActivityIconId=0x7f0202c4 mobileLabel=3 wifiLabel= emergencyOnly=false combinedLabel=3 mAirplaneMode=false mDataActivity=2 mPhoneSignalIconId=0x7f02021b mQSPhoneSignalIconId=0x7f020099 mDataDirectionIconId=0x7f02012c mDataSignalIconId=0x7f02021b mDataTypeIconId=0x7f02012d mQSDataTypeIconId=0x7f02009f mNoSimIconId=0x0 mWifiIconId=0x7f0202d9 mQSWifiIconId=0x7f0200b4 mBluetoothTetherIconId=0x108069d
V/QcrilMsgTunnelSocket( 4922): After reading offset = 0 remaining = 4 countRead = 4
D/QcrilMsgTunnelSocket( 4922): messageLength extracted from first 4 inputStream reads = 29
V/QcrilMsgTunnelSocket( 4922): offset = 0 remaining = 29 countRead = 0
V/QcrilMsgTunnelSocket( 4922): offset = 0 remaining = 29 countRead = 29
D/QcrilMsgTunnelSocket( 4922): readRilMessage: Buffer = [B@1ccc913 HexData = [010000000404000011000000514f454d484f4f4bef0308000100000002]
V/QcrilMsgTunnelSocket( 4922): Read packet: 29 bytes. Data Available = 32 Position = 0
D/QcrilMsgTunnelSocket( 4922): processResponse. message type = 1. Data Available = 28
D/QcrilMsgTunnelSocket( 4922): ByteArray from parcel = 514f454d484f4f4bef0308000100000002
D/QcrilMsgTunnelSocket( 4922): Received RIL_UNSOL_OEM_HOOK_RAW message
D/QcrilMsgTunnelSocket( 4922): Oem ID in RIL_UNSOL_OEM_HOOK_RAW is QOEMHOOK
D/QcrilMsgTunnelSocket( 4922): OEM ID check Passed
D/QcrilMsgTunnelSocket( 4922): Response ID in RIL_UNSOL_OEM_HOOK_RAW is 525295
D/QcrilMsgTunnelSocket( 4922): Response ID 525295is not served in this process.
D/QcrilMsgTunnelSocket( 4922): To broadcast an Intent via the notifier to external apps
V/QcrilMsgTunnelSocket( 4922): Before reading offset = 0 remaining = 4 countRead = 0
D/QcrilMsgTunnelIfaceManager( 4922): handleMessage what=0
D/QcrilMsgTunnelIfaceManager( 4922): Broadcasting intent ACTION_UNSOL_RESPONSE_OEM_HOOK_RAW
D/AlarmManagerService(  824): Kernel timezone updated to 0 minutes west of GMT
D/InputReader(  824): Input event: value=1 when=93876282000
D/StatusBar.NetworkController( 1224): onServiceStateChanged voiceState=0 dataState=0
D/StatusBar.NetworkController( 1224): hasService: mServiceState=0 0 home 3 3 23420  UMTS HSPA CSS not supported -1 -1 RoamInd=-1 DefRoamInd=-1 EmergOnly=false retVal=true
D/StatusBar.NetworkController( 1224): updateTelephonySignalStrength: hasService=true ss=SignalStrength: 6 0 -120 -160 -120 -1 -1 99 2147483647 2147483647 2147483647 2147483647 2147483647 gsm|lte 0x0
D/StatusBar.NetworkController( 1224): hasService: mServiceState=0 0 home 3 3 23420  UMTS HSPA CSS not supported -1 -1 RoamInd=-1 DefRoamInd=-1 EmergOnly=false retVal=true
D/StatusBar.NetworkController( 1224): updateTelephonySignalStrength: iconLevel=2
D/StatusBar.NetworkController( 1224): hasService: mServiceState=0 0 home 3 3 23420  UMTS HSPA CSS not supported -1 -1 RoamInd=-1 DefRoamInd=-1 EmergOnly=false retVal=true
D/StatusBar.NetworkController( 1224): refreshViews connected={ data } level=2 combinedSignalIconId=0x7f02021b/com.android.systemui:drawable/stat_sys_signal_2_fully combinedActivityIconId=0x7f0202c4 mobileLabel=3 wifiLabel= emergencyOnly=false combinedLabel=3 mAirplaneMode=false mDataActivity=2 mPhoneSignalIconId=0x7f02021b mQSPhoneSignalIconId=0x7f020099 mDataDirectionIconId=0x7f02012c mDataSignalIconId=0x7f02021b mDataTypeIconId=0x7f02012d mQSDataTypeIconId=0x7f02009f mNoSimIconId=0x0 mWifiIconId=0x7f0202d9 mQSWifiIconId=0x7f0200b4 mBluetoothTetherIconId=0x108069d
W/BatteryStatsImpl(  824): Unknown user activity type 3 was specified.
W/BatteryStatsImpl(  824): java.lang.Throwable
W/BatteryStatsImpl(  824): 	at com.android.internal.os.BatteryStatsImpl$Uid.noteUserActivityLocked(BatteryStatsImpl.java)
W/BatteryStatsImpl(  824): 	at com.android.internal.os.BatteryStatsImpl.noteUserActivityLocked(BatteryStatsImpl.java)
W/BatteryStatsImpl(  824): 	at com.android.server.am.BatteryStatsService.noteUserActivity(BatteryStatsService.java)
W/BatteryStatsImpl(  824): 	at com.android.server.power.Notifier.onUserActivity(Notifier.java)
W/BatteryStatsImpl(  824): 	at com.android.server.power.PowerManagerService.userActivityNoUpdateLocked(PowerManagerService.java)
W/BatteryStatsImpl(  824): 	at com.android.server.power.PowerManagerService.userActivityInternal(PowerManagerService.java)
W/BatteryStatsImpl(  824): 	at com.android.server.power.PowerManagerService.userActivityFromNative(PowerManagerService.java)
D/lights  (  824): button : 1 +
D/lights  (  824): button : 1 -
I/InputDispatcher(  824): Delivering key to: action: 0x0 (0)
E/AudioTrack(  824): AudioTrack::set : Exit
D/CellBroadcastReceiver( 5030): onReceive Intent { act=android.intent.action.SERVICE_STATE flg=0x10 cmp=com.android.cellbroadcastreceiver/.CellBroadcastReceiver (has extras) }
W/CellBroadcastReceiver( 5030): onReceive() unexpected action android.intent.action.SERVICE_STATE
D/ConnectivityService(  824): notifyType CAP_CHANGED for NetworkAgentInfo [MOBILE (HSPA+) - 100]
D/ConnectivityManager.CallbackHandler( 1224): CM callback handler got msg 524294
D/ConnectivityService(  824): Setting tx/rx TCP buffers to 40778,244668,734003,16777,100663,301990
D/Nat464Xlat(  824): requiresClat: netType=0, connected=true, hasIPv4Address=true
D/ConnectivityService(  824): notifyType IP_CHANGED for NetworkAgentInfo [MOBILE (HSPA) - 100]
D/ConnectivityService(  824): notifyType IP_CHANGED for NetworkAgentInfo [MOBILE (HSPA) - 100]
D/ConnectivityManager.CallbackHandler( 1224): CM callback handler got msg 524295
D/ConnectivityManager.CallbackHandler( 1224): CM callback handler got msg 524295
D/PhoneApp( 1421): getPhone phoneId:0
D/StatusBar.NetworkController( 1224): onDataConnectionStateChanged: state=2 type=10
D/StatusBar.NetworkController( 1224): hasService: mServiceState=0 0 home 3 3 23420  UMTS HSPA CSS not supported -1 -1 RoamInd=-1 DefRoamInd=-1 EmergOnly=false retVal=true
D/StatusBar.NetworkController( 1224): refreshViews connected={ data } level=2 combinedSignalIconId=0x7f02021b/com.android.systemui:drawable/stat_sys_signal_2_fully combinedActivityIconId=0x7f0202c4 mobileLabel=3 wifiLabel= emergencyOnly=false combinedLabel=3 mAirplaneMode=false mDataActivity=2 mPhoneSignalIconId=0x7f02021b mQSPhoneSignalIconId=0x7f020099 mDataDirectionIconId=0x7f02012c mDataSignalIconId=0x7f02021b mDataTypeIconId=0x7f02012c mQSDataTypeIconId=0x7f02009f mNoSimIconId=0x0 mWifiIconId=0x7f0202d9 mQSWifiIconId=0x7f0200b4 mBluetoothTetherIconId=0x108069d
D/DctController( 1421): [DctController] DataStateReceiver: phoneId= 0
D/DctController( 1421): [DctController] DataStateReceiver: STATE_IN_SERVICE Intent from phoneId=0
D/NotificationMgr( 1421): updateNetworkSelection()...state = 0 new network 
D/PhoneApp( 1421): getPhone phoneId:0
D/PhoneApp( 1421): mReceiver: ACTION_ANY_DATA_CONNECTION_STATE_CHANGED
D/PhoneApp( 1421): - state: CONNECTED
D/PhoneApp( 1421): - reason: null
D/NotificationMgr( 1421): hideDataDisconnectedRoaming()...
D/PhoneApp( 1421): getPhone phoneId:0
D/PhoneApp( 1421): getPhone phoneId:0
D/InputReader(  824): Input event: value=0 when=93944244000
I/InputDispatcher(  824): Delivering key to: action: 0x1 (0)
E/AudioTrack( 5819): AudioTrack::set : Exit
I/DialpadFragment( 5819): Displaying normal Dialer UI.
I/DialpadFragment( 5819): Displaying normal Dialer UI.
I/art     ( 1640): Explicit concurrent mark sweep GC freed 22835(1336KB) AllocSpace objects, 0(0B) LOS objects, 39% free, 18MB/30MB, paused 1.220ms total 36.132ms
D/StatusBar.NetworkController( 1224): onDataActivity: direction=0
D/StatusBar.NetworkController( 1224): hasService: mServiceState=0 0 home 3 3 23420  UMTS HSPA CSS not supported -1 -1 RoamInd=-1 DefRoamInd=-1 EmergOnly=false retVal=true
D/StatusBar.NetworkController( 1224): refreshViews connected={ data } level=2 combinedSignalIconId=0x7f02021b/com.android.systemui:drawable/stat_sys_signal_2_fully combinedActivityIconId=0x0 mobileLabel=3 wifiLabel= emergencyOnly=false combinedLabel=3 mAirplaneMode=false mDataActivity=0 mPhoneSignalIconId=0x7f02021b mQSPhoneSignalIconId=0x7f020099 mDataDirectionIconId=0x7f02012c mDataSignalIconId=0x7f02021b mDataTypeIconId=0x7f02012c mQSDataTypeIconId=0x7f02009f mNoSimIconId=0x0 mWifiIconId=0x7f0202d9 mQSWifiIconId=0x7f0200b4 mBluetoothTetherIconId=0x108069d
D/StatusBar.NetworkController( 1224): changing data overlay icon id to 0
W/GAV4    ( 1529): Thread[Thread-186,5,main]:  Using destination https://ssl.google-analytics.com
E/SQLiteLog( 1565): (284) automatic index on sqlite_sq_AF91F920(STAT_DATA_ID)
E/SQLiteLog( 1565): (284) automatic index on sqlite_sq_AF91F1F0(STAT_DATA_ID)
D/PhoneApp( 1421): getPhone phoneId:0
W/GAV4    ( 1529): Thread[Thread-186,5,main]:  Using destination https://ssl.google-analytics.com
W/GAV4    ( 1529): Thread[Thread-186,5,main]:  Using destination https://ssl.google-analytics.com
I/ServiceManager(  333): Waiting for service AtCmdFwd...
D/StatusBar.NetworkController( 1224): onDataActivity: direction=0
D/StatusBar.NetworkController( 1224): hasService: mServiceState=0 0 home 3 3 23420  UMTS HSPA CSS not supported -1 -1 RoamInd=-1 DefRoamInd=-1 EmergOnly=false retVal=true
D/StatusBar.NetworkController( 1224): refreshViews connected={ data } level=2 combinedSignalIconId=0x7f02021b/com.android.systemui:drawable/stat_sys_signal_2_fully combinedActivityIconId=0x0 mobileLabel=3 wifiLabel= emergencyOnly=false combinedLabel=3 mAirplaneMode=false mDataActivity=0 mPhoneSignalIconId=0x7f02021b mQSPhoneSignalIconId=0x7f020099 mDataDirectionIconId=0x7f02012c mDataSignalIconId=0x7f02021b mDataTypeIconId=0x7f02012c mQSDataTypeIconId=0x7f02009f mNoSimIconId=0x0 mWifiIconId=0x7f0202d9 mQSWifiIconId=0x7f0200b4 mBluetoothTetherIconId=0x108069d
W/GAV4    ( 1529): Thread[Thread-186,5,main]:  Using destination https://ssl.google-analytics.com
W/GAV4    ( 1529): Thread[Thread-186,5,main]:  Using destination https://ssl.google-analytics.com
D/InputReader(  824): Input event: value=1 when=94416443000
W/BatteryStatsImpl(  824): Unknown user activity type 3 was specified.
W/BatteryStatsImpl(  824): java.lang.Throwable
W/BatteryStatsImpl(  824): 	at com.android.internal.os.BatteryStatsImpl$Uid.noteUserActivityLocked(BatteryStatsImpl.java)
W/BatteryStatsImpl(  824): 	at com.android.internal.os.BatteryStatsImpl.noteUserActivityLocked(BatteryStatsImpl.java)
W/BatteryStatsImpl(  824): 	at com.android.server.am.BatteryStatsService.noteUserActivity(BatteryStatsService.java)
W/BatteryStatsImpl(  824): 	at com.android.server.power.Notifier.onUserActivity(Notifier.java)
W/BatteryStatsImpl(  824): 	at com.android.server.power.PowerManagerService.userActivityNoUpdateLocked(PowerManagerService.java)
W/BatteryStatsImpl(  824): 	at com.android.server.power.PowerManagerService.userActivityInternal(PowerManagerService.java)
W/BatteryStatsImpl(  824): 	at com.android.server.power.PowerManagerService.userActivityFromNative(PowerManagerService.java)
I/InputDispatcher(  824): Delivering key to: action: 0x0 (0)
E/AudioTrack(  824): AudioTrack::set : Exit
W/SurfaceFlinger(  287): couldn't log to binary event log: overflow.
D/InputReader(  824): Input event: value=0 when=94534698000
I/InputDispatcher(  824): Delivering key to: action: 0x1 (0)
I/ActivityManager(  824): Killing 5090:com.android.chrome/u0a67 (adj 15): empty #17
W/libprocessgroup(  824): failed to open /acct/uid_10067/pid_5090/cgroup.procs: No such file or directory
D/StatusBar.NetworkController( 1224): onDataActivity: direction=2
D/StatusBar.NetworkController( 1224): hasService: mServiceState=0 0 home 3 3 23420  UMTS HSPA CSS not supported -1 -1 RoamInd=-1 DefRoamInd=-1 EmergOnly=false retVal=true
D/StatusBar.NetworkController( 1224): refreshViews connected={ data } level=2 combinedSignalIconId=0x7f02021b/com.android.systemui:drawable/stat_sys_signal_2_fully combinedActivityIconId=0x7f0202c4 mobileLabel=3 wifiLabel= emergencyOnly=false combinedLabel=3 mAirplaneMode=false mDataActivity=2 mPhoneSignalIconId=0x7f02021b mQSPhoneSignalIconId=0x7f020099 mDataDirectionIconId=0x7f02012c mDataSignalIconId=0x7f02021b mDataTypeIconId=0x7f02012c mQSDataTypeIconId=0x7f02009f mNoSimIconId=0x0 mWifiIconId=0x7f0202d9 mQSWifiIconId=0x7f0200b4 mBluetoothTetherIconId=0x108069d
D/StatusBar.NetworkController( 1224): changing data overlay icon id to 2130838212
I/ServiceManager(  333): Waiting for service AtCmdFwd...
D/InputReader(  824): Input event: value=1 when=95701416000
I/InputReader(  824): Touch event's action is 0x0 (deviceType=0) [pCnt=1, s=0.13 ] when=95701599000
I/InputDispatcher(  824): Delivering touch to: action: 0x4
I/InputDispatcher(  824): Delivering touch to: action: 0x0
I/InputDispatcher(  824): Delivering touch to: action: 0x0
D/lights  (  824): button : 0 +
D/lights  (  824): button : 0 -
D/StatusBar.NetworkController( 1224): onDataActivity: direction=0
D/StatusBar.NetworkController( 1224): hasService: mServiceState=0 0 home 3 3 23420  UMTS HSPA CSS not supported -1 -1 RoamInd=-1 DefRoamInd=-1 EmergOnly=false retVal=true
D/StatusBar.NetworkController( 1224): refreshViews connected={ data } level=2 combinedSignalIconId=0x7f02021b/com.android.systemui:drawable/stat_sys_signal_2_fully combinedActivityIconId=0x0 mobileLabel=3 wifiLabel= emergencyOnly=false combinedLabel=3 mAirplaneMode=false mDataActivity=0 mPhoneSignalIconId=0x7f02021b mQSPhoneSignalIconId=0x7f020099 mDataDirectionIconId=0x7f02012c mDataSignalIconId=0x7f02021b mDataTypeIconId=0x7f02012c mQSDataTypeIconId=0x7f02009f mNoSimIconId=0x0 mWifiIconId=0x7f0202d9 mQSWifiIconId=0x7f0200b4 mBluetoothTetherIconId=0x108069d
D/StatusBar.NetworkController( 1224): changing data overlay icon id to 0
I/ServiceManager(  333): Waiting for service AtCmdFwd...
D/InputReader(  824): Input event: value=0 when=96371552000
I/InputReader(  824): Touch event's action is 0x1 (deviceType=0) [pCnt=1, s=] when=96371552000
I/InputDispatcher(  824): Delivering touch to: action: 0x1
I/InputDispatcher(  824): Delivering touch to: action: 0x1
D/Finsky  ( 5391): [1] 2.onErrorResponse: Received VolleyError 927 (null)
D/Finsky  ( 5391): [1] InstallerTask.cancelCleanup: Cancel running installation of com.google.android.gms
D/Finsky  ( 5391): [1] PackageInstallerImpl.cancelSession: Canceling session 1376836342 for com.google.android.gms
D/Volley  ( 5391): [1] Request.finish: 7921 ms: [ ] https://android.clients.google.com/fdfe/delivery?doc=com.google.android.gms&ot=1&st=EJSOgqgFGV66OcUhQNVB%0A&vc=6776438&bvc=6776430&pf=1&pf=2&ch=OJGKRT0HGZNU-LGa8F7GViztV4g 0xe8d195d1 NORMAL 11
D/StatusBar.NetworkController( 1224): onSignalStrengthsChanged signalStrength=SignalStrength: 5 0 -120 -160 -120 -1 -1 99 2147483647 2147483647 2147483647 2147483647 2147483647 gsm|lte 0x0 level=2
D/StatusBar.NetworkController( 1224): hasService: mServiceState=0 0 home 3 3 23420  UMTS HSPA CSS not supported -1 -1 RoamInd=-1 DefRoamInd=-1 EmergOnly=false retVal=true
D/StatusBar.NetworkController( 1224): updateTelephonySignalStrength: hasService=true ss=SignalStrength: 5 0 -120 -160 -120 -1 -1 99 2147483647 2147483647 2147483647 2147483647 2147483647 gsm|lte 0x0
D/StatusBar.NetworkController( 1224): hasService: mServiceState=0 0 home 3 3 23420  UMTS HSPA CSS not supported -1 -1 RoamInd=-1 DefRoamInd=-1 EmergOnly=false retVal=true
D/StatusBar.NetworkController( 1224): updateTelephonySignalStrength: iconLevel=2
D/StatusBar.NetworkController( 1224): refreshViews connected={ data } level=2 combinedSignalIconId=0x7f02021b/com.android.systemui:drawable/stat_sys_signal_2_fully combinedActivityIconId=0x0 mobileLabel=3 wifiLabel= emergencyOnly=false combinedLabel=3 mAirplaneMode=false mDataActivity=0 mPhoneSignalIconId=0x7f02021b mQSPhoneSignalIconId=0x7f020099 mDataDirectionIconId=0x7f02012c mDataSignalIconId=0x7f02021b mDataTypeIconId=0x7f02012c mQSDataTypeIconId=0x7f02009f mNoSimIconId=0x0 mWifiIconId=0x7f0202d9 mQSWifiIconId=0x7f0200b4 mBluetoothTetherIconId=0x108069d
D/InputReader(  824): Input event: value=1 when=97025177000
I/InputReader(  824): Touch event's action is 0x0 (deviceType=0) [pCnt=1, s=0.14 ] when=97025360000
I/InputDispatcher(  824): Delivering touch to: action: 0x4
I/InputDispatcher(  824): Delivering touch to: action: 0x0
I/InputDispatcher(  824): Delivering touch to: action: 0x0
D/StatusBar.NetworkController( 1224): onSignalStrengthsChanged signalStrength=SignalStrength: 4 0 -120 -160 -120 -1 -1 99 2147483647 2147483647 2147483647 2147483647 2147483647 gsm|lte 0x0 level=1
D/StatusBar.NetworkController( 1224): hasService: mServiceState=0 0 home 3 3 23420  UMTS HSPA CSS not supported -1 -1 RoamInd=-1 DefRoamInd=-1 EmergOnly=false retVal=true
D/StatusBar.NetworkController( 1224): updateTelephonySignalStrength: hasService=true ss=SignalStrength: 4 0 -120 -160 -120 -1 -1 99 2147483647 2147483647 2147483647 2147483647 2147483647 gsm|lte 0x0
D/StatusBar.NetworkController( 1224): hasService: mServiceState=0 0 home 3 3 23420  UMTS HSPA CSS not supported -1 -1 RoamInd=-1 DefRoamInd=-1 EmergOnly=false retVal=true
D/StatusBar.NetworkController( 1224): updateTelephonySignalStrength: iconLevel=1
D/StatusBar.NetworkController( 1224): refreshViews connected={ data } level=1 combinedSignalIconId=0x7f0201df/com.android.systemui:drawable/stat_sys_signal_1_fully combinedActivityIconId=0x0 mobileLabel=3 wifiLabel= emergencyOnly=false combinedLabel=3 mAirplaneMode=false mDataActivity=0 mPhoneSignalIconId=0x7f0201df mQSPhoneSignalIconId=0x7f020098 mDataDirectionIconId=0x7f02012c mDataSignalIconId=0x7f0201df mDataTypeIconId=0x7f02012c mQSDataTypeIconId=0x7f02009f mNoSimIconId=0x0 mWifiIconId=0x7f0202d9 mQSWifiIconId=0x7f0200b4 mBluetoothTetherIconId=0x108069d
D/InputReader(  824): Input event: value=0 when=97084015000
I/InputReader(  824): Touch event's action is 0x1 (deviceType=0) [pCnt=1, s=] when=97084015000
I/InputDispatcher(  824): Delivering touch to: action: 0x1
I/InputDispatcher(  824): Delivering touch to: action: 0x1
I/ActivityManager(  824): START u0 {act=android.intent.action.MAIN cat=[android.intent.category.LAUNCHER] flg=0x10200000 cmp=com.estrongs.android.pop/.view.FileExplorerActivity (has extras)} from uid 10020 on display 0
E/AudioTrack(  824): AudioTrack::set : Exit
D/BluetoothManagerService(  824): Message: 20
D/BluetoothManagerService(  824): Added callback: android.bluetooth.IBluetoothManagerCallback$Stub$Proxy@ac34243:true
W/Atfwd_Sendcmd(  333): AtCmdFwd service not published, waiting... retryCnt : 5
D/am      ( 5320): Refresh storage info done.24
D/OpenGLRenderer( 5320): Render dirty regions requested: true
D/Atlas   ( 5320): Validating map...
D/BluetoothManagerService(  824): checkIfCallerIsForegroundUser: valid=true callingUser=0 foregroundUser=0
I/art     (  824): Explicit concurrent mark sweep GC freed 25065(1372KB) AllocSpace objects, 18(1633KB) LOS objects, 29% free, 37MB/53MB, paused 1.495ms total 90.942ms
I/art     (  824): WaitForGcToComplete blocked for 6.439ms for cause HeapTrim
D/WifiService(  824): New client listening to asynchronous messages
I/Adreno-EGL( 5320): <qeglDrvAPI_eglInitialize:410>: EGL 1.4 QUALCOMM build: AU_LINUX_ANDROID_LA.AF.1.1.04.04.03.164.081_msm8960_LA.AF.1.1__release_AU ()
I/Adreno-EGL( 5320): OpenGL ES Shader Compiler Version: E031.25.01.03
I/Adreno-EGL( 5320): Build Date: 11/02/14 Sun
I/Adreno-EGL( 5320): Local Branch: mybranch5454281
I/Adreno-EGL( 5320): Remote Branch: quic/l_LNX.LA.3.6
I/Adreno-EGL( 5320): Local Patches: NONE
I/Adreno-EGL( 5320): Reconstruct Branch: AU_LINUX_ANDROID_LA.AF.1.1.04.04.03.164.081 + db92d1e + cb8de02 +  NOTHING
I/OpenGLRenderer( 5320): Initialized EGL, version 1.4
D/OpenGLRenderer( 5320): Enabling debug mode 0
I/ActivityManager(  824): Displayed com.estrongs.android.pop/.view.FileExplorerActivity: +1s100ms
W/ResourceType( 5320): No package identifier when getting value for resource number 0x00000000
W/daemonsu( 5969): type=1400 audit(0.0:83): avc: denied { mounton } for path="/storage/emulated/0/Android/obb" dev="fuse" ino=3063965104 scontext=u:r:init:s0 tcontext=u:object_r:fuse:s0 tclass=dir
W/daemonsu( 5969): type=1300 audit(0.0:83): arch=40000028 syscall=21 per=800000 success=yes exit=0 a0=b68fdc9c a1=b6900c9c a2=0 a3=1000 items=2 ppid=460 auid=4294967295 uid=0 gid=1000 euid=0 suid=0 fsuid=0 egid=1000 sgid=1000 fsgid=1000 tty=(none) ses=4294967295 exe="/system/xbin/daemonsu" subj=u:r:init:s0 key=(null)
W/auditd  ( 5168): type=1307 audit(0.0:83): cwd="/"
W/auditd  ( 5168): type=1302 audit(0.0:83): item=0 name="/storage/emulated/0/Android/obb" inode=3063965104 dev=00:12 mode=040775 ouid=0 ogid=1015 rdev=00:00 obj=u:object_r:fuse:s0
W/auditd  ( 5168): type=1302 audit(0.0:83): item=1 name=(null) inode=3063966384 dev=00:12 mode=040775 ouid=0 ogid=1015 rdev=00:00 obj=u:object_r:fuse:s0
W/auditd  ( 5168): type=1320 audit(0.0:83): 
I/WebViewFactory( 5320): Loading com.google.android.webview version 37 (1595010-arm) (code 110901)
I/LibraryLoader( 5320): Loading: webviewchromium
D/AndroidRuntime( 5985): 
D/AndroidRuntime( 5985): >>>>>> AndroidRuntime START com.android.internal.os.RuntimeInit <<<<<<
D/AndroidRuntime( 5985): CheckJNI is OFF
D/AndroidRuntime( 5985): setted country_code = USA
D/AndroidRuntime( 5985): setted countryiso_code = US
D/AndroidRuntime( 5985): setted sales_code = XAR
I/LibraryLoader( 5320): Time to load native libraries: 124 ms (timestamps 8835-8959)
I/LibraryLoader( 5320): Expected native library version number "",actual native library version number ""
V/WebViewChromiumFactoryProvider( 5320): Binding Chromium to main looper Looper (main, tid 1) {1bd107ba}
I/LibraryLoader( 5320): Expected native library version number "",actual native library version number ""
I/chromium( 5320): [INFO:library_loader_hooks.cc(106)] Chromium logging enabled: level = 0, default verbosity = 0
I/BrowserStartupController( 5320): Initializing chromium process, renderers=0
W/art     ( 5320): Attempt to remove local handle scope entry from IRT, ignoring
W/chromium( 5320): [WARNING:resource_bundle.cc(315)] locale_file_path.empty()
I/chromium( 5320): [INFO:aw_browser_main_parts.cc(63)] Load from apk succesful, fd=102 off=43792 len=2945
I/chromium( 5320): [INFO:aw_browser_main_parts.cc(78)] Loading webviewchromium.pak from, fd:104 off:229540 len:643667
D/BluetoothAdapter( 5320): 1010247275: getState() :  mService = null. Returning STATE_OFF
D/StatusBar.NetworkController( 1224): onDataActivity: direction=2
D/StatusBar.NetworkController( 1224): hasService: mServiceState=0 0 home 3 3 23420  UMTS HSPA CSS not supported -1 -1 RoamInd=-1 DefRoamInd=-1 EmergOnly=false retVal=true
D/StatusBar.NetworkController( 1224): refreshViews connected={ data } level=1 combinedSignalIconId=0x7f0201df/com.android.systemui:drawable/stat_sys_signal_1_fully combinedActivityIconId=0x7f0202c4 mobileLabel=3 wifiLabel= emergencyOnly=false combinedLabel=3 mAirplaneMode=false mDataActivity=2 mPhoneSignalIconId=0x7f0201df mQSPhoneSignalIconId=0x7f020098 mDataDirectionIconId=0x7f02012c mDataSignalIconId=0x7f0201df mDataTypeIconId=0x7f02012c mQSDataTypeIconId=0x7f02009f mNoSimIconId=0x0 mWifiIconId=0x7f0202d9 mQSWifiIconId=0x7f0200b4 mBluetoothTetherIconId=0x108069d
D/StatusBar.NetworkController( 1224): changing data overlay icon id to 2130838212
I/Choreographer( 5320): Skipped 32 frames!  The application may be doing too much work on its main thread.
D/AndroidRuntime( 5985): Calling main entry com.android.commands.am.Am
D/StatusBar.NetworkController( 1224): onSignalStrengthsChanged signalStrength=SignalStrength: 4 0 -120 -160 -120 -1 -1 99 2147483647 2147483647 2147483647 2147483647 2147483647 gsm|lte 0x0 level=1
D/StatusBar.NetworkController( 1224): hasService: mServiceState=0 0 home 3 3 23420  UMTS HSPA CSS not supported -1 -1 RoamInd=-1 DefRoamInd=-1 EmergOnly=false retVal=true
D/StatusBar.NetworkController( 1224): updateTelephonySignalStrength: hasService=true ss=SignalStrength: 4 0 -120 -160 -120 -1 -1 99 2147483647 2147483647 2147483647 2147483647 2147483647 gsm|lte 0x0
D/StatusBar.NetworkController( 1224): hasService: mServiceState=0 0 home 3 3 23420  UMTS HSPA CSS not supported -1 -1 RoamInd=-1 DefRoamInd=-1 EmergOnly=false retVal=true
D/StatusBar.NetworkController( 1224): updateTelephonySignalStrength: iconLevel=1
D/StatusBar.NetworkController( 1224): refreshViews connected={ data } level=1 combinedSignalIconId=0x7f0201df/com.android.systemui:drawable/stat_sys_signal_1_fully combinedActivityIconId=0x7f0202c4 mobileLabel=3 wifiLabel= emergencyOnly=false combinedLabel=3 mAirplaneMode=false mDataActivity=2 mPhoneSignalIconId=0x7f0201df mQSPhoneSignalIconId=0x7f020098 mDataDirectionIconId=0x7f02012c mDataSignalIconId=0x7f0201df mDataTypeIconId=0x7f02012c mQSDataTypeIconId=0x7f02009f mNoSimIconId=0x0 mWifiIconId=0x7f0202d9 mQSWifiIconId=0x7f0200b4 mBluetoothTetherIconId=0x108069d
D/InputReader(  824): Input event: value=1 when=99289185000
I/InputReader(  824): Touch event's action is 0x0 (deviceType=0) [pCnt=1, s=0.15 ] when=99289246000
I/InputDispatcher(  824): Delivering touch to: action: 0x4
I/InputDispatcher(  824): Delivering touch to: action: 0x0
D/AndroidRuntime( 5985): Shutting down VM
D/InputReader(  824): Input event: value=0 when=99380371000
I/InputReader(  824): Touch event's action is 0x1 (deviceType=0) [pCnt=1, s=] when=99380371000
I/InputDispatcher(  824): Delivering touch to: action: 0x1
E/AudioTrack(  824): AudioTrack::set : Exit
D/OpenGLRenderer( 5278): Render dirty regions requested: true
D/Atlas   ( 5278): Validating map...
D/PowerManagerService(  824): [api] acquire WakeLock flags=0x2000000a tag=WindowManager uid=1000 pid=824
I/Adreno-EGL( 5278): <qeglDrvAPI_eglInitialize:410>: EGL 1.4 QUALCOMM build: AU_LINUX_ANDROID_LA.AF.1.1.04.04.03.164.081_msm8960_LA.AF.1.1__release_AU ()
I/Adreno-EGL( 5278): OpenGL ES Shader Compiler Version: E031.25.01.03
I/Adreno-EGL( 5278): Build Date: 11/02/14 Sun
I/Adreno-EGL( 5278): Local Branch: mybranch5454281
I/Adreno-EGL( 5278): Remote Branch: quic/l_LNX.LA.3.6
I/Adreno-EGL( 5278): Local Patches: NONE
I/Adreno-EGL( 5278): Reconstruct Branch: AU_LINUX_ANDROID_LA.AF.1.1.04.04.03.164.081 + db92d1e + cb8de02 +  NOTHING
I/OpenGLRenderer( 5278): Initialized EGL, version 1.4
D/OpenGLRenderer( 5278): Enabling debug mode 0
V/RenderScript( 5278): 0xa136f800 Launching thread(s), CPUs 4
V/AlarmManager(  824): waitForAlarm result :8
D/SSRM:j  (  824): SIOP:: AP = 430
D/InputReader(  824): Input event: value=1 when=99865967000
I/InputReader(  824): Touch event's action is 0x0 (deviceType=0) [pCnt=1, s=0.16 ] when=99866150000
I/InputDispatcher(  824): Delivering touch to: action: 0x4
I/InputDispatcher(  824): Delivering touch to: action: 0x0
D/InputReader(  824): Input event: value=0 when=99951263000
I/InputReader(  824): Touch event's action is 0x1 (deviceType=0) [pCnt=1, s=] when=99951263000
I/InputDispatcher(  824): Delivering touch to: action: 0x1
D/StatusBar.NetworkController( 1224): onSignalStrengthsChanged signalStrength=SignalStrength: 4 0 -120 -160 -120 -1 -1 99 2147483647 2147483647 2147483647 2147483647 2147483647 gsm|lte 0x0 level=1
D/StatusBar.NetworkController( 1224): hasService: mServiceState=0 0 home 3 3 23420  UMTS HSPA CSS not supported -1 -1 RoamInd=-1 DefRoamInd=-1 EmergOnly=false retVal=true
D/StatusBar.NetworkController( 1224): updateTelephonySignalStrength: hasService=true ss=SignalStrength: 4 0 -120 -160 -120 -1 -1 99 2147483647 2147483647 2147483647 2147483647 2147483647 gsm|lte 0x0
D/StatusBar.NetworkController( 1224): hasService: mServiceState=0 0 home 3 3 23420  UMTS HSPA CSS not supported -1 -1 RoamInd=-1 DefRoamInd=-1 EmergOnly=false retVal=true
D/StatusBar.NetworkController( 1224): updateTelephonySignalStrength: iconLevel=1
D/StatusBar.NetworkController( 1224): refreshViews connected={ data } level=1 combinedSignalIconId=0x7f0201df/com.android.systemui:drawable/stat_sys_signal_1_fully combinedActivityIconId=0x7f0202c4 mobileLabel=3 wifiLabel= emergencyOnly=false combinedLabel=3 mAirplaneMode=false mDataActivity=2 mPhoneSignalIconId=0x7f0201df mQSPhoneSignalIconId=0x7f020098 mDataDirectionIconId=0x7f02012c mDataSignalIconId=0x7f0201df mDataTypeIconId=0x7f02012c mQSDataTypeIconId=0x7f02009f mNoSimIconId=0x0 mWifiIconId=0x7f0202d9 mQSWifiIconId=0x7f0200b4 mBluetoothTetherIconId=0x108069d
W/View    ( 5320): requestLayout() improperly called by android.widget.CheckBox{25e90f8 IFED.... ......ID 990,28-1056,94 #7f0a00a2 app:id/checkbox} during layout: running second layout pass
W/View    ( 5320): requestLayout() improperly called by android.widget.CheckBox{2a3f79d1 IFED.... ......ID 990,28-1056,94 #7f0a00a2 app:id/checkbox} during layout: running second layout pass
W/View    ( 5320): requestLayout() improperly called by android.widget.CheckBox{1ccabc36 IFED.... ......ID 990,28-1056,94 #7f0a00a2 app:id/checkbox} during layout: running second layout pass
W/View    ( 5320): requestLayout() improperly called by android.widget.CheckBox{f6ec737 IFED.... ......ID 990,28-1056,94 #7f0a00a2 app:id/checkbox} during layout: running second layout pass
W/View    ( 5320): requestLayout() improperly called by android.widget.CheckBox{1e67c4a4 IFED.... ......ID 990,28-1056,94 #7f0a00a2 app:id/checkbox} during layout: running second layout pass
W/View    ( 5320): requestLayout() improperly called by android.widget.CheckBox{af0e20d IFED.... ......ID 990,28-1056,94 #7f0a00a2 app:id/checkbox} during layout: running second layout pass
W/View    ( 5320): requestLayout() improperly called by android.widget.CheckBox{307e65c2 IFED.... ......ID 990,28-1056,94 #7f0a00a2 app:id/checkbox} during layout: running second layout pass
W/View    ( 5320): requestLayout() improperly called by android.widget.CheckBox{1ede9fd3 IFED.... ......ID 990,28-1056,94 #7f0a00a2 app:id/checkbox} during layout: running second layout pass
W/View    ( 5320): requestLayout() improperly called by android.widget.CheckBox{29ae8710 IFED.... ......ID 990,28-1056,94 #7f0a00a2 app:id/checkbox} during layout: running second layout pass
W/View    ( 5320): requestLayout() improperly called by android.widget.CheckBox{32d69209 IFED.... ......ID 990,28-1056,94 #7f0a00a2 app:id/checkbox} during layout: running second layout pass
W/View    ( 5320): requestLayout() improperly called by android.widget.CheckBox{1d11c0e IFED.... ......ID 990,28-1056,94 #7f0a00a2 app:id/checkbox} during layout: running second layout pass
W/View    ( 5320): requestLayout() improperly called by android.widget.CheckBox{3d69662f IFED.... ......ID 990,28-1056,94 #7f0a00a2 app:id/checkbox} during layout: running second layout pass
W/View    ( 5320): requestLayout() improperly called by android.widget.CheckBox{3a5d043c IFED.... ......ID 990,28-1056,94 #7f0a00a2 app:id/checkbox} during layout: running second layout pass
D/StatusBar.NetworkController( 1224): onDataActivity: direction=0
D/StatusBar.NetworkController( 1224): hasService: mServiceState=0 0 home 3 3 23420  UMTS HSPA CSS not supported -1 -1 RoamInd=-1 DefRoamInd=-1 EmergOnly=false retVal=true
D/StatusBar.NetworkController( 1224): refreshViews connected={ data } level=1 combinedSignalIconId=0x7f0201df/com.android.systemui:drawable/stat_sys_signal_1_fully combinedActivityIconId=0x0 mobileLabel=3 wifiLabel= emergencyOnly=false combinedLabel=3 mAirplaneMode=false mDataActivity=0 mPhoneSignalIconId=0x7f0201df mQSPhoneSignalIconId=0x7f020098 mDataDirectionIconId=0x7f02012c mDataSignalIconId=0x7f0201df mDataTypeIconId=0x7f02012c mQSDataTypeIconId=0x7f02009f mNoSimIconId=0x0 mWifiIconId=0x7f0202d9 mQSWifiIconId=0x7f0200b4 mBluetoothTetherIconId=0x108069d
D/StatusBar.NetworkController( 1224): changing data overlay icon id to 0
D/InputReader(  824): Input event: value=1 when=100490356000
I/InputReader(  824): Touch event's action is 0x0 (deviceType=0) [pCnt=1, s=0.17 ] when=100490540000
I/InputDispatcher(  824): Delivering touch to: action: 0x4
I/InputDispatcher(  824): Delivering touch to: action: 0x0
D/TaskPersister(  824): removeObsoleteFile: deleting file=16_task.xml
D/TaskPersister(  824): removeObsoleteFile: deleting file=16_task_thumbnail.png
D/InputReader(  824): Input event: value=0 when=100831970000
I/InputReader(  824): Touch event's action is 0x1 (deviceType=0) [pCnt=1, s=] when=100831970000
I/InputDispatcher(  824): Delivering touch to: action: 0x1
D/StatusBar.NetworkController( 1224): onSignalStrengthsChanged signalStrength=SignalStrength: 3 0 -120 -160 -120 -1 -1 99 2147483647 2147483647 2147483647 2147483647 2147483647 gsm|lte 0x0 level=1
D/StatusBar.NetworkController( 1224): hasService: mServiceState=0 0 home 3 3 23420  UMTS HSPA CSS not supported -1 -1 RoamInd=-1 DefRoamInd=-1 EmergOnly=false retVal=true
D/StatusBar.NetworkController( 1224): updateTelephonySignalStrength: hasService=true ss=SignalStrength: 3 0 -120 -160 -120 -1 -1 99 2147483647 2147483647 2147483647 2147483647 2147483647 gsm|lte 0x0
D/StatusBar.NetworkController( 1224): hasService: mServiceState=0 0 home 3 3 23420  UMTS HSPA CSS not supported -1 -1 RoamInd=-1 DefRoamInd=-1 EmergOnly=false retVal=true
D/StatusBar.NetworkController( 1224): updateTelephonySignalStrength: iconLevel=1
D/StatusBar.NetworkController( 1224): refreshViews connected={ data } level=1 combinedSignalIconId=0x7f0201df/com.android.systemui:drawable/stat_sys_signal_1_fully combinedActivityIconId=0x0 mobileLabel=3 wifiLabel= emergencyOnly=false combinedLabel=3 mAirplaneMode=false mDataActivity=0 mPhoneSignalIconId=0x7f0201df mQSPhoneSignalIconId=0x7f020098 mDataDirectionIconId=0x7f02012c mDataSignalIconId=0x7f0201df mDataTypeIconId=0x7f02012c mQSDataTypeIconId=0x7f02009f mNoSimIconId=0x0 mWifiIconId=0x7f0202d9 mQSWifiIconId=0x7f0200b4 mBluetoothTetherIconId=0x108069d
D/InputReader(  824): Input event: value=1 when=101600952000
I/InputReader(  824): Touch event's action is 0x0 (deviceType=0) [pCnt=1, s=0.18 ] when=101601074000
I/InputDispatcher(  824): Delivering touch to: action: 0x4
I/InputDispatcher(  824): Delivering touch to: action: 0x0
E/ES      ( 5320): SU Check result:true
D/InputReader(  824): Input event: value=0 when=102000610000
I/InputReader(  824): Touch event's action is 0x1 (deviceType=0) [pCnt=1, s=] when=102000610000
I/InputDispatcher(  824): Delivering touch to: action: 0x1
D/PowerManagerService(  824): [api] [s] userActivity : event: 0 flags: 0 (uid: 1000 pid: 824) eventTime = 102028
D/PowerManagerService(  824): [api] release WakeLock flags=0x2000000a tag=WindowManager uid=1000 pid=824 (0x0)
D/PowerManagerService(  824): [api] applyWakeLockFlagsOnReleaseLocked : userActivityNoUpdateLocked is called : SCREEN_BRIGHT_WAKE_LOCK        'WindowManager' ON_AFTER_RELEASE (uid=1000, pid=824, ws=WorkSource{10078})
D/AndroidRuntime( 6068): 
D/AndroidRuntime( 6068): >>>>>> AndroidRuntime START com.android.internal.os.RuntimeInit <<<<<<
D/AndroidRuntime( 6068): CheckJNI is OFF
D/AndroidRuntime( 6068): setted country_code = USA
D/AndroidRuntime( 6068): setted countryiso_code = US
D/AndroidRuntime( 6068): setted sales_code = XAR
D/AndroidRuntime( 6068): Calling main entry com.android.commands.am.Am
D/AndroidRuntime( 6068): Shutting down VM
V/AlarmManager(  824): waitForAlarm result :4
I/wpa_supplicant( 1192): wlan0: CTRL-EVENT-SCAN-STARTED 
D/InputReader(  824): Input event: value=1 when=102851227000
I/InputReader(  824): Touch event's action is 0x0 (deviceType=0) [pCnt=1, s=0.19 ] when=102851318000
I/InputDispatcher(  824): Delivering touch to: action: 0x4
I/InputDispatcher(  824): Delivering touch to: action: 0x0
W/ResourceType( 5320): No package identifier when getting value for resource number 0x00000000
W/ResourceType( 5320): No package identifier when getting value for resource number 0x00000000
W/ResourceType( 5320): No package identifier when getting value for resource number 0x00000000
W/ResourceType( 5320): No package identifier when getting value for resource number 0x00000000
W/ResourceType( 5320): No package identifier when getting value for resource number 0x00000000
W/ResourceType( 5320): No package identifier when getting value for resource number 0x00000000
W/ResourceType( 5320): No package identifier when getting value for resource number 0x00000000
W/ResourceType( 5320): No package identifier when getting value for resource number 0x00000000
W/ResourceType( 5320): No package identifier when getting value for resource number 0x00000000
W/ResourceType( 5320): No package identifier when getting value for resource number 0x00000000
W/ResourceType( 5320): No package identifier when getting value for resource number 0x00000000
W/ResourceType( 5320): No package identifier when getting value for resource number 0x00000000
W/ResourceType( 5320): No package identifier when getting value for resource number 0x00000000
W/ResourceType( 5320): No package identifier when getting value for resource number 0x00000000
W/ResourceType( 5320): No package identifier when getting value for resource number 0x00000000
W/ResourceType( 5320): No package identifier when getting value for resource number 0x00000000
W/ResourceType( 5320): No package identifier when getting value for resource number 0x00000000
W/ResourceType( 5320): No package identifier when getting value for resource number 0x00000000
W/ResourceType( 5320): No package identifier when getting value for resource number 0x00000000
W/ResourceType( 5320): No package identifier when getting value for resource number 0x00000000
W/ResourceType( 5320): No package identifier when getting value for resource number 0x00000000
W/ResourceType( 5320): No package identifier when getting value for resource number 0x00000000
D/InputReader(  824): Input event: value=0 when=102931854000
I/InputReader(  824): Touch event's action is 0x1 (deviceType=0) [pCnt=1, s=] when=102931854000
I/InputDispatcher(  824): Delivering touch to: action: 0x1
E/AudioTrack(  824): AudioTrack::set : Exit
W/View    ( 5320): requestLayout() improperly called by android.widget.CheckBox{325a02f7 IFED.... ......ID 990,28-1056,94 #7f0a00a2 app:id/checkbox} during layout: running second layout pass
W/View    ( 5320): requestLayout() improperly called by android.widget.CheckBox{1f44b564 IFED.... ......ID 990,28-1056,94 #7f0a00a2 app:id/checkbox} during layout: running second layout pass
W/View    ( 5320): requestLayout() improperly called by android.widget.CheckBox{2edde3cd IFED.... ......ID 990,28-1056,94 #7f0a00a2 app:id/checkbox} during layout: running second layout pass
W/View    ( 5320): requestLayout() improperly called by android.widget.CheckBox{d70a482 IFED.... ......ID 990,28-1056,94 #7f0a00a2 app:id/checkbox} during layout: running second layout pass
