D/StatusBar.NetworkController( 1224): refreshViews connected={ data } level=2 combinedSignalIconId=0x7f02021b/com.android.systemui:drawable/stat_sys_signal_2_fully combinedActivityIconId=0x0 mobileLabel=3 wifiLabel= emergencyOnly=false combinedLabel=3 mAirplaneMode=false mDataActivity=0 mPhoneSignalIconId=0x7f02021b mQSPhoneSignalIconId=0x7f020099 mDataDirectionIconId=0x7f02012c mDataSignalIconId=0x7f02021b mDataTypeIconId=0x7f02012c mQSDataTypeIconId=0x7f02009f mNoSimIconId=0x0 mWifiIconId=0x7f0202d9 mQSWifiIconId=0x7f0200b4 mBluetoothTetherIconId=0x108069d
D/StatusBar.NetworkController( 1224): onDataActivity: direction=3
D/StatusBar.NetworkController( 1224): hasService: mServiceState=0 0 home 3 3 23420  UMTS HSPA CSS not supported -1 -1 RoamInd=-1 DefRoamInd=-1 EmergOnly=false retVal=true
D/StatusBar.NetworkController( 1224): refreshViews connected={ data } level=2 combinedSignalIconId=0x7f02021b/com.android.systemui:drawable/stat_sys_signal_2_fully combinedActivityIconId=0x7f0202bf mobileLabel=3 wifiLabel= emergencyOnly=false combinedLabel=3 mAirplaneMode=false mDataActivity=3 mPhoneSignalIconId=0x7f02021b mQSPhoneSignalIconId=0x7f020099 mDataDirectionIconId=0x7f02012c mDataSignalIconId=0x7f02021b mDataTypeIconId=0x7f02012c mQSDataTypeIconId=0x7f02009f mNoSimIconId=0x0 mWifiIconId=0x7f0202d9 mQSWifiIconId=0x7f0200b4 mBluetoothTetherIconId=0x108069d
D/StatusBar.NetworkController( 1224): changing data overlay icon id to 2130838207
D/StatusBar.NetworkController( 1224): onDataActivity: direction=1
D/StatusBar.NetworkController( 1224): hasService: mServiceState=0 0 home 3 3 23420  UMTS HSPA CSS not supported -1 -1 RoamInd=-1 DefRoamInd=-1 EmergOnly=false retVal=true
D/StatusBar.NetworkController( 1224): refreshViews connected={ data } level=2 combinedSignalIconId=0x7f02021b/com.android.systemui:drawable/stat_sys_signal_2_fully combinedActivityIconId=0x7f0202be mobileLabel=3 wifiLabel= emergencyOnly=false combinedLabel=3 mAirplaneMode=false mDataActivity=1 mPhoneSignalIconId=0x7f02021b mQSPhoneSignalIconId=0x7f020099 mDataDirectionIconId=0x7f02012c mDataSignalIconId=0x7f02021b mDataTypeIconId=0x7f02012c mQSDataTypeIconId=0x7f02009f mNoSimIconId=0x0 mWifiIconId=0x7f0202d9 mQSWifiIconId=0x7f0200b4 mBluetoothTetherIconId=0x108069d
D/StatusBar.NetworkController( 1224): changing data overlay icon id to 2130838206
D/InputReader(  824): Input event: value=1 when=125654816000
I/InputReader(  824): Touch event's action is 0x0 (deviceType=0) [pCnt=1, s=0.31 ] when=125655029000
I/InputDispatcher(  824): Delivering touch to: action: 0x4
I/InputDispatcher(  824): Delivering touch to: action: 0x0
D/InputReader(  824): Input event: value=0 when=125732971000
I/InputReader(  824): Touch event's action is 0x1 (deviceType=0) [pCnt=1, s=] when=125732971000
I/InputDispatcher(  824): Delivering touch to: action: 0x1
I/ActivityManager(  824): START u0 {dat=/system/priv-app/Dialer.apk cmp=com.estrongs.android.pop/.app.ShowDialogActivity (has extras)} from uid 10081 on display 0
E/AudioTrack(  824): AudioTrack::set : Exit
W/PackageParser( 5320): No actions in intent filter at /system/priv-app/Dialer.apk Binary XML file line #185
W/ResourceType( 5320): No package identifier when getting value for resource number 0x00000000
I/ActivityManager(  824): Displayed com.estrongs.android.pop/.app.ShowDialogActivity: +228ms
D/StatusBar.NetworkController( 1224): onDataActivity: direction=2
D/StatusBar.NetworkController( 1224): hasService: mServiceState=0 0 home 3 3 23420  UMTS HSPA CSS not supported -1 -1 RoamInd=-1 DefRoamInd=-1 EmergOnly=false retVal=true
D/StatusBar.NetworkController( 1224): refreshViews connected={ data } level=2 combinedSignalIconId=0x7f02021b/com.android.systemui:drawable/stat_sys_signal_2_fully combinedActivityIconId=0x7f0202c4 mobileLabel=3 wifiLabel= emergencyOnly=false combinedLabel=3 mAirplaneMode=false mDataActivity=2 mPhoneSignalIconId=0x7f02021b mQSPhoneSignalIconId=0x7f020099 mDataDirectionIconId=0x7f02012c mDataSignalIconId=0x7f02021b mDataTypeIconId=0x7f02012c mQSDataTypeIconId=0x7f02009f mNoSimIconId=0x0 mWifiIconId=0x7f0202d9 mQSWifiIconId=0x7f0200b4 mBluetoothTetherIconId=0x108069d
D/StatusBar.NetworkController( 1224): changing data overlay icon id to 2130838212
D/InputReader(  824): Input event: value=1 when=126784088000
I/InputReader(  824): Touch event's action is 0x0 (deviceType=0) [pCnt=1, s=0.32 ] when=126784271000
I/InputDispatcher(  824): Delivering touch to: action: 0x4
I/InputDispatcher(  824): Delivering touch to: action: 0x0
D/InputReader(  824): Input event: value=0 when=127098236000
I/InputReader(  824): Touch event's action is 0x1 (deviceType=0) [pCnt=1, s=] when=127098267000
I/InputDispatcher(  824): Delivering touch to: action: 0x1
D/StatusBar.NetworkController( 1224): onSignalStrengthsChanged signalStrength=SignalStrength: 5 0 -120 -160 -120 -1 -1 99 2147483647 2147483647 2147483647 2147483647 2147483647 gsm|lte 0x0 level=2
D/StatusBar.NetworkController( 1224): hasService: mServiceState=0 0 home 3 3 23420  UMTS HSPA CSS not supported -1 -1 RoamInd=-1 DefRoamInd=-1 EmergOnly=false retVal=true
D/StatusBar.NetworkController( 1224): updateTelephonySignalStrength: hasService=true ss=SignalStrength: 5 0 -120 -160 -120 -1 -1 99 2147483647 2147483647 2147483647 2147483647 2147483647 gsm|lte 0x0
D/StatusBar.NetworkController( 1224): hasService: mServiceState=0 0 home 3 3 23420  UMTS HSPA CSS not supported -1 -1 RoamInd=-1 DefRoamInd=-1 EmergOnly=false retVal=true
D/StatusBar.NetworkController( 1224): updateTelephonySignalStrength: iconLevel=2
D/StatusBar.NetworkController( 1224): refreshViews connected={ data } level=2 combinedSignalIconId=0x7f02021b/com.android.systemui:drawable/stat_sys_signal_2_fully combinedActivityIconId=0x7f0202c4 mobileLabel=3 wifiLabel= emergencyOnly=false combinedLabel=3 mAirplaneMode=false mDataActivity=2 mPhoneSignalIconId=0x7f02021b mQSPhoneSignalIconId=0x7f020099 mDataDirectionIconId=0x7f02012c mDataSignalIconId=0x7f02021b mDataTypeIconId=0x7f02012c mQSDataTypeIconId=0x7f02009f mNoSimIconId=0x0 mWifiIconId=0x7f0202d9 mQSWifiIconId=0x7f0200b4 mBluetoothTetherIconId=0x108069d
V/QcrilMsgTunnelSocket( 4922): After reading offset = 0 remaining = 4 countRead = 4
D/QcrilMsgTunnelSocket( 4922): messageLength extracted from first 4 inputStream reads = 29
V/QcrilMsgTunnelSocket( 4922): offset = 0 remaining = 29 countRead = 0
V/QcrilMsgTunnelSocket( 4922): offset = 0 remaining = 29 countRead = 29
D/QcrilMsgTunnelSocket( 4922): readRilMessage: Buffer = [B@1ccc913 HexData = [010000000404000011000000514f454d484f4f4bef0308000100000002]
V/QcrilMsgTunnelSocket( 4922): Read packet: 29 bytes. Data Available = 32 Position = 0
D/QcrilMsgTunnelSocket( 4922): processResponse. message type = 1. Data Available = 28
D/QcrilMsgTunnelSocket( 4922): ByteArray from parcel = 514f454d484f4f4bef0308000100000002
D/QcrilMsgTunnelSocket( 4922): Received RIL_UNSOL_OEM_HOOK_RAW message
D/QcrilMsgTunnelSocket( 4922): Oem ID in RIL_UNSOL_OEM_HOOK_RAW is QOEMHOOK
D/QcrilMsgTunnelSocket( 4922): OEM ID check Passed
D/QcrilMsgTunnelSocket( 4922): Response ID in RIL_UNSOL_OEM_HOOK_RAW is 525295
D/QcrilMsgTunnelSocket( 4922): Response ID 525295is not served in this process.
D/QcrilMsgTunnelSocket( 4922): To broadcast an Intent via the notifier to external apps
V/QcrilMsgTunnelSocket( 4922): Before reading offset = 0 remaining = 4 countRead = 0
D/QcrilMsgTunnelIfaceManager( 4922): handleMessage what=0
D/QcrilMsgTunnelIfaceManager( 4922): Broadcasting intent ACTION_UNSOL_RESPONSE_OEM_HOOK_RAW
E/AudioTrack(  824): AudioTrack::set : Exit
D/StatusBar.NetworkController( 1224): onDataActivity: direction=0
D/StatusBar.NetworkController( 1224): hasService: mServiceState=0 0 home 3 3 23420  UMTS HSPA CSS not supported -1 -1 RoamInd=-1 DefRoamInd=-1 EmergOnly=false retVal=true
D/StatusBar.NetworkController( 1224): refreshViews connected={ data } level=2 combinedSignalIconId=0x7f02021b/com.android.systemui:drawable/stat_sys_signal_2_fully combinedActivityIconId=0x0 mobileLabel=3 wifiLabel= emergencyOnly=false combinedLabel=3 mAirplaneMode=false mDataActivity=0 mPhoneSignalIconId=0x7f02021b mQSPhoneSignalIconId=0x7f020099 mDataDirectionIconId=0x7f02012c mDataSignalIconId=0x7f02021b mDataTypeIconId=0x7f02012c mQSDataTypeIconId=0x7f02009f mNoSimIconId=0x0 mWifiIconId=0x7f0202d9 mQSWifiIconId=0x7f0200b4 mBluetoothTetherIconId=0x108069d
D/StatusBar.NetworkController( 1224): changing data overlay icon id to 0
I/ServiceManager(  333): Waiting for service AtCmdFwd...
I/ActivityManager(  824): START u0 {cmp=com.estrongs.android.pop/.app.OpenRecomm (has extras)} from uid 10081 on display 0
D/AlarmManagerService(  824): Kernel timezone updated to 0 minutes west of GMT
D/StatusBar.NetworkController( 1224): onServiceStateChanged voiceState=0 dataState=0
D/StatusBar.NetworkController( 1224): hasService: mServiceState=0 0 home 3 3 23420  UMTS HSPAP CSS not supported -1 -1 RoamInd=-1 DefRoamInd=-1 EmergOnly=false retVal=true
D/StatusBar.NetworkController( 1224): updateTelephonySignalStrength: hasService=true ss=SignalStrength: 5 0 -120 -160 -120 -1 -1 99 2147483647 2147483647 2147483647 2147483647 2147483647 gsm|lte 0x0
D/StatusBar.NetworkController( 1224): hasService: mServiceState=0 0 home 3 3 23420  UMTS HSPAP CSS not supported -1 -1 RoamInd=-1 DefRoamInd=-1 EmergOnly=false retVal=true
D/StatusBar.NetworkController( 1224): updateTelephonySignalStrength: iconLevel=2
D/StatusBar.NetworkController( 1224): hasService: mServiceState=0 0 home 3 3 23420  UMTS HSPAP CSS not supported -1 -1 RoamInd=-1 DefRoamInd=-1 EmergOnly=false retVal=true
D/StatusBar.NetworkController( 1224): refreshViews connected={ data } level=2 combinedSignalIconId=0x7f02021b/com.android.systemui:drawable/stat_sys_signal_2_fully combinedActivityIconId=0x0 mobileLabel=3 wifiLabel= emergencyOnly=false combinedLabel=3 mAirplaneMode=false mDataActivity=0 mPhoneSignalIconId=0x7f02021b mQSPhoneSignalIconId=0x7f020099 mDataDirectionIconId=0x7f02012c mDataSignalIconId=0x7f02021b mDataTypeIconId=0x7f02012c mQSDataTypeIconId=0x7f02009f mNoSimIconId=0x0 mWifiIconId=0x7f0202d9 mQSWifiIconId=0x7f0200b4 mBluetoothTetherIconId=0x108069d
W/ResourceType( 5320): No package identifier when getting value for resource number 0x00000000
W/PackageManager( 5320): Failure retrieving resources for com.android.packageinstaller: Resource ID #0x0
W/ResourceType( 5320): No package identifier when getting value for resource number 0x00000000
W/PackageManager( 5320): Failure retrieving resources for com.android.packageinstaller: Resource ID #0x0
D/CellBroadcastReceiver( 5030): onReceive Intent { act=android.intent.action.SERVICE_STATE flg=0x10 cmp=com.android.cellbroadcastreceiver/.CellBroadcastReceiver (has extras) }
W/CellBroadcastReceiver( 5030): onReceive() unexpected action android.intent.action.SERVICE_STATE
I/ActivityManager(  824): START u0 {act=android.intent.action.VIEW dat=file:///system/priv-app/Dialer.apk typ=application/vnd.android.package-archive cmp=com.android.packageinstaller/.PackageInstallerActivity} from uid 10081 on display 0
D/ConnectivityService(  824): notifyType CAP_CHANGED for NetworkAgentInfo [MOBILE (HSPA) - 100]
D/ConnectivityService(  824): Setting tx/rx TCP buffers to 122334,734003,2202010,32040,192239,576717
D/ConnectivityManager.CallbackHandler( 1224): CM callback handler got msg 524294
D/Nat464Xlat(  824): requiresClat: netType=0, connected=true, hasIPv4Address=true
D/ConnectivityService(  824): notifyType IP_CHANGED for NetworkAgentInfo [MOBILE (HSPA+) - 100]
D/ConnectivityService(  824): notifyType IP_CHANGED for NetworkAgentInfo [MOBILE (HSPA+) - 100]
D/ConnectivityManager.CallbackHandler( 1224): CM callback handler got msg 524295
D/ConnectivityManager.CallbackHandler( 1224): CM callback handler got msg 524295
D/PhoneApp( 1421): getPhone phoneId:0
D/StatusBar.NetworkController( 1224): onDataConnectionStateChanged: state=2 type=15
D/StatusBar.NetworkController( 1224): hasService: mServiceState=0 0 home 3 3 23420  UMTS HSPAP CSS not supported -1 -1 RoamInd=-1 DefRoamInd=-1 EmergOnly=false retVal=true
D/StatusBar.NetworkController( 1224): refreshViews connected={ data } level=2 combinedSignalIconId=0x7f02021b/com.android.systemui:drawable/stat_sys_signal_2_fully combinedActivityIconId=0x0 mobileLabel=3 wifiLabel= emergencyOnly=false combinedLabel=3 mAirplaneMode=false mDataActivity=0 mPhoneSignalIconId=0x7f02021b mQSPhoneSignalIconId=0x7f020099 mDataDirectionIconId=0x7f02012c mDataSignalIconId=0x7f02021b mDataTypeIconId=0x7f02012d mQSDataTypeIconId=0x7f02009f mNoSimIconId=0x0 mWifiIconId=0x7f0202d9 mQSWifiIconId=0x7f0200b4 mBluetoothTetherIconId=0x108069d
D/PhoneApp( 1421): getPhone phoneId:0
D/DctController( 1421): [DctController] DataStateReceiver: phoneId= 0
D/DctController( 1421): [DctController] DataStateReceiver: STATE_IN_SERVICE Intent from phoneId=0
D/NotificationMgr( 1421): updateNetworkSelection()...state = 0 new network 
D/PhoneApp( 1421): mReceiver: ACTION_ANY_DATA_CONNECTION_STATE_CHANGED
D/PhoneApp( 1421): - state: CONNECTED
D/PhoneApp( 1421): - reason: null
D/NotificationMgr( 1421): hideDataDisconnectedRoaming()...
W/PackageParser( 6133): No actions in intent filter at /system/priv-app/Dialer.apk Binary XML file line #185
D/StatusBar.NetworkController( 1224): onDataActivity: direction=3
D/StatusBar.NetworkController( 1224): hasService: mServiceState=0 0 home 3 3 23420  UMTS HSPAP CSS not supported -1 -1 RoamInd=-1 DefRoamInd=-1 EmergOnly=false retVal=true
D/StatusBar.NetworkController( 1224): refreshViews connected={ data } level=2 combinedSignalIconId=0x7f02021b/com.android.systemui:drawable/stat_sys_signal_2_fully combinedActivityIconId=0x7f0202bf mobileLabel=3 wifiLabel= emergencyOnly=false combinedLabel=3 mAirplaneMode=false mDataActivity=3 mPhoneSignalIconId=0x7f02021b mQSPhoneSignalIconId=0x7f020099 mDataDirectionIconId=0x7f02012c mDataSignalIconId=0x7f02021b mDataTypeIconId=0x7f02012d mQSDataTypeIconId=0x7f02009f mNoSimIconId=0x0 mWifiIconId=0x7f0202d9 mQSWifiIconId=0x7f0200b4 mBluetoothTetherIconId=0x108069d
D/StatusBar.NetworkController( 1224): changing data overlay icon id to 2130838207
D/PhoneApp( 1421): getPhone phoneId:0
D/PhoneApp( 1421): getPhone phoneId:0
D/PhoneApp( 1421): getPhone phoneId:0
I/AppSecurityPermissions( 6133): Ignoring unknown permission:android.permission.READ_PHONE_BLACKLIST
I/AppSecurityPermissions( 6133): Ignoring unknown permission:android.permission.CHANGE_PHONE_BLACKLIST
I/AppSecurityPermissions( 6133): Ignoring unknown permission:com.qualcomm.permission.USE_PHONE_SERVICE
I/ActivityManager(  824): Displayed com.android.packageinstaller/.PackageInstallerActivity: +661ms (total +697ms)
I/ServiceManager(  333): Waiting for service AtCmdFwd...
D/InputReader(  824): Input event: value=1 when=129005859000
I/InputReader(  824): Touch event's action is 0x0 (deviceType=0) [pCnt=1, s=0.33 ] when=129006042000
I/InputDispatcher(  824): Delivering touch to: action: 0x4
I/InputDispatcher(  824): Delivering touch to: action: 0x0
D/InputReader(  824): Input event: value=0 when=129129425000
I/InputReader(  824): Touch event's action is 0x1 (deviceType=0) [pCnt=1, s=] when=129129425000
I/InputDispatcher(  824): Delivering touch to: action: 0x1
E/AudioTrack(  824): AudioTrack::set : Exit
I/ActivityManager(  824): START u0 {dat=file:///system/priv-app/Dialer.apk cmp=com.android.packageinstaller/.InstallAppProgress (has extras)} from uid 10051 on display 0
I/ServiceManager(  333): Waiting for service AtCmdFwd...
W/InstallAppProgress( 6133): Replacing package:com.android.dialer
D/Finsky  ( 5391): [1] PackageVerificationReceiver.onReceive: Verification requested, id = 0
I/ActivityManager(  824): Displayed com.android.packageinstaller/.InstallAppProgress: +182ms
D/Finsky  ( 5391): [1] WorkerTask.onPreExecute: Verification Requested for id = 0, data=file:///system/priv-app/Dialer.apk flags=18 fromVerificationActivity=false
D/OpenGLRenderer( 6133): endAllStagingAnimators on 0xa020a400 (RippleDrawable) with handle 0xae017d90
W/PackageParser( 5391): No actions in intent filter at /system/priv-app/Dialer.apk Binary XML file line #185
V/AlarmManager(  824): waitForAlarm result :8
I/wpa_supplicant( 1192): wlan0: CTRL-EVENT-SCAN-STARTED 
D/SSRM:j  (  824): SIOP:: AP = 410
I/ServiceManager(  333): Waiting for service AtCmdFwd...
D/StatusBar.NetworkController( 1224): onDataActivity: direction=0
D/StatusBar.NetworkController( 1224): hasService: mServiceState=0 0 home 3 3 23420  UMTS HSPAP CSS not supported -1 -1 RoamInd=-1 DefRoamInd=-1 EmergOnly=false retVal=true
D/StatusBar.NetworkController( 1224): refreshViews connected={ data } level=2 combinedSignalIconId=0x7f02021b/com.android.systemui:drawable/stat_sys_signal_2_fully combinedActivityIconId=0x0 mobileLabel=3 wifiLabel= emergencyOnly=false combinedLabel=3 mAirplaneMode=false mDataActivity=0 mPhoneSignalIconId=0x7f02021b mQSPhoneSignalIconId=0x7f020099 mDataDirectionIconId=0x7f02012c mDataSignalIconId=0x7f02021b mDataTypeIconId=0x7f02012d mQSDataTypeIconId=0x7f02009f mNoSimIconId=0x0 mWifiIconId=0x7f0202d9 mQSWifiIconId=0x7f0200b4 mBluetoothTetherIconId=0x108069d
D/StatusBar.NetworkController( 1224): changing data overlay icon id to 0
I/ActivityManager(  824): START u0 {flg=0x50000000 cmp=com.android.vending/com.google.android.vending.verifier.ConsentDialog (has extras)} from uid 10014 on display 0
I/ServiceManager(  333): Waiting for service AtCmdFwd...
D/OpenGLRenderer( 5391): Render dirty regions requested: true
D/Atlas   ( 5391): Validating map...
D/StatusBar.NetworkController( 1224): onDataActivity: direction=3
D/StatusBar.NetworkController( 1224): hasService: mServiceState=0 0 home 3 3 23420  UMTS HSPAP CSS not supported -1 -1 RoamInd=-1 DefRoamInd=-1 EmergOnly=false retVal=true
D/StatusBar.NetworkController( 1224): refreshViews connected={ data } level=2 combinedSignalIconId=0x7f02021b/com.android.systemui:drawable/stat_sys_signal_2_fully combinedActivityIconId=0x7f0202bf mobileLabel=3 wifiLabel= emergencyOnly=false combinedLabel=3 mAirplaneMode=false mDataActivity=3 mPhoneSignalIconId=0x7f02021b mQSPhoneSignalIconId=0x7f020099 mDataDirectionIconId=0x7f02012c mDataSignalIconId=0x7f02021b mDataTypeIconId=0x7f02012d mQSDataTypeIconId=0x7f02009f mNoSimIconId=0x0 mWifiIconId=0x7f0202d9 mQSWifiIconId=0x7f0200b4 mBluetoothTetherIconId=0x108069d
D/StatusBar.NetworkController( 1224): changing data overlay icon id to 2130838207
I/Adreno-EGL( 5391): <qeglDrvAPI_eglInitialize:410>: EGL 1.4 QUALCOMM build: AU_LINUX_ANDROID_LA.AF.1.1.04.04.03.164.081_msm8960_LA.AF.1.1__release_AU ()
I/Adreno-EGL( 5391): OpenGL ES Shader Compiler Version: E031.25.01.03
I/Adreno-EGL( 5391): Build Date: 11/02/14 Sun
I/Adreno-EGL( 5391): Local Branch: mybranch5454281
I/Adreno-EGL( 5391): Remote Branch: quic/l_LNX.LA.3.6
I/Adreno-EGL( 5391): Local Patches: NONE
I/Adreno-EGL( 5391): Reconstruct Branch: AU_LINUX_ANDROID_LA.AF.1.1.04.04.03.164.081 + db92d1e + cb8de02 +  NOTHING
I/OpenGLRenderer( 5391): Initialized EGL, version 1.4
D/OpenGLRenderer( 5391): Enabling debug mode 0
I/ActivityManager(  824): Displayed com.android.vending/com.google.android.vending.verifier.ConsentDialog: +487ms
W/Atfwd_Sendcmd(  333): AtCmdFwd service not published, waiting... retryCnt : 1
D/InputReader(  824): Input event: value=1 when=132800049000
I/InputReader(  824): Touch event's action is 0x0 (deviceType=0) [pCnt=1, s=0.34 ] when=132800140000
I/InputDispatcher(  824): Delivering touch to: action: 0x4
I/InputDispatcher(  824): Delivering touch to: action: 0x0
D/InputReader(  824): Input event: value=0 when=132880493000
I/InputReader(  824): Touch event's action is 0x1 (deviceType=0) [pCnt=1, s=] when=132880493000
I/InputDispatcher(  824): Delivering touch to: action: 0x1
D/Finsky  ( 5391): [1] PackageVerificationService.reportConsentDialog: User consent true for id=0
E/AudioTrack(  824): AudioTrack::set : Exit
D/OpenGLRenderer( 5391): endAllStagingAnimators on 0xafe7b500 (RippleDrawable) with handle 0xaeff1cb0
D/Finsky  ( 5391): [1] 2.onResponse: Verification id=0 response=0
D/Finsky  ( 5391): [1] PackageVerificationReceiver.onReceive: Verification requested, id = 0
D/DefContainer( 5547): Copying /system/priv-app/Dialer.apk to base.apk
W/PackageParser(  824): No actions in intent filter at /data/app/vmdl926619154.tmp/base.apk Binary XML file line #185
D/TaskPersister(  824): removeObsoleteFile: deleting file=24_task_thumbnail.png
I/art     (  824): Background partial concurrent mark sweep GC freed 136200(5MB) AllocSpace objects, 35(4MB) LOS objects, 27% free, 43MB/59MB, paused 2.746ms total 115.447ms
D/PackageManager(  824): Renaming /data/app/vmdl926619154.tmp to /data/app/com.android.dialer-1
I/ActivityManager(  824): Force stopping com.android.dialer appid=10085 user=-1: replace sys pkg
W/PackageManager(  824): Trying to update system app code path from /system/priv-app/Dialer.apk to /data/app/com.android.dialer-1
W/PackageManager(  824): Package couldn't be installed in /data/app/com.android.dialer-1
W/PackageManager(  824): com.android.server.pm.PackageManagerException: Package com.android.dialer requires unavailable shared library com.qualcomm.qti.smartsearch; failing!
W/PackageManager(  824): 	at com.android.server.pm.PackageManagerService.updateSharedLibrariesLPw(PackageManagerService.java)
W/PackageManager(  824): 	at com.android.server.pm.PackageManagerService.scanPackageDirtyLI(PackageManagerService.java)
W/PackageManager(  824): 	at com.android.server.pm.PackageManagerService.scanPackageLI(PackageManagerService.java)
W/PackageManager(  824): 	at com.android.server.pm.PackageManagerService.replaceSystemPackageLI(PackageManagerService.java)
W/PackageManager(  824): 	at com.android.server.pm.PackageManagerService.replacePackageLI(PackageManagerService.java)
W/PackageManager(  824): 	at com.android.server.pm.PackageManagerService.installPackageLI(PackageManagerService.java)
W/PackageManager(  824): 	at com.android.server.pm.PackageManagerService.access$2300(PackageManagerService.java)
W/PackageManager(  824): 	at com.android.server.pm.PackageManagerService$6.run(PackageManagerService.java)
W/PackageManager(  824): 	at android.os.Handler.handleCallback(Handler.java)
W/PackageManager(  824): 	at android.os.Handler.dispatchMessage(Handler.java)
W/PackageManager(  824): 	at android.os.Looper.loop(Looper.java)
W/PackageManager(  824): 	at android.os.HandlerThread.run(HandlerThread.java)
W/PackageManager(  824): 	at com.android.server.ServiceThread.run(ServiceThread.java)
E/PackageManager(  824): Failed to restore original package: Package com.android.dialer requires unavailable shared library com.qualcomm.qti.smartsearch; failing!
I/art     (  824): Explicit concurrent mark sweep GC freed 47194(2MB) AllocSpace objects, 4(331KB) LOS objects, 27% free, 41MB/57MB, paused 1.922ms total 82.916ms
D/InstallAppProgress( 6133): Installation error code: -9
D/StatusBar.NetworkController( 1224): onDataActivity: direction=0
D/StatusBar.NetworkController( 1224): hasService: mServiceState=0 0 home 3 3 23420  UMTS HSPAP CSS not supported -1 -1 RoamInd=-1 DefRoamInd=-1 EmergOnly=false retVal=true
D/StatusBar.NetworkController( 1224): refreshViews connected={ data } level=2 combinedSignalIconId=0x7f02021b/com.android.systemui:drawable/stat_sys_signal_2_fully combinedActivityIconId=0x0 mobileLabel=3 wifiLabel= emergencyOnly=false combinedLabel=3 mAirplaneMode=false mDataActivity=0 mPhoneSignalIconId=0x7f02021b mQSPhoneSignalIconId=0x7f020099 mDataDirectionIconId=0x7f02012c mDataSignalIconId=0x7f02021b mDataTypeIconId=0x7f02012d mQSDataTypeIconId=0x7f02009f mNoSimIconId=0x0 mWifiIconId=0x7f0202d9 mQSWifiIconId=0x7f0200b4 mBluetoothTetherIconId=0x108069d
D/StatusBar.NetworkController( 1224): changing data overlay icon id to 0
I/ServiceManager(  333): Waiting for service AtCmdFwd...
D/InputReader(  824): Input event: value=1 when=137327667000
I/InputReader(  824): Touch event's action is 0x0 (deviceType=0) [pCnt=1, s=0.35 ] when=137327850000
I/InputDispatcher(  824): Delivering touch to: action: 0x4
I/InputDispatcher(  824): Delivering touch to: action: 0x0
D/StatusBar.NetworkController( 1224): onDataActivity: direction=3
D/StatusBar.NetworkController( 1224): hasService: mServiceState=0 0 home 3 3 23420  UMTS HSPAP CSS not supported -1 -1 RoamInd=-1 DefRoamInd=-1 EmergOnly=false retVal=true
D/StatusBar.NetworkController( 1224): refreshViews connected={ data } level=2 combinedSignalIconId=0x7f02021b/com.android.systemui:drawable/stat_sys_signal_2_fully combinedActivityIconId=0x7f0202bf mobileLabel=3 wifiLabel= emergencyOnly=false combinedLabel=3 mAirplaneMode=false mDataActivity=3 mPhoneSignalIconId=0x7f02021b mQSPhoneSignalIconId=0x7f020099 mDataDirectionIconId=0x7f02012c mDataSignalIconId=0x7f02021b mDataTypeIconId=0x7f02012d mQSDataTypeIconId=0x7f02009f mNoSimIconId=0x0 mWifiIconId=0x7f0202d9 mQSWifiIconId=0x7f0200b4 mBluetoothTetherIconId=0x108069d
D/StatusBar.NetworkController( 1224): changing data overlay icon id to 2130838207
D/InputReader(  824): Input event: value=0 when=137426147000
I/InputReader(  824): Touch event's action is 0x1 (deviceType=0) [pCnt=1, s=] when=137426147000
I/InputDispatcher(  824): Delivering touch to: action: 0x1
I/InstallAppProgress( 6133): Finished installing com.android.dialer
E/AudioTrack(  824): AudioTrack::set : Exit
D/OpenGLRenderer( 6133): endAllStagingAnimators on 0xa235b200 (RippleDrawable) with handle 0xa23f1880
I/ServiceManager(  333): Waiting for service AtCmdFwd...
D/InputReader(  824): Input event: value=1 when=138259338000
I/InputReader(  824): Touch event's action is 0x0 (deviceType=0) [pCnt=1, s=0.36 ] when=138259460000
I/InputDispatcher(  824): Delivering touch to: action: 0x0
D/PhoneStatusBar( 1224): disable: < expand ICONS* alerts SYSTEM_INFO* back home recent clock search >
W/MessageQueue( 1224): Handler (android.media.MediaPlayer$EventHandler) {3a33c114} sending message to a Handler on a dead thread
W/MessageQueue( 1224): java.lang.IllegalStateException: Handler (android.media.MediaPlayer$EventHandler) {3a33c114} sending message to a Handler on a dead thread
W/MessageQueue( 1224): 	at android.os.MessageQueue.enqueueMessage(MessageQueue.java)
W/MessageQueue( 1224): 	at android.os.Handler.enqueueMessage(Handler.java)
W/MessageQueue( 1224): 	at android.os.Handler.sendMessageAtTime(Handler.java)
W/MessageQueue( 1224): 	at android.os.Handler.sendMessageDelayed(Handler.java)
W/MessageQueue( 1224): 	at android.os.Handler.sendMessage(Handler.java)
W/MessageQueue( 1224): 	at android.media.MediaPlayer.postEventFromNative(MediaPlayer.java)
D/StatusBar.NetworkController( 1224): onDataActivity: direction=0
D/StatusBar.NetworkController( 1224): hasService: mServiceState=0 0 home 3 3 23420  UMTS HSPAP CSS not supported -1 -1 RoamInd=-1 DefRoamInd=-1 EmergOnly=false retVal=true
D/StatusBar.NetworkController( 1224): refreshViews connected={ data } level=2 combinedSignalIconId=0x7f02021b/com.android.systemui:drawable/stat_sys_signal_2_fully combinedActivityIconId=0x0 mobileLabel=3 wifiLabel= emergencyOnly=false combinedLabel=3 mAirplaneMode=false mDataActivity=0 mPhoneSignalIconId=0x7f02021b mQSPhoneSignalIconId=0x7f020099 mDataDirectionIconId=0x7f02012c mDataSignalIconId=0x7f02021b mDataTypeIconId=0x7f02012d mQSDataTypeIconId=0x7f02009f mNoSimIconId=0x0 mWifiIconId=0x7f0202d9 mQSWifiIconId=0x7f0200b4 mBluetoothTetherIconId=0x108069d
D/StatusBar.NetworkController( 1224): changing data overlay icon id to 0
D/InputReader(  824): Input event: value=0 when=138466827000
I/InputReader(  824): Touch event's action is 0x1 (deviceType=0) [pCnt=1, s=] when=138466827000
I/InputDispatcher(  824): Delivering touch to: action: 0x1
D/BluetoothAdapter( 1224): 1044253264: getState() :  mService = null. Returning STATE_OFF
D/BluetoothAdapter( 1224): 1044253264: getState() :  mService = null. Returning STATE_OFF
D/BluetoothAdapter( 1224): 1044253264: getState() :  mService = null. Returning STATE_OFF
D/BluetoothAdapter( 1224): 1044253264: getState() :  mService = null. Returning STATE_OFF
I/ServiceManager(  333): Waiting for service AtCmdFwd...
D/InputReader(  824): Input event: value=1 when=139461487000
I/InputReader(  824): Touch event's action is 0x0 (deviceType=0) [pCnt=1, s=0.37 ] when=139461670000
I/InputDispatcher(  824): Delivering touch to: action: 0x0
V/AlarmManager(  824): waitForAlarm result :8
D/InputReader(  824): Input event: value=0 when=139882874000
I/InputReader(  824): Touch event's action is 0x1 (deviceType=0) [pCnt=1, s=] when=139882874000
I/InputDispatcher(  824): Delivering touch to: action: 0x1
I/wpa_supplicant( 1192): wlan0: CTRL-EVENT-SCAN-STARTED 
D/SSRM:j  (  824): SIOP:: AP = 430
I/ServiceManager(  333): Waiting for service AtCmdFwd...
V/QcrilMsgTunnelSocket( 4922): After reading offset = 0 remaining = 4 countRead = 4
D/QcrilMsgTunnelSocket( 4922): messageLength extracted from first 4 inputStream reads = 29
V/QcrilMsgTunnelSocket( 4922): offset = 0 remaining = 29 countRead = 0
V/QcrilMsgTunnelSocket( 4922): offset = 0 remaining = 29 countRead = 29
D/QcrilMsgTunnelSocket( 4922): readRilMessage: Buffer = [B@1ccc913 HexData = [010000000404000011000000514f454d484f4f4bef0308000100000002]
V/QcrilMsgTunnelSocket( 4922): Read packet: 29 bytes. Data Available = 32 Position = 0
D/QcrilMsgTunnelSocket( 4922): processResponse. message type = 1. Data Available = 28
D/QcrilMsgTunnelSocket( 4922): ByteArray from parcel = 514f454d484f4f4bef0308000100000002
D/QcrilMsgTunnelSocket( 4922): Received RIL_UNSOL_OEM_HOOK_RAW message
D/QcrilMsgTunnelSocket( 4922): Oem ID in RIL_UNSOL_OEM_HOOK_RAW is QOEMHOOK
D/QcrilMsgTunnelSocket( 4922): OEM ID check Passed
D/QcrilMsgTunnelSocket( 4922): Response ID in RIL_UNSOL_OEM_HOOK_RAW is 525295
D/QcrilMsgTunnelSocket( 4922): Response ID 525295is not served in this process.
D/QcrilMsgTunnelSocket( 4922): To broadcast an Intent via the notifier to external apps
V/QcrilMsgTunnelSocket( 4922): Before reading offset = 0 remaining = 4 countRead = 0
D/QcrilMsgTunnelIfaceManager( 4922): handleMessage what=0
D/QcrilMsgTunnelIfaceManager( 4922): Broadcasting intent ACTION_UNSOL_RESPONSE_OEM_HOOK_RAW
D/StatusBar.NetworkController( 1224): onSignalStrengthsChanged signalStrength=SignalStrength: 5 0 -120 -160 -120 -1 -1 99 2147483647 2147483647 2147483647 2147483647 2147483647 gsm|lte 0x0 level=2
D/StatusBar.NetworkController( 1224): hasService: mServiceState=0 0 home 3 3 23420  UMTS HSPAP CSS not supported -1 -1 RoamInd=-1 DefRoamInd=-1 EmergOnly=false retVal=true
D/StatusBar.NetworkController( 1224): updateTelephonySignalStrength: hasService=true ss=SignalStrength: 5 0 -120 -160 -120 -1 -1 99 2147483647 2147483647 2147483647 2147483647 2147483647 gsm|lte 0x0
D/StatusBar.NetworkController( 1224): hasService: mServiceState=0 0 home 3 3 23420  UMTS HSPAP CSS not supported -1 -1 RoamInd=-1 DefRoamInd=-1 EmergOnly=false retVal=true
D/StatusBar.NetworkController( 1224): updateTelephonySignalStrength: iconLevel=2
D/StatusBar.NetworkController( 1224): refreshViews connected={ data } level=2 combinedSignalIconId=0x7f02021b/com.android.systemui:drawable/stat_sys_signal_2_fully combinedActivityIconId=0x0 mobileLabel=3 wifiLabel= emergencyOnly=false combinedLabel=3 mAirplaneMode=false mDataActivity=0 mPhoneSignalIconId=0x7f02021b mQSPhoneSignalIconId=0x7f020099 mDataDirectionIconId=0x7f02012c mDataSignalIconId=0x7f02021b mDataTypeIconId=0x7f02012d mQSDataTypeIconId=0x7f02009f mNoSimIconId=0x0 mWifiIconId=0x7f0202d9 mQSWifiIconId=0x7f0200b4 mBluetoothTetherIconId=0x108069d
D/AlarmManagerService(  824): Kernel timezone updated to 0 minutes west of GMT
D/StatusBar.NetworkController( 1224): onServiceStateChanged voiceState=0 dataState=0
D/StatusBar.NetworkController( 1224): hasService: mServiceState=0 0 home 3 3 23420  UMTS HSPA CSS not supported -1 -1 RoamInd=-1 DefRoamInd=-1 EmergOnly=false retVal=true
D/StatusBar.NetworkController( 1224): updateTelephonySignalStrength: hasService=true ss=SignalStrength: 5 0 -120 -160 -120 -1 -1 99 2147483647 2147483647 2147483647 2147483647 2147483647 gsm|lte 0x0
D/StatusBar.NetworkController( 1224): hasService: mServiceState=0 0 home 3 3 23420  UMTS HSPA CSS not supported -1 -1 RoamInd=-1 DefRoamInd=-1 EmergOnly=false retVal=true
D/StatusBar.NetworkController( 1224): updateTelephonySignalStrength: iconLevel=2
D/StatusBar.NetworkController( 1224): hasService: mServiceState=0 0 home 3 3 23420  UMTS HSPA CSS not supported -1 -1 RoamInd=-1 DefRoamInd=-1 EmergOnly=false retVal=true
D/StatusBar.NetworkController( 1224): refreshViews connected={ data } level=2 combinedSignalIconId=0x7f02021b/com.android.systemui:drawable/stat_sys_signal_2_fully combinedActivityIconId=0x0 mobileLabel=3 wifiLabel= emergencyOnly=false combinedLabel=3 mAirplaneMode=false mDataActivity=0 mPhoneSignalIconId=0x7f02021b mQSPhoneSignalIconId=0x7f020099 mDataDirectionIconId=0x7f02012c mDataSignalIconId=0x7f02021b mDataTypeIconId=0x7f02012d mQSDataTypeIconId=0x7f02009f mNoSimIconId=0x0 mWifiIconId=0x7f0202d9 mQSWifiIconId=0x7f0200b4 mBluetoothTetherIconId=0x108069d
D/CellBroadcastReceiver( 5030): onReceive Intent { act=android.intent.action.SERVICE_STATE flg=0x10 cmp=com.android.cellbroadcastreceiver/.CellBroadcastReceiver (has extras) }
W/CellBroadcastReceiver( 5030): onReceive() unexpected action android.intent.action.SERVICE_STATE
D/ConnectivityService(  824): notifyType CAP_CHANGED for NetworkAgentInfo [MOBILE (HSPA+) - 100]
D/ConnectivityService(  824): Setting tx/rx TCP buffers to 40778,244668,734003,16777,100663,301990
D/ConnectivityManager.CallbackHandler( 1224): CM callback handler got msg 524294
D/PhoneApp( 1421): getPhone phoneId:0
D/Nat464Xlat(  824): requiresClat: netType=0, connected=true, hasIPv4Address=true
D/ConnectivityService(  824): notifyType IP_CHANGED for NetworkAgentInfo [MOBILE (HSPA) - 100]
D/DctController( 1421): [DctController] DataStateReceiver: phoneId= 0
D/StatusBar.NetworkController( 1224): onDataConnectionStateChanged: state=2 type=10
D/StatusBar.NetworkController( 1224): hasService: mServiceState=0 0 home 3 3 23420  UMTS HSPA CSS not supported -1 -1 RoamInd=-1 DefRoamInd=-1 EmergOnly=false retVal=true
D/DctController( 1421): [DctController] DataStateReceiver: STATE_IN_SERVICE Intent from phoneId=0
D/StatusBar.NetworkController( 1224): refreshViews connected={ data } level=2 combinedSignalIconId=0x7f02021b/com.android.systemui:drawable/stat_sys_signal_2_fully combinedActivityIconId=0x0 mobileLabel=3 wifiLabel= emergencyOnly=false combinedLabel=3 mAirplaneMode=false mDataActivity=0 mPhoneSignalIconId=0x7f02021b mQSPhoneSignalIconId=0x7f020099 mDataDirectionIconId=0x7f02012c mDataSignalIconId=0x7f02021b mDataTypeIconId=0x7f02012c mQSDataTypeIconId=0x7f02009f mNoSimIconId=0x0 mWifiIconId=0x7f0202d9 mQSWifiIconId=0x7f0200b4 mBluetoothTetherIconId=0x108069d
D/NotificationMgr( 1421): updateNetworkSelection()...state = 0 new network 
D/PhoneApp( 1421): mReceiver: ACTION_ANY_DATA_CONNECTION_STATE_CHANGED
D/PhoneApp( 1421): - state: CONNECTED
D/PhoneApp( 1421): - reason: null
D/ConnectivityService(  824): notifyType IP_CHANGED for NetworkAgentInfo [MOBILE (HSPA) - 100]
D/NotificationMgr( 1421): hideDataDisconnectedRoaming()...
D/ConnectivityManager.CallbackHandler( 1224): CM callback handler got msg 524295
D/PhoneApp( 1421): getPhone phoneId:0
D/ConnectivityManager.CallbackHandler( 1224): CM callback handler got msg 524295
D/PhoneApp( 1421): getPhone phoneId:0
D/PhoneApp( 1421): getPhone phoneId:0
D/PhoneApp( 1421): getPhone phoneId:0
D/InputReader(  824): Input event: value=1 when=140640228000
I/InputReader(  824): Touch event's action is 0x0 (deviceType=0) [pCnt=1, s=0.38 ] when=140640320000
I/InputDispatcher(  824): Delivering touch to: action: 0x0
D/StatusBar.NetworkController( 1224): onDataActivity: direction=0
D/StatusBar.NetworkController( 1224): hasService: mServiceState=0 0 home 3 3 23420  UMTS HSPA CSS not supported -1 -1 RoamInd=-1 DefRoamInd=-1 EmergOnly=false retVal=true
D/StatusBar.NetworkController( 1224): refreshViews connected={ data } level=2 combinedSignalIconId=0x7f02021b/com.android.systemui:drawable/stat_sys_signal_2_fully combinedActivityIconId=0x0 mobileLabel=3 wifiLabel= emergencyOnly=false combinedLabel=3 mAirplaneMode=false mDataActivity=0 mPhoneSignalIconId=0x7f02021b mQSPhoneSignalIconId=0x7f020099 mDataDirectionIconId=0x7f02012c mDataSignalIconId=0x7f02021b mDataTypeIconId=0x7f02012c mQSDataTypeIconId=0x7f02009f mNoSimIconId=0x0 mWifiIconId=0x7f0202d9 mQSWifiIconId=0x7f0200b4 mBluetoothTetherIconId=0x108069d
D/InputReader(  824): Input event: value=0 when=140956421000
I/InputReader(  824): Touch event's action is 0x1 (deviceType=0) [pCnt=1, s=] when=140956421000
I/InputDispatcher(  824): Delivering touch to: action: 0x1
I/ServiceManager(  333): Waiting for service AtCmdFwd...
E/NetlinkEvent(  300): NetlinkEvent::FindParam(): Parameter 'TIME_NS' not found
D/StatusBar.NetworkController( 1224): onSignalStrengthsChanged signalStrength=SignalStrength: 4 0 -120 -160 -120 -1 -1 99 2147483647 2147483647 2147483647 2147483647 2147483647 gsm|lte 0x0 level=1
D/StatusBar.NetworkController( 1224): hasService: mServiceState=0 0 home 3 3 23420  UMTS HSPA CSS not supported -1 -1 RoamInd=-1 DefRoamInd=-1 EmergOnly=false retVal=true
D/StatusBar.NetworkController( 1224): updateTelephonySignalStrength: hasService=true ss=SignalStrength: 4 0 -120 -160 -120 -1 -1 99 2147483647 2147483647 2147483647 2147483647 2147483647 gsm|lte 0x0
D/StatusBar.NetworkController( 1224): hasService: mServiceState=0 0 home 3 3 23420  UMTS HSPA CSS not supported -1 -1 RoamInd=-1 DefRoamInd=-1 EmergOnly=false retVal=true
D/StatusBar.NetworkController( 1224): updateTelephonySignalStrength: iconLevel=1
D/StatusBar.NetworkController( 1224): refreshViews connected={ data } level=1 combinedSignalIconId=0x7f0201df/com.android.systemui:drawable/stat_sys_signal_1_fully combinedActivityIconId=0x0 mobileLabel=3 wifiLabel= emergencyOnly=false combinedLabel=3 mAirplaneMode=false mDataActivity=0 mPhoneSignalIconId=0x7f0201df mQSPhoneSignalIconId=0x7f020098 mDataDirectionIconId=0x7f02012c mDataSignalIconId=0x7f0201df mDataTypeIconId=0x7f02012c mQSDataTypeIconId=0x7f02009f mNoSimIconId=0x0 mWifiIconId=0x7f0202d9 mQSWifiIconId=0x7f0200b4 mBluetoothTetherIconId=0x108069d
D/InputReader(  824): Input event: value=1 when=141845642000
I/InputReader(  824): Touch event's action is 0x0 (deviceType=0) [pCnt=1, s=0.39 ] when=141845734000
I/InputDispatcher(  824): Delivering touch to: action: 0x0
D/InputReader(  824): Input event: value=0 when=142000977000
I/InputReader(  824): Touch event's action is 0x1 (deviceType=0) [pCnt=1, s=] when=142000977000
I/InputDispatcher(  824): Delivering touch to: action: 0x1
W/Atfwd_Sendcmd(  333): AtCmdFwd service not published, waiting... retryCnt : 2
D/InputReader(  824): Input event: value=1 when=142528961000
I/InputReader(  824): Touch event's action is 0x0 (deviceType=0) [pCnt=1, s=0.40 ] when=142529053000
I/InputDispatcher(  824): Delivering touch to: action: 0x0
D/InputReader(  824): Input event: value=0 when=142614075000
I/InputReader(  824): Touch event's action is 0x1 (deviceType=0) [pCnt=1, s=] when=142614075000
I/InputDispatcher(  824): Delivering touch to: action: 0x1
E/AudioTrack(  824): AudioTrack::set : Exit
I/ActivityManager(  824): START u0 {act=android.settings.SETTINGS flg=0x14000000 cmp=com.android.settings/.Settings} from uid 10018 on display 0
D/Index   ( 5498): Locale 'en_GB' is already indexed
D/DashboardSummary( 5498): rebuildUI took: 164 ms
D/PhoneStatusBar( 1224): disable: < expand icons* alerts system_info* back home recent clock search >
I/ActivityManager(  824): Displayed com.android.settings/.Settings: +830ms
V/QcrilMsgTunnelSocket( 4922): After reading offset = 0 remaining = 4 countRead = 4
D/QcrilMsgTunnelSocket( 4922): messageLength extracted from first 4 inputStream reads = 29
V/QcrilMsgTunnelSocket( 4922): offset = 0 remaining = 29 countRead = 0
V/QcrilMsgTunnelSocket( 4922): offset = 0 remaining = 29 countRead = 29
D/QcrilMsgTunnelSocket( 4922): readRilMessage: Buffer = [B@1ccc913 HexData = [010000000404000011000000514f454d484f4f4bef0308000100000002]
V/QcrilMsgTunnelSocket( 4922): Read packet: 29 bytes. Data Available = 32 Position = 0
D/QcrilMsgTunnelSocket( 4922): processResponse. message type = 1. Data Available = 28
D/QcrilMsgTunnelSocket( 4922): ByteArray from parcel = 514f454d484f4f4bef0308000100000002
D/QcrilMsgTunnelSocket( 4922): Received RIL_UNSOL_OEM_HOOK_RAW message
D/QcrilMsgTunnelSocket( 4922): Oem ID in RIL_UNSOL_OEM_HOOK_RAW is QOEMHOOK
D/QcrilMsgTunnelSocket( 4922): OEM ID check Passed
D/QcrilMsgTunnelSocket( 4922): Response ID in RIL_UNSOL_OEM_HOOK_RAW is 525295
D/QcrilMsgTunnelSocket( 4922): Response ID 525295is not served in this process.
D/QcrilMsgTunnelSocket( 4922): To broadcast an Intent via the notifier to external apps
V/QcrilMsgTunnelSocket( 4922): Before reading offset = 0 remaining = 4 countRead = 0
D/QcrilMsgTunnelIfaceManager( 4922): handleMessage what=0
D/QcrilMsgTunnelIfaceManager( 4922): Broadcasting intent ACTION_UNSOL_RESPONSE_OEM_HOOK_RAW
D/InputReader(  824): Input event: value=1 when=146018219000
I/InputReader(  824): Touch event's action is 0x0 (deviceType=0) [pCnt=1, s=0.41 ] when=146018402000
I/InputDispatcher(  824): Delivering touch to: action: 0x4
I/InputDispatcher(  824): Delivering touch to: action: 0x0
D/InputReader(  824): Input event: value=0 when=146106476000
I/InputReader(  824): Touch event's action is 0x1 (deviceType=0) [pCnt=1, s=] when=146106476000
I/InputDispatcher(  824): Delivering touch to: action: 0x1
D/InputReader(  824): Input event: value=1 when=146731873000
I/InputReader(  824): Touch event's action is 0x0 (deviceType=0) [pCnt=1, s=0.42 ] when=146732208000
I/InputDispatcher(  824): Delivering touch to: action: 0x4
I/InputDispatcher(  824): Delivering touch to: action: 0x0
D/InputReader(  824): Input event: value=0 when=146823181000
I/InputReader(  824): Touch event's action is 0x1 (deviceType=0) [pCnt=1, s=] when=146823181000
I/InputDispatcher(  824): Delivering touch to: action: 0x1
I/ActivityManager(  824): START u0 {act=android.intent.action.MAIN cmp=com.android.settings/.SubSettings (has extras)} from uid 1000 on display 0
E/AudioTrack(  824): AudioTrack::set : Exit
D/SubSettings( 5498): Launching fragment com.android.settings.DeviceInfoSettings
V/AlarmManager(  824): waitForAlarm result :8
E/NetlinkEvent(  300): NetlinkEvent::FindParam(): Parameter 'TIME_NS' not found
I/ActivityManager(  824): Displayed com.android.settings/.SubSettings: +442ms
D/OpenGLRenderer( 5498): endAllStagingAnimators on 0x9e7cbc80 (RippleDrawable) with handle 0xaf9e8300
D/StatusBar.NetworkController( 1224): onDataActivity: direction=3
D/StatusBar.NetworkController( 1224): hasService: mServiceState=0 0 home 3 3 23420  UMTS HSPA CSS not supported -1 -1 RoamInd=-1 DefRoamInd=-1 EmergOnly=false retVal=true
D/StatusBar.NetworkController( 1224): refreshViews connected={ data } level=1 combinedSignalIconId=0x7f0201df/com.android.systemui:drawable/stat_sys_signal_1_fully combinedActivityIconId=0x7f0202bf mobileLabel=3 wifiLabel= emergencyOnly=false combinedLabel=3 mAirplaneMode=false mDataActivity=3 mPhoneSignalIconId=0x7f0201df mQSPhoneSignalIconId=0x7f020098 mDataDirectionIconId=0x7f02012c mDataSignalIconId=0x7f0201df mDataTypeIconId=0x7f02012c mQSDataTypeIconId=0x7f02009f mNoSimIconId=0x0 mWifiIconId=0x7f0202d9 mQSWifiIconId=0x7f0200b4 mBluetoothTetherIconId=0x108069d
D/StatusBar.NetworkController( 1224): changing data overlay icon id to 2130838207
D/InputReader(  824): Input event: value=1 when=148013672000
I/InputReader(  824): Touch event's action is 0x0 (deviceType=0) [pCnt=1, s=0.43 ] when=148013916000
I/InputDispatcher(  824): Delivering touch to: action: 0x4
I/InputDispatcher(  824): Delivering touch to: action: 0x0
I/wpa_supplicant( 1192): wlan0: CTRL-EVENT-SCAN-STARTED 
D/InputReader(  824): Input event: value=0 when=148202362000
I/InputReader(  824): Touch event's action is 0x1 (deviceType=0) [pCnt=1, s=] when=148202362000
I/InputDispatcher(  824): Delivering touch to: action: 0x1
D/StatusBar.NetworkController( 1224): onDataActivity: direction=0
D/StatusBar.NetworkController( 1224): hasService: mServiceState=0 0 home 3 3 23420  UMTS HSPA CSS not supported -1 -1 RoamInd=-1 DefRoamInd=-1 EmergOnly=false retVal=true
D/StatusBar.NetworkController( 1224): refreshViews connected={ data } level=1 combinedSignalIconId=0x7f0201df/com.android.systemui:drawable/stat_sys_signal_1_fully combinedActivityIconId=0x0 mobileLabel=3 wifiLabel= emergencyOnly=false combinedLabel=3 mAirplaneMode=false mDataActivity=0 mPhoneSignalIconId=0x7f0201df mQSPhoneSignalIconId=0x7f020098 mDataDirectionIconId=0x7f02012c mDataSignalIconId=0x7f0201df mDataTypeIconId=0x7f02012c mQSDataTypeIconId=0x7f02009f mNoSimIconId=0x0 mWifiIconId=0x7f0202d9 mQSWifiIconId=0x7f0200b4 mBluetoothTetherIconId=0x108069d
D/StatusBar.NetworkController( 1224): changing data overlay icon id to 0
D/InputReader(  824): Input event: value=1 when=149498261000
I/InputReader(  824): Touch event's action is 0x0 (deviceType=0) [pCnt=1, s=0.44 ] when=149498444000
I/InputDispatcher(  824): Delivering touch to: action: 0x4
I/InputDispatcher(  824): Delivering touch to: action: 0x0
D/InputReader(  824): Input event: value=0 when=149577789000
I/InputReader(  824): Touch event's action is 0x1 (deviceType=0) [pCnt=1, s=] when=149577789000
I/InputDispatcher(  824): Delivering touch to: action: 0x1
E/AudioTrack(  824): AudioTrack::set : Exit
D/InputReader(  824): Input event: value=1 when=149694672000
I/InputReader(  824): Touch event's action is 0x0 (deviceType=0) [pCnt=1, s=0.45 ] when=149694763000
I/InputDispatcher(  824): Delivering touch to: action: 0x4
I/InputDispatcher(  824): Delivering touch to: action: 0x0
D/InputReader(  824): Input event: value=0 when=149769073000
I/InputReader(  824): Touch event's action is 0x1 (deviceType=0) [pCnt=1, s=] when=149769073000
I/InputDispatcher(  824): Delivering touch to: action: 0x1
V/AlarmManager(  824): waitForAlarm result :8
E/AudioTrack(  824): AudioTrack::set : Exit
D/InputReader(  824): Input event: value=1 when=149855316000
I/InputReader(  824): Touch event's action is 0x0 (deviceType=0) [pCnt=1, s=0.46 ] when=149855408000
I/InputDispatcher(  824): Delivering touch to: action: 0x4
I/InputDispatcher(  824): Delivering touch to: action: 0x0
D/InputReader(  824): Input event: value=0 when=149940674000
I/InputReader(  824): Touch event's action is 0x1 (deviceType=0) [pCnt=1, s=] when=149940704000
I/InputDispatcher(  824): Delivering touch to: action: 0x1
D/SSRM:j  (  824): SIOP:: AP = 410
E/AudioTrack(  824): AudioTrack::set : Exit
D/InputReader(  824): Input event: value=1 when=150058838000
I/InputReader(  824): Touch event's action is 0x0 (deviceType=0) [pCnt=1, s=0.47 ] when=150058899000
I/InputDispatcher(  824): Delivering touch to: action: 0x4
I/InputDispatcher(  824): Delivering touch to: action: 0x0
D/PowerManagerService(  824): [api] acquire WakeLock flags=0x2000000a tag=WindowManager uid=1000 pid=824
V/RenderScript( 5498): 0x99150e00 Launching thread(s), CPUs 4
D/InputReader(  824): Input event: value=0 when=150112091000
I/InputReader(  824): Touch event's action is 0x1 (deviceType=0) [pCnt=1, s=] when=150112091000
I/InputDispatcher(  824): Delivering touch to: action: 0x1
I/NotificationService(  824): cancelToast pkg=com.android.settings callback=android.app.ITransientNotification$Stub$Proxy@24525a08
E/AudioTrack(  824): AudioTrack::set : Exit
D/InputReader(  824): Input event: value=1 when=150251587000
I/InputReader(  824): Touch event's action is 0x0 (deviceType=0) [pCnt=1, s=0.48 ] when=150251678000
I/InputDispatcher(  824): Delivering touch to: action: 0x4
I/InputDispatcher(  824): Delivering touch to: action: 0x0
D/InputReader(  824): Input event: value=0 when=150315613000
I/InputReader(  824): Touch event's action is 0x1 (deviceType=0) [pCnt=1, s=] when=150315613000
I/InputDispatcher(  824): Delivering touch to: action: 0x1
E/AudioTrack(  824): AudioTrack::set : Exit
I/NotificationService(  824): cancelToast pkg=com.android.settings callback=android.app.ITransientNotification$Stub$Proxy@15a44add
D/InputReader(  824): Input event: value=1 when=150433655000
I/InputReader(  824): Touch event's action is 0x0 (deviceType=0) [pCnt=1, s=0.49 ] when=150433746000
I/InputDispatcher(  824): Delivering touch to: action: 0x4
I/InputDispatcher(  824): Delivering touch to: action: 0x0
D/InputReader(  824): Input event: value=0 when=150519287000
I/InputReader(  824): Touch event's action is 0x1 (deviceType=0) [pCnt=1, s=] when=150519287000
I/InputDispatcher(  824): Delivering touch to: action: 0x1
E/AudioTrack(  824): AudioTrack::set : Exit
I/NotificationService(  824): cancelToast pkg=com.android.settings callback=android.app.ITransientNotification$Stub$Proxy@29106220
D/InputReader(  824): Input event: value=1 when=150637299000
I/InputReader(  824): Touch event's action is 0x0 (deviceType=0) [pCnt=1, s=0.50 ] when=150637390000
I/InputDispatcher(  824): Delivering touch to: action: 0x4
I/InputDispatcher(  824): Delivering touch to: action: 0x0
D/InputReader(  824): Input event: value=0 when=150733276000
I/InputReader(  824): Touch event's action is 0x1 (deviceType=0) [pCnt=1, s=] when=150733307000
I/InputDispatcher(  824): Delivering touch to: action: 0x1
E/AudioTrack(  824): AudioTrack::set : Exit
I/NotificationService(  824): cancelToast pkg=com.android.settings callback=android.app.ITransientNotification$Stub$Proxy@2149087f
D/Index   ( 5498): Deleting data for locale 'en_GB' took 1 millis
D/InputReader(  824): Input event: value=1 when=150819244000
I/InputReader(  824): Touch event's action is 0x0 (deviceType=0) [pCnt=1, s=0.51 ] when=150819366000
I/InputDispatcher(  824): Delivering touch to: action: 0x4
I/InputDispatcher(  824): Delivering touch to: action: 0x0
D/StatusBar.NetworkController( 1224): onSignalStrengthsChanged signalStrength=SignalStrength: 4 0 -120 -160 -120 -1 -1 99 2147483647 2147483647 2147483647 2147483647 2147483647 gsm|lte 0x0 level=1
